Component: ARM Compiler 5.06 update 5 (build 528) Tool: armlink [4d35e2]

==============================================================================

Section Cross References

    system_stm32f1xx.o(i.SystemCoreClockUpdate) refers to system_stm32f1xx.o(.data) for .data
    system_stm32f1xx.o(i.SystemCoreClockUpdate) refers to system_stm32f1xx.o(.constdata) for .constdata
    startup_stm32f103xb.o(RESET) refers to startup_stm32f103xb.o(STACK) for __initial_sp
    startup_stm32f103xb.o(RESET) refers to startup_stm32f103xb.o(.text) for Reset_Handler
    startup_stm32f103xb.o(RESET) refers to stm32f1xx_it.o(i.NMI_Handler) for NMI_Handler
    startup_stm32f103xb.o(RESET) refers to stm32f1xx_it.o(i.HardFault_Handler) for HardFault_Handler
    startup_stm32f103xb.o(RESET) refers to stm32f1xx_it.o(i.MemManage_Handler) for MemManage_Handler
    startup_stm32f103xb.o(RESET) refers to stm32f1xx_it.o(i.BusFault_Handler) for BusFault_Handler
    startup_stm32f103xb.o(RESET) refers to stm32f1xx_it.o(i.UsageFault_Handler) for UsageFault_Handler
    startup_stm32f103xb.o(RESET) refers to stm32f1xx_it.o(i.SVC_Handler) for SVC_Handler
    startup_stm32f103xb.o(RESET) refers to stm32f1xx_it.o(i.DebugMon_Handler) for DebugMon_Handler
    startup_stm32f103xb.o(RESET) refers to stm32f1xx_it.o(i.PendSV_Handler) for PendSV_Handler
    startup_stm32f103xb.o(RESET) refers to stm32f1xx_it.o(i.SysTick_Handler) for SysTick_Handler
    startup_stm32f103xb.o(RESET) refers to stm32f1xx_it.o(i.EXTI0_IRQHandler) for EXTI0_IRQHandler
    startup_stm32f103xb.o(RESET) refers to stm32f1xx_it.o(i.DMA1_Channel1_IRQHandler) for DMA1_Channel1_IRQHandler
    startup_stm32f103xb.o(.text) refers to system_stm32f1xx.o(i.SystemInit) for SystemInit
    startup_stm32f103xb.o(.text) refers to entry.o(.ARM.Collect$$$$00000000) for __main
    stm32f1xx_it.o(i.DMA1_Channel1_IRQHandler) refers to stm32f1xx_hal_dma.o(i.HAL_DMA_IRQHandler) for HAL_DMA_IRQHandler
    stm32f1xx_it.o(i.DMA1_Channel1_IRQHandler) refers to main.o(.bss) for hdma_adc1
    stm32f1xx_it.o(i.EXTI0_IRQHandler) refers to stm32f1xx_hal_gpio.o(i.HAL_GPIO_EXTI_IRQHandler) for HAL_GPIO_EXTI_IRQHandler
    stm32f1xx_it.o(i.SysTick_Handler) refers to stm32f1xx_hal.o(i.HAL_IncTick) for HAL_IncTick
    stm32f1xx_it.o(i.SysTick_Handler) refers to stm32f1xx_hal_cortex.o(i.HAL_SYSTICK_IRQHandler) for HAL_SYSTICK_IRQHandler
    main.o(i.HAL_ADC_ConvCpltCallback) refers to ffltui.o(.text) for __aeabi_ui2f
    main.o(i.HAL_ADC_ConvCpltCallback) refers to main.o(.bss) for .bss
    main.o(i.MX_ADC1_Init) refers to stm32f1xx_hal_adc.o(i.HAL_ADC_Init) for HAL_ADC_Init
    main.o(i.MX_ADC1_Init) refers to stm32f1xx_hal_adc.o(i.HAL_ADC_ConfigChannel) for HAL_ADC_ConfigChannel
    main.o(i.MX_ADC1_Init) refers to main.o(.bss) for .bss
    main.o(i.MX_GPIO_Init) refers to stm32f1xx_hal_gpio.o(i.HAL_GPIO_WritePin) for HAL_GPIO_WritePin
    main.o(i.MX_GPIO_Init) refers to stm32f1xx_hal_gpio.o(i.HAL_GPIO_Init) for HAL_GPIO_Init
    main.o(i.MX_GPIO_Init) refers to stm32f1xx_hal_cortex.o(i.HAL_NVIC_SetPriority) for HAL_NVIC_SetPriority
    main.o(i.MX_GPIO_Init) refers to stm32f1xx_hal_cortex.o(i.HAL_NVIC_EnableIRQ) for HAL_NVIC_EnableIRQ
    main.o(i.MX_I2C1_Init) refers to stm32f1xx_hal_i2c.o(i.HAL_I2C_Init) for HAL_I2C_Init
    main.o(i.MX_I2C1_Init) refers to main.o(.bss) for .bss
    main.o(i.MX_TIM1_Init) refers to stm32f1xx_hal_tim.o(i.HAL_TIM_Base_Init) for HAL_TIM_Base_Init
    main.o(i.MX_TIM1_Init) refers to stm32f1xx_hal_tim.o(i.HAL_TIM_ConfigClockSource) for HAL_TIM_ConfigClockSource
    main.o(i.MX_TIM1_Init) refers to stm32f1xx_hal_tim.o(i.HAL_TIM_PWM_Init) for HAL_TIM_PWM_Init
    main.o(i.MX_TIM1_Init) refers to stm32f1xx_hal_tim_ex.o(i.HAL_TIMEx_MasterConfigSynchronization) for HAL_TIMEx_MasterConfigSynchronization
    main.o(i.MX_TIM1_Init) refers to stm32f1xx_hal_tim.o(i.HAL_TIM_PWM_ConfigChannel) for HAL_TIM_PWM_ConfigChannel
    main.o(i.MX_TIM1_Init) refers to stm32f1xx_hal_tim_ex.o(i.HAL_TIMEx_ConfigBreakDeadTime) for HAL_TIMEx_ConfigBreakDeadTime
    main.o(i.MX_TIM1_Init) refers to stm32f1xx_hal_msp.o(i.HAL_TIM_MspPostInit) for HAL_TIM_MspPostInit
    main.o(i.MX_TIM1_Init) refers to main.o(.bss) for .bss
    main.o(i.MX_TIM1_Init) refers to main.o(.data) for .data
    main.o(i.SystemClock_Config) refers to stm32f1xx_hal_rcc.o(i.HAL_RCC_OscConfig) for HAL_RCC_OscConfig
    main.o(i.SystemClock_Config) refers to stm32f1xx_hal_rcc.o(i.HAL_RCC_ClockConfig) for HAL_RCC_ClockConfig
    main.o(i.SystemClock_Config) refers to stm32f1xx_hal_rcc_ex.o(i.HAL_RCCEx_PeriphCLKConfig) for HAL_RCCEx_PeriphCLKConfig
    main.o(i.SystemClock_Config) refers to stm32f1xx_hal_rcc.o(i.HAL_RCC_GetHCLKFreq) for HAL_RCC_GetHCLKFreq
    main.o(i.SystemClock_Config) refers to stm32f1xx_hal_cortex.o(i.HAL_SYSTICK_Config) for HAL_SYSTICK_Config
    main.o(i.SystemClock_Config) refers to stm32f1xx_hal_cortex.o(i.HAL_SYSTICK_CLKSourceConfig) for HAL_SYSTICK_CLKSourceConfig
[...]
    .ARM.Collect$$$$00002712                 0x080000fc   Section        4  entry2.o(.ARM.Collect$$$$00002712)
    __lit__00000000                          0x080000fc   Data           4  entry2.o(.ARM.Collect$$$$00002712)
    .text                                    0x08000100   Section       36  startup_stm32f103xb.o(.text)
    .text                                    0x08000124   Section        0  llushr.o(.text)
    .text                                    0x08000144   Section        0  fadd.o(.text)
    .text                                    0x080001f4   Section        0  fmul.o(.text)
    .text                                    0x08000258   Section        0  fdiv.o(.text)
    .text                                    0x080002d4   Section        0  dadd.o(.text)
    .text                                    0x08000422   Section        0  dmul.o(.text)
    .text                                    0x08000506   Section        0  ddiv.o(.text)
    .text                                    0x080005e4   Section        0  dscalb.o(.text)
    .text                                    0x08000612   Section        0  fflti.o(.text)
    .text                                    0x08000624   Section        0  ffltui.o(.text)
    .text                                    0x0800062e   Section        0  dfltui.o(.text)
    .text                                    0x08000648   Section        0  ffixi.o(.text)
    .text                                    0x0800067a   Section        0  dfixui.o(.text)
    .text                                    0x080006ac   Section        0  f2d.o(.text)
    .text                                    0x080006d4   Section       48  cdrcmple.o(.text)
    .text                                    0x08000704   Section        0  d2f.o(.text)
    .text                                    0x0800073c   Section        0  uidiv.o(.text)
    .text                                    0x08000768   Section        0  uldiv.o(.text)
    .text                                    0x080007ca   Section        0  llshl.o(.text)
    .text                                    0x080007e8   Section        0  llsshr.o(.text)
    .text                                    0x0800080c   Section        0  iusefp.o(.text)
    .text                                    0x0800080c   Section        0  fepilogue.o(.text)
    .text                                    0x0800087a   Section        0  depilogue.o(.text)
    .text                                    0x08000934   Section        0  dsqrt.o(.text)
    .text                                    0x080009d6   Section        0  dfixul.o(.text)
    .text                                    0x08000a08   Section       36  init.o(.text)
    .text                                    0x08000a2c   Section        0  __dczerorl2.o(.text)
    i.ADC_ConversionStop_Disable             0x08000a82   Section        0  stm32f1xx_hal_adc.o(i.ADC_ConversionStop_Disable)
    i.ADC_DMAConvCplt                        0x08000acc   Section        0  stm32f1xx_hal_adc.o(i.ADC_DMAConvCplt)
    i.ADC_DMAError                           0x08000b1a   Section        0  stm32f1xx_hal_adc.o(i.ADC_DMAError)
    i.ADC_DMAHalfConvCplt                    0x08000b34   Section        0  stm32f1xx_hal_adc.o(i.ADC_DMAHalfConvCplt)
    i.ADC_Enable                             0x08000b40   Section        0  stm32f1xx_hal_adc.o(i.ADC_Enable)
    i.BusFault_Handler                       0x08000bb0   Section        0  stm32f1xx_it.o(i.BusFault_Handler)
    i.Charge                                 0x08000bb4   Section        0  vape.o(i.Charge)
    i.Counter_Fire                           0x08000c74   Section        0  vape.o(i.Counter_Fire)
    i.DMA1_Channel1_IRQHandler               0x08000c9c   Section        0  stm32f1xx_it.o(i.DMA1_Channel1_IRQHandler)
    i.DMA_SetConfig                          0x08000ca8   Section        0  stm32f1xx_hal_dma.o(i.DMA_SetConfig)
    DMA_SetConfig                            0x08000ca9   Thumb Code    42  stm32f1xx_hal_dma.o(i.DMA_SetConfig)
    i.DebugMon_Handler                       0x08000cd2   Section        0  stm32f1xx_it.o(i.DebugMon_Handler)
    i.Draw_Acumulator                        0x08000cd4   Section        0  vape.o(i.Draw_Acumulator)
    i.Draw_Frame2                            0x08000d3c   Section        0  vape.o(i.Draw_Frame2)
    i.EE_Format                              0x08000d88   Section        0  eeprom.o(i.EE_Format)
    i.EE_Read                                0x08000dc8   Section        0  eeprom.o(i.EE_Read)
    i.EE_Reads                               0x08000de4   Section        0  eeprom.o(i.EE_Reads)
    i.EE_Write                               0x08000e10   Section        0  eeprom.o(i.EE_Write)
    i.EXTI0_IRQHandler                       0x08000e98   Section        0  stm32f1xx_it.o(i.EXTI0_IRQHandler)
    i.FLASH_MassErase                        0x08000ea0   Section        0  stm32f1xx_hal_flash_ex.o(i.FLASH_MassErase)
    FLASH_MassErase                          0x08000ea1   Thumb Code    26  stm32f1xx_hal_flash_ex.o(i.FLASH_MassErase)
    i.FLASH_PageErase                        0x08000ec4   Section        0  stm32f1xx_hal_flash_ex.o(i.FLASH_PageErase)
    i.FLASH_Program_HalfWord                 0x08000ee8   Section        0  stm32f1xx_hal_flash.o(i.FLASH_Program_HalfWord)
    FLASH_Program_HalfWord                   0x08000ee9   Thumb Code    20  stm32f1xx_hal_flash.o(i.FLASH_Program_HalfWord)
    i.FLASH_SetErrorCode                     0x08000f04   Section        0  stm32f1xx_hal_flash.o(i.FLASH_SetErrorCode)
    FLASH_SetErrorCode                       0x08000f05   Thumb Code    84  stm32f1xx_hal_flash.o(i.FLASH_SetErrorCode)
    i.FLASH_WaitForLastOperation             0x08000f60   Section        0  stm32f1xx_hal_flash.o(i.FLASH_WaitForLastOperation)
    i.Get_Volt                               0x08000fb4   Section        0  vape.o(i.Get_Volt)
    i.Get_Watt                               0x08000ff4   Section        0  vape.o(i.Get_Watt)
    i.HAL_ADC_ConfigChannel                  0x08001034   Section        0  stm32f1xx_hal_adc.o(i.HAL_ADC_ConfigChannel)
    i.HAL_ADC_ConvCpltCallback               0x08001130   Section        0  main.o(i.HAL_ADC_ConvCpltCallback)
    i.HAL_ADC_ConvHalfCpltCallback           0x08001160   Section        0  stm32f1xx_hal_adc.o(i.HAL_ADC_ConvHalfCpltCallback)
    i.HAL_ADC_ErrorCallback                  0x08001162   Section        0  stm32f1xx_hal_adc.o(i.HAL_ADC_ErrorCallback)
    i.HAL_ADC_Init                           0x08001164   Section        0  stm32f1xx_hal_adc.o(i.HAL_ADC_Init)
    i.HAL_ADC_MspInit                        0x08001280   Section        0  stm32f1xx_hal_msp.o(i.HAL_ADC_MspInit)
    i.HAL_ADC_Start_DMA                      0x08001318   Section        0  stm32f1xx_hal_adc.o(i.HAL_ADC_Start_DMA)
    i.HAL_DMA_IRQHandler                     0x08001424   Section        0  stm32f1xx_hal_dma.o(i.HAL_DMA_IRQHandler)
    i.HAL_DMA_Init                           0x0800157c   Section        0  stm32f1xx_hal_dma.o(i.HAL_DMA_Init)
    i.HAL_DMA_Start_IT                       0x080015e0   Section        0  stm32f1xx_hal_dma.o(i.HAL_DMA_Start_IT)
    i.HAL_Delay                              0x08001650   Section        0  stm32f1xx_hal.o(i.HAL_Delay)
    i.HAL_FLASHEx_Erase                      0x0800166c   Section        0  stm32f1xx_hal_flash_ex.o(i.HAL_FLASHEx_Erase)
    i.HAL_FLASH_Lock                         0x08001714   Section        0  stm32f1xx_hal_flash.o(i.HAL_FLASH_Lock)
    i.HAL_FLASH_Program                      0x08001728   Section        0  stm32f1xx_hal_flash.o(i.HAL_FLASH_Program)
    i.HAL_FLASH_Unlock                       0x080017ac   Section        0  stm32f1xx_hal_flash.o(i.HAL_FLASH_Unlock)
    i.HAL_GPIO_EXTI_Callback                 0x080017d0   Section        0  stm32f1xx_hal_gpio.o(i.HAL_GPIO_EXTI_Callback)
    i.HAL_GPIO_EXTI_IRQHandler               0x080017d4   Section        0  stm32f1xx_hal_gpio.o(i.HAL_GPIO_EXTI_IRQHandler)
    i.HAL_GPIO_Init                          0x080017ec   Section        0  stm32f1xx_hal_gpio.o(i.HAL_GPIO_Init)
    i.HAL_GPIO_ReadPin                       0x080019b4   Section        0  stm32f1xx_hal_gpio.o(i.HAL_GPIO_ReadPin)
    i.HAL_GPIO_WritePin                      0x080019be   Section        0  stm32f1xx_hal_gpio.o(i.HAL_GPIO_WritePin)
    i.HAL_GetTick                            0x080019c8   Section        0  stm32f1xx_hal.o(i.HAL_GetTick)
    i.HAL_I2C_Init                           0x080019d4   Section        0  stm32f1xx_hal_i2c.o(i.HAL_I2C_Init)
    i.HAL_I2C_Mem_Write                      0x08001adc   Section        0  stm32f1xx_hal_i2c.o(i.HAL_I2C_Mem_Write)
    i.HAL_I2C_MspInit                        0x08001c18   Section        0  stm32f1xx_hal_msp.o(i.HAL_I2C_MspInit)
    i.HAL_IncTick                            0x08001c5c   Section        0  stm32f1xx_hal.o(i.HAL_IncTick)
    i.HAL_Init                               0x08001c6c   Section        0  stm32f1xx_hal.o(i.HAL_Init)
    i.HAL_InitTick                           0x08001c90   Section        0  stm32f1xx_hal.o(i.HAL_InitTick)
    i.HAL_MspInit                            0x08001cb8   Section        0  stm32f1xx_hal_msp.o(i.HAL_MspInit)
    i.HAL_NVIC_EnableIRQ                     0x08001d3c   Section        0  stm32f1xx_hal_cortex.o(i.HAL_NVIC_EnableIRQ)
    i.HAL_NVIC_SetPriority                   0x08001d54   Section        0  stm32f1xx_hal_cortex.o(i.HAL_NVIC_SetPriority)
    i.HAL_NVIC_SetPriorityGrouping           0x08001d94   Section        0  stm32f1xx_hal_cortex.o(i.HAL_NVIC_SetPriorityGrouping)
    i.HAL_PWR_EnterSTANDBYMode               0x08001db8   Section        0  stm32f1xx_hal_pwr.o(i.HAL_PWR_EnterSTANDBYMode)
    i.HAL_RCCEx_PeriphCLKConfig              0x08001dd8   Section        0  stm32f1xx_hal_rcc_ex.o(i.HAL_RCCEx_PeriphCLKConfig)
    i.HAL_RCC_ClockConfig                    0x08001ec0   Section        0  stm32f1xx_hal_rcc.o(i.HAL_RCC_ClockConfig)
    i.HAL_RCC_GetHCLKFreq                    0x0800200c   Section        0  stm32f1xx_hal_rcc.o(i.HAL_RCC_GetHCLKFreq)
    i.HAL_RCC_GetPCLK1Freq                   0x08002018   Section        0  stm32f1xx_hal_rcc.o(i.HAL_RCC_GetPCLK1Freq)
    i.HAL_RCC_GetSysClockFreq                0x08002038   Section        0  stm32f1xx_hal_rcc.o(i.HAL_RCC_GetSysClockFreq)
    i.HAL_RCC_OscConfig                      0x080020a8   Section        0  stm32f1xx_hal_rcc.o(i.HAL_RCC_OscConfig)
    i.HAL_SYSTICK_CLKSourceConfig            0x080023a0   Section        0  stm32f1xx_hal_cortex.o(i.HAL_SYSTICK_CLKSourceConfig)
    i.HAL_SYSTICK_Callback                   0x080023b8   Section        0  stm32f1xx_hal_cortex.o(i.HAL_SYSTICK_Callback)
    i.HAL_SYSTICK_Config                     0x080023ba   Section        0  stm32f1xx_hal_cortex.o(i.HAL_SYSTICK_Config)
    i.HAL_SYSTICK_IRQHandler                 0x080023e2   Section        0  stm32f1xx_hal_cortex.o(i.HAL_SYSTICK_IRQHandler)
    i.HAL_TIMEx_ConfigBreakDeadTime          0x080023ea   Section        0  stm32f1xx_hal_tim_ex.o(i.HAL_TIMEx_ConfigBreakDeadTime)
    i.HAL_TIMEx_MasterConfigSynchronization  0x08002444   Section        0  stm32f1xx_hal_tim_ex.o(i.HAL_TIMEx_MasterConfigSynchronization)
    i.HAL_TIM_Base_Init                      0x08002494   Section        0  stm32f1xx_hal_tim.o(i.HAL_TIM_Base_Init)
    i.HAL_TIM_Base_MspInit                   0x080024cc   Section        0  stm32f1xx_hal_msp.o(i.HAL_TIM_Base_MspInit)
    i.HAL_TIM_ConfigClockSource              0x080024f4   Section        0  stm32f1xx_hal_tim.o(i.HAL_TIM_ConfigClockSource)
    i.HAL_TIM_MspPostInit                    0x080025e4   Section        0  stm32f1xx_hal_msp.o(i.HAL_TIM_MspPostInit)
    i.HAL_TIM_PWM_ConfigChannel              0x0800260c   Section        0  stm32f1xx_hal_tim.o(i.HAL_TIM_PWM_ConfigChannel)
    i.HAL_TIM_PWM_Init                       0x080026dc   Section        0  stm32f1xx_hal_tim.o(i.HAL_TIM_PWM_Init)
    i.HAL_TIM_PWM_MspInit                    0x08002712   Section        0  stm32f1xx_hal_tim.o(i.HAL_TIM_PWM_MspInit)
    i.HAL_TIM_PWM_Start                      0x08002714   Section        0  stm32f1xx_hal_tim.o(i.HAL_TIM_PWM_Start)
    i.HardFault_Handler                      0x08002744   Section        0  stm32f1xx_it.o(i.HardFault_Handler)
    i.I2C_IsAcknowledgeFailed                0x08002746   Section        0  stm32f1xx_hal_i2c.o(i.I2C_IsAcknowledgeFailed)
    I2C_IsAcknowledgeFailed                  0x08002747   Thumb Code    40  stm32f1xx_hal_i2c.o(i.I2C_IsAcknowledgeFailed)
    i.I2C_RequestMemoryWrite                 0x08002770   Section        0  stm32f1xx_hal_i2c.o(i.I2C_RequestMemoryWrite)
    I2C_RequestMemoryWrite                   0x08002771   Thumb Code   156  stm32f1xx_hal_i2c.o(i.I2C_RequestMemoryWrite)
    i.I2C_WaitOnBTFFlagUntilTimeout          0x08002810   Section        0  stm32f1xx_hal_i2c.o(i.I2C_WaitOnBTFFlagUntilTimeout)
    I2C_WaitOnBTFFlagUntilTimeout            0x08002811   Thumb Code    78  stm32f1xx_hal_i2c.o(i.I2C_WaitOnBTFFlagUntilTimeout)
    i.I2C_WaitOnFlagUntilTimeout             0x0800285e   Section        0  stm32f1xx_hal_i2c.o(i.I2C_WaitOnFlagUntilTimeout)
    I2C_WaitOnFlagUntilTimeout               0x0800285f   Thumb Code    96  stm32f1xx_hal_i2c.o(i.I2C_WaitOnFlagUntilTimeout)
    i.I2C_WaitOnMasterAddressFlagUntilTimeout 0x080028be   Section        0  stm32f1xx_hal_i2c.o(i.I2C_WaitOnMasterAddressFlagUntilTimeout)
    I2C_WaitOnMasterAddressFlagUntilTimeout  0x080028bf   Thumb Code   134  stm32f1xx_hal_i2c.o(i.I2C_WaitOnMasterAddressFlagUntilTimeout)
    i.I2C_WaitOnTXEFlagUntilTimeout          0x08002944   Section        0  stm32f1xx_hal_i2c.o(i.I2C_WaitOnTXEFlagUntilTimeout)
    I2C_WaitOnTXEFlagUntilTimeout            0x08002945   Thumb Code    78  stm32f1xx_hal_i2c.o(i.I2C_WaitOnTXEFlagUntilTimeout)
    i.Kalman                                 0x08002994   Section        0  vape.o(i.Kalman)
    i.MX_ADC1_Init                           0x080029cc   Section        0  main.o(i.MX_ADC1_Init)
    MX_ADC1_Init                             0x080029cd   Thumb Code   104  main.o(i.MX_ADC1_Init)
    i.MX_GPIO_Init                           0x08002a3c   Section        0  main.o(i.MX_GPIO_Init)
    MX_GPIO_Init                             0x08002a3d   Thumb Code   144  main.o(i.MX_GPIO_Init)
    i.MX_I2C1_Init                           0x08002adc   Section        0  main.o(i.MX_I2C1_Init)
    MX_I2C1_Init                             0x08002add   Thumb Code    44  main.o(i.MX_I2C1_Init)
    i.MX_TIM1_Init                           0x08002b14   Section        0  main.o(i.MX_TIM1_Init)
    MX_TIM1_Init                             0x08002b15   Thumb Code   152  main.o(i.MX_TIM1_Init)
    i.MemManage_Handler                      0x08002bb8   Section        0  stm32f1xx_it.o(i.MemManage_Handler)
    i.Menu                                   0x08002bbc   Section        0  vape.o(i.Menu)
    i.Menu_settings                          0x08002d6c   Section        0  vape.o(i.Menu_settings)
    i.NMI_Handler                            0x08002eec   Section        0  stm32f1xx_it.o(i.NMI_Handler)
    i.NVIC_SetPriority                       0x08002eee   Section        0  stm32f1xx_hal_cortex.o(i.NVIC_SetPriority)
    NVIC_SetPriority                         0x08002eef   Thumb Code    32  stm32f1xx_hal_cortex.o(i.NVIC_SetPriority)
    i.NoCoil                                 0x08002f10   Section        0  vape.o(i.NoCoil)
    i.PendSV_Handler                         0x08002f38   Section        0  stm32f1xx_it.o(i.PendSV_Handler)
    i.PowerOn                                0x08002f3c   Section        0  vape.o(i.PowerOn)
    i.Power_off                              0x08003014   Section        0  vape.o(i.Power_off)
    i.Power_off2                             0x080030c8   Section        0  vape.o(i.Power_off2)
    i.Print_Acum                             0x080030f0   Section        0  vape.o(i.Print_Acum)
    i.Print_Acum_charge                      0x080032e0   Section        0  vape.o(i.Print_Acum_charge)
    i.Print_Om                               0x08003b30   Section        0  vape.o(i.Print_Om)
    i.Read_ADC                               0x08003b54   Section        0  vape.o(i.Read_ADC)
    i.Read_Amp                               0x08003bf8   Section        0  vape.o(i.Read_Amp)
    i.Read_Om_t                              0x08003c50   Section        0  vape.o(i.Read_Om_t)
    i.Read_temperature                       0x08003ce4   Section        0  vape.o(i.Read_temperature)
    i.SSD1306_DrawFilledRectangle            0x08003d84   Section        0  ssd1306.o(i.SSD1306_DrawFilledRectangle)
    i.SSD1306_DrawLine                       0x08003dda   Section        0  ssd1306.o(i.SSD1306_DrawLine)
    i.SSD1306_DrawRectangle                  0x08003edc   Section        0  ssd1306.o(i.SSD1306_DrawRectangle)
    i.SSD1306_OFF                            0x08003f50   Section        0  ssd1306.o(i.SSD1306_OFF)
    i.SVC_Handler                            0x08003f68   Section        0  stm32f1xx_it.o(i.SVC_Handler)
    i.Set_Time_Out                           0x08003f6c   Section        0  vape.o(i.Set_Time_Out)
    i.SysTick_Handler                        0x08004018   Section        0  stm32f1xx_it.o(i.SysTick_Handler)
    i.SystemClock_Config                     0x08004026   Section        0  main.o(i.SystemClock_Config)
    i.SystemInit                             0x080040a4   Section        0  system_stm32f1xx.o(i.SystemInit)
    i.TIM_Base_SetConfig                     0x080040ec   Section        0  stm32f1xx_hal_tim.o(i.TIM_Base_SetConfig)
    i.TIM_CCxChannelCmd                      0x08004158   Section        0  stm32f1xx_hal_tim.o(i.TIM_CCxChannelCmd)
    i.TIM_ETR_SetConfig                      0x0800416e   Section        0  stm32f1xx_hal_tim.o(i.TIM_ETR_SetConfig)
    TIM_ETR_SetConfig                        0x0800416f   Thumb Code    20  stm32f1xx_hal_tim.o(i.TIM_ETR_SetConfig)
    i.TIM_ITRx_SetConfig                     0x08004182   Section        0  stm32f1xx_hal_tim.o(i.TIM_ITRx_SetConfig)
    TIM_ITRx_SetConfig                       0x08004183   Thumb Code    16  stm32f1xx_hal_tim.o(i.TIM_ITRx_SetConfig)
    i.TIM_OC1_SetConfig                      0x08004194   Section        0  stm32f1xx_hal_tim.o(i.TIM_OC1_SetConfig)
    TIM_OC1_SetConfig                        0x08004195   Thumb Code    82  stm32f1xx_hal_tim.o(i.TIM_OC1_SetConfig)
    i.TIM_OC2_SetConfig                      0x080041ec   Section        0  stm32f1xx_hal_tim.o(i.TIM_OC2_SetConfig)
    i.TIM_OC3_SetConfig                      0x08004248   Section        0  stm32f1xx_hal_tim.o(i.TIM_OC3_SetConfig)
    TIM_OC3_SetConfig                        0x08004249   Thumb Code    84  stm32f1xx_hal_tim.o(i.TIM_OC3_SetConfig)
    i.TIM_OC4_SetConfig                      0x080042a0   Section        0  stm32f1xx_hal_tim.o(i.TIM_OC4_SetConfig)
    TIM_OC4_SetConfig                        0x080042a1   Thumb Code    64  stm32f1xx_hal_tim.o(i.TIM_OC4_SetConfig)
    i.TIM_TI1_ConfigInputStage               0x080042e4   Section        0  stm32f1xx_hal_tim.o(i.TIM_TI1_ConfigInputStage)
    TIM_TI1_ConfigInputStage                 0x080042e5   Thumb Code    34  stm32f1xx_hal_tim.o(i.TIM_TI1_ConfigInputStage)
    i.TIM_TI2_ConfigInputStage               0x08004306   Section        0  stm32f1xx_hal_tim.o(i.TIM_TI2_ConfigInputStage)
    TIM_TI2_ConfigInputStage                 0x08004307   Thumb Code    36  stm32f1xx_hal_tim.o(i.TIM_TI2_ConfigInputStage)
    i.Timer_off                              0x0800432c   Section        0  vape.o(i.Timer_off)
    i.UsageFault_Handler                     0x08004354   Section        0  stm32f1xx_it.o(i.UsageFault_Handler)
    i.Varivatt                               0x08004358   Section        0  vape.o(i.Varivatt)
    i.Varivolt                               0x08004608   Section        0  vape.o(i.Varivolt)
    i.Vout                                   0x08004864   Section        0  main.o(i.Vout)
    i._Error_Handler                         0x080048a8   Section        0  main.o(i._Error_Handler)
    i.__0sprintf                             0x080048ac   Section        0  printfa.o(i.__0sprintf)
    i.__scatterload_copy                     0x080048d4   Section       14  handlers.o(i.__scatterload_copy)
    i.__scatterload_null                     0x080048e2   Section        2  handlers.o(i.__scatterload_null)
    i.__scatterload_zeroinit                 0x080048e4   Section       14  handlers.o(i.__scatterload_zeroinit)
    i.__set_errno                            0x080048f4   Section        0  errno.o(i.__set_errno)
    i._fp_digits                             0x08004900   Section        0  printfa.o(i._fp_digits)
    _fp_digits                               0x08004901   Thumb Code   366  printfa.o(i._fp_digits)
    i._printf_core                           0x08004a84   Section        0  printfa.o(i._printf_core)
    _printf_core                             0x08004a85   Thumb Code  1744  printfa.o(i._printf_core)
    i._printf_post_padding                   0x08005160   Section        0  printfa.o(i._printf_post_padding)
    _printf_post_padding                     0x08005161   Thumb Code    36  printfa.o(i._printf_post_padding)
    i._printf_pre_padding                    0x08005184   Section        0  printfa.o(i._printf_pre_padding)
    _printf_pre_padding                      0x08005185   Thumb Code    46  printfa.o(i._printf_pre_padding)
    i._sputc                                 0x080051b2   Section        0  printfa.o(i._sputc)
    _sputc                                   0x080051b3   Thumb Code    10  printfa.o(i._sputc)
    i.main                                   0x080051bc   Section        0  main.o(i.main)
    i.sqrt                                   0x08005568   Section        0  sqrt.o(i.sqrt)
    i.ssd1306_DrawPixel                      0x080055b4   Section        0  ssd1306.o(i.ssd1306_DrawPixel)
    i.ssd1306_Fill                           0x080055f4   Section        0  ssd1306.o(i.ssd1306_Fill)
    i.ssd1306_Init                           0x08005614   Section        0  ssd1306.o(i.ssd1306_Init)
    i.ssd1306_SetCursor                      0x080056e4   Section        0  ssd1306.o(i.ssd1306_SetCursor)
    i.ssd1306_UpdateScreen                   0x080056f0   Section        0  ssd1306.o(i.ssd1306_UpdateScreen)
    i.ssd1306_WriteChar                      0x08005738   Section        0  ssd1306.o(i.ssd1306_WriteChar)
    i.ssd1306_WriteChar2                     0x080057d0   Section        0  ssd1306.o(i.ssd1306_WriteChar2)
    i.ssd1306_WriteCommand                   0x08005878   Section        0  ssd1306.o(i.ssd1306_WriteCommand)
    ssd1306_WriteCommand                     0x08005879   Thumb Code    30  ssd1306.o(i.ssd1306_WriteCommand)
    i.ssd1306_WriteString                    0x0800589c   Section        0  ssd1306.o(i.ssd1306_WriteString)
    i.ssd1306_WriteString2                   0x080058c8   Section        0  ssd1306.o(i.ssd1306_WriteString2)
    .constdata                               0x080058f0   Section       16  system_stm32f1xx.o(.constdata)
    .constdata                               0x08005900   Section        8  system_stm32f1xx.o(.constdata)
    .constdata                               0x08005908   Section     1900  fonts.o(.constdata)
    Font7x10                                 0x08005908   Data        1900  fonts.o(.constdata)
    .constdata                               0x08006074   Section     3420  fonts.o(.constdata)
    Font11x18                                0x08006074   Data        3420  fonts.o(.constdata)
    .constdata                               0x08006dd0   Section     4180  fonts.o(.constdata)
    .constdata                               0x08007e24   Section     4750  fonts.o(.constdata)
    .constdata                               0x080090b2   Section     3610  fonts.o(.constdata)
    .constdata                               0x08009ecc   Section      855  fonts3.o(.constdata)
    Font7x9_EN                               0x08009ecc   Data         855  fonts3.o(.constdata)
    .constdata                               0x0800a223   Section      576  fonts3.o(.constdata)
    Font7x9_RU                               0x0800a223   Data         576  fonts3.o(.constdata)
    .conststring                             0x0800a464   Section      108  vape.o(.conststring)
    .data                                    0x20000000   Section        4  system_stm32f1xx.o(.data)
    .data                                    0x20000004   Section       64  main.o(.data)
    .data                                    0x20000044   Section        4  main.o(.data)
    .data                                    0x20000048   Section        1  main.o(.data)
    .data                                    0x2000004c   Section        8  main.o(.data)
    .data                                    0x20000054   Section        5  main.o(.data)
    .data                                    0x20000059   Section        6  main.o(.data)
    .data                                    0x20000060   Section        4  main.o(.data)
    .data                                    0x20000064   Section        6  main.o(.data)
    .data                                    0x2000006a   Section        6  main.o(.data)
    .data                                    0x20000070   Section        8  fonts.o(.data)
    .data                                    0x20000078   Section        8  fonts.o(.data)
    .data                                    0x20000080   Section        8  fonts.o(.data)
    .data                                    0x20000088   Section        8  fonts.o(.data)
    .data                                    0x20000090   Section        8  fonts.o(.data)
    .data                                    0x20000098   Section        6  ssd1306.o(.data)
    SSD1306                                  0x20000098   Data           6  ssd1306.o(.data)
    .data                                    0x200000a0   Section      540  vape.o(.data)
    .data                                    0x200002bc   Section       12  fonts3.o(.data)
    .data                                    0x200002c8   Section        4  stm32f1xx_hal.o(.data)
    .data                                    0x200002cc   Section        4  errno.o(.data)
    _errno                                   0x200002cc   Data           4  errno.o(.data)
    .bss                                     0x200002d0   Section      229  main.o(.bss)
    .bss                                     0x200003b8   Section       68  main.o(.bss)
    .bss                                     0x200003fc   Section     1024  ssd1306.o(.bss)
    SSD1306_Buffer                           0x200003fc   Data        1024  ssd1306.o(.bss)
    .bss                                     0x200007fc   Section     2048  eeprom.o(.bss)
    .bss                                     0x20001000   Section       32  stm32f1xx_hal_flash.o(.bss)
    STACK                                    0x20001020   Section     1024  startup_stm32f103xb.o(STACK)

    Global Symbols

    Symbol Name                              Value     Ov Type        Size  Object(Section)

    BuildAttributes$$THM_ISAv4$P$D$K$B$S$PE$A:L22UL41UL21$X:L11$S22US41US21$IEEE1$IW$USESV6$~STKCKD$USESV7$~SHL$OTIME$ROPI$IEEEJ$EBA8$MICROLIB$REQ8$PRES8$EABIv2 0x00000000   Number         0  anon$$obj.o ABSOLUTE
    __ARM_use_no_argv                        0x00000000   Number         0  main.o ABSOLUTE
    _printf_a                                0x00000000   Number         0  stubs.o ABSOLUTE
    _printf_c                                0x00000000   Number         0  stubs.o ABSOLUTE
    _printf_charcount                        0x00000000   Number         0  stubs.o ABSOLUTE
    _printf_d                                0x00000000   Number         0  stubs.o ABSOLUTE
    _printf_e                                0x00000000   Number         0  stubs.o ABSOLUTE
    _printf_f                                0x00000000   Number         0  stubs.o ABSOLUTE
    _printf_flags                            0x00000000   Number         0  stubs.o ABSOLUTE
    _printf_fp_dec                           0x00000000   Number         0  stubs.o ABSOLUTE
    _printf_fp_hex                           0x00000000   Number         0  stubs.o ABSOLUTE
    _printf_g                                0x00000000   Number         0  stubs.o ABSOLUTE
    _printf_i                                0x00000000   Number         0  stubs.o ABSOLUTE
    _printf_int_dec                          0x00000000   Number         0  stubs.o ABSOLUTE
    _printf_l                                0x00000000   Number         0  stubs.o ABSOLUTE
    _printf_lc                               0x00000000   Number         0  stubs.o ABSOLUTE
    _printf_ll                               0x00000000   Number         0  stubs.o ABSOLUTE
    _printf_lld                              0x00000000   Number         0  stubs.o ABSOLUTE
    _printf_lli                              0x00000000   Number         0  stubs.o ABSOLUTE
    _printf_llo                              0x00000000   Number         0  stubs.o ABSOLUTE
    _printf_llu                              0x00000000   Number         0  stubs.o ABSOLUTE
    _printf_llx                              0x00000000   Number         0  stubs.o ABSOLUTE
    _printf_longlong_dec                     0x00000000   Number         0  stubs.o ABSOLUTE
    _printf_longlong_hex                     0x00000000   Number         0  stubs.o ABSOLUTE
    _printf_longlong_oct                     0x00000000   Number         0  stubs.o ABSOLUTE
    _printf_ls                               0x00000000   Number         0  stubs.o ABSOLUTE
    _printf_mbtowc                           0x00000000   Number         0  stubs.o ABSOLUTE
    _printf_n                                0x00000000   Number         0  stubs.o ABSOLUTE
    _printf_o                                0x00000000   Number         0  stubs.o ABSOLUTE
    _printf_p                                0x00000000   Number         0  stubs.o ABSOLUTE
    _printf_percent                          0x00000000   Number         0  stubs.o ABSOLUTE
    _printf_pre_padding                      0x00000000   Number         0  stubs.o ABSOLUTE
    _printf_return_value                     0x00000000   Number         0  stubs.o ABSOLUTE
    _printf_s                                0x00000000   Number         0  stubs.o ABSOLUTE
    _printf_sizespec                         0x00000000   Number         0  stubs.o ABSOLUTE
    _printf_str                              0x00000000   Number         0  stubs.o ABSOLUTE
    _printf_truncate_signed                  0x00000000   Number         0  stubs.o ABSOLUTE
    _printf_truncate_unsigned                0x00000000   Number         0  stubs.o ABSOLUTE
    _printf_u                                0x00000000   Number         0  stubs.o ABSOLUTE
    _printf_wc                               0x00000000   Number         0  stubs.o ABSOLUTE
    _printf_wctomb                           0x00000000   Number         0  stubs.o ABSOLUTE
    _printf_widthprec                        0x00000000   Number         0  stubs.o ABSOLUTE
    _printf_x                                0x00000000   Number         0  stubs.o ABSOLUTE
    __cpp_initialize__aeabi_                  - Undefined Weak Reference
    __cxa_finalize                            - Undefined Weak Reference
    _clock_init                               - Undefined Weak Reference
    _microlib_exit                            - Undefined Weak Reference
    __Vectors_Size                           0x000000ec   Number         0  startup_stm32f103xb.o ABSOLUTE
    __Vectors                                0x08000000   Data           4  startup_stm32f103xb.o(RESET)
    __Vectors_End                            0x080000ec   Data           0  startup_stm32f103xb.o(RESET)
    __main                                   0x080000ed   Thumb Code     0  entry.o(.ARM.Collect$$$$00000000)
    _main_stk                                0x080000ed   Thumb Code     0  entry2.o(.ARM.Collect$$$$00000001)
    _main_scatterload                        0x080000f1   Thumb Code     0  entry5.o(.ARM.Collect$$$$00000004)
    __main_after_scatterload                 0x080000f5   Thumb Code     0  entry5.o(.ARM.Collect$$$$00000004)
    _main_clock                              0x080000f5   Thumb Code     0  entry7b.o(.ARM.Collect$$$$00000008)
    _main_cpp_init                           0x080000f5   Thumb Code     0  entry8b.o(.ARM.Collect$$$$0000000A)
    _main_init                               0x080000f5   Thumb Code     0  entry9a.o(.ARM.Collect$$$$0000000B)
    __rt_final_cpp                           0x080000fd   Thumb Code     0  entry10a.o(.ARM.Collect$$$$0000000D)
    __rt_final_exit                          0x080000fd   Thumb Code     0  entry11a.o(.ARM.Collect$$$$0000000F)
    Reset_Handler                            0x08000101   Thumb Code     8  startup_stm32f103xb.o(.text)
    ADC1_2_IRQHandler                        0x0800011b   Thumb Code     0  startup_stm32f103xb.o(.text)
    CAN1_RX1_IRQHandler                      0x0800011b   Thumb Code     0  startup_stm32f103xb.o(.text)
    CAN1_SCE_IRQHandler                      0x0800011b   Thumb Code     0  startup_stm32f103xb.o(.text)
    DMA1_Channel2_IRQHandler                 0x0800011b   Thumb Code     0  startup_stm32f103xb.o(.text)
    DMA1_Channel3_IRQHandler                 0x0800011b   Thumb Code     0  startup_stm32f103xb.o(.text)
    DMA1_Channel4_IRQHandler                 0x0800011b   Thumb Code     0  startup_stm32f103xb.o(.text)
    DMA1_Channel5_IRQHandler                 0x0800011b   Thumb Code     0  startup_stm32f103xb.o(.text)
    DMA1_Channel6_IRQHandler                 0x0800011b   Thumb Code     0  startup_stm32f103xb.o(.text)
    DMA1_Channel7_IRQHandler                 0x0800011b   Thumb Code     0  startup_stm32f103xb.o(.text)
    EXTI15_10_IRQHandler                     0x0800011b   Thumb Code     0  startup_stm32f103xb.o(.text)
    EXTI1_IRQHandler                         0x0800011b   Thumb Code     0  startup_stm32f103xb.o(.text)
    EXTI2_IRQHandler                         0x0800011b   Thumb Code     0  startup_stm32f103xb.o(.text)
    EXTI3_IRQHandler                         0x0800011b   Thumb Code     0  startup_stm32f103xb.o(.text)
    EXTI4_IRQHandler                         0x0800011b   Thumb Code     0  startup_stm32f103xb.o(.text)
    EXTI9_5_IRQHandler                       0x0800011b   Thumb Code     0  startup_stm32f103xb.o(.text)
    FLASH_IRQHandler                         0x0800011b   Thumb Code     0  startup_stm32f103xb.o(.text)
    I2C1_ER_IRQHandler                       0x0800011b   Thumb Code     0  startup_stm32f103xb.o(.text)
    I2C1_EV_IRQHandler                       0x0800011b   Thumb Code     0  startup_stm32f103xb.o(.text)
    I2C2_ER_IRQHandler                       0x0800011b   Thumb Code     0  startup_stm32f103xb.o(.text)
    I2C2_EV_IRQHandler                       0x0800011b   Thumb Code     0  startup_stm32f103xb.o(.text)
    PVD_IRQHandler                           0x0800011b   Thumb Code     0  startup_stm32f103xb.o(.text)
    RCC_IRQHandler                           0x0800011b   Thumb Code     0  startup_stm32f103xb.o(.text)
    RTC_Alarm_IRQHandler                     0x0800011b   Thumb Code     0  startup_stm32f103xb.o(.text)
    RTC_IRQHandler                           0x0800011b   Thumb Code     0  startup_stm32f103xb.o(.text)
    SPI1_IRQHandler                          0x0800011b   Thumb Code     0  startup_stm32f103xb.o(.text)
    SPI2_IRQHandler                          0x0800011b   Thumb Code     0  startup_stm32f103xb.o(.text)
    TAMPER_IRQHandler                        0x0800011b   Thumb Code     0  startup_stm32f103xb.o(.text)
    TIM1_BRK_IRQHandler                      0x0800011b   Thumb Code     0  startup_stm32f103xb.o(.text)
    TIM1_CC_IRQHandler                       0x0800011b   Thumb Code     0  startup_stm32f103xb.o(.text)
    TIM1_TRG_COM_IRQHandler                  0x0800011b   Thumb Code     0  startup_stm32f103xb.o(.text)
    TIM1_UP_IRQHandler                       0x0800011b   Thumb Code     0  startup_stm32f103xb.o(.text)
    TIM2_IRQHandler                          0x0800011b   Thumb Code     0  startup_stm32f103xb.o(.text)
    TIM3_IRQHandler                          0x0800011b   Thumb Code     0  startup_stm32f103xb.o(.text)
    TIM4_IRQHandler                          0x0800011b   Thumb Code     0  startup_stm32f103xb.o(.text)
    USART1_IRQHandler                        0x0800011b   Thumb Code     0  startup_stm32f103xb.o(.text)
    USART2_IRQHandler                        0x0800011b   Thumb Code     0  startup_stm32f103xb.o(.text)
    USART3_IRQHandler                        0x0800011b   Thumb Code     0  startup_stm32f103xb.o(.text)
    USBWakeUp_IRQHandler                     0x0800011b   Thumb Code     0  startup_stm32f103xb.o(.text)
    USB_HP_CAN1_TX_IRQHandler                0x0800011b   Thumb Code     0  startup_stm32f103xb.o(.text)
    USB_LP_CAN1_RX0_IRQHandler               0x0800011b   Thumb Code     0  startup_stm32f103xb.o(.text)
    WWDG_IRQHandler                          0x0800011b   Thumb Code     0  startup_stm32f103xb.o(.text)
    __aeabi_llsr                             0x08000125   Thumb Code    32  llushr.o(.text)
    _ll_ushift_r                             0x08000125   Thumb Code     0  llushr.o(.text)
    __aeabi_fadd                             0x08000145   Thumb Code   164  fadd.o(.text)
    __aeabi_fsub                             0x080001e9   Thumb Code     6  fadd.o(.text)
    __aeabi_frsub                            0x080001ef   Thumb Code     6  fadd.o(.text)
    __aeabi_fmul                             0x080001f5   Thumb Code   100  fmul.o(.text)
    __aeabi_fdiv                             0x08000259   Thumb Code   124  fdiv.o(.text)
    __aeabi_dadd                             0x080002d5   Thumb Code   322  dadd.o(.text)
    __aeabi_dsub                             0x08000417   Thumb Code     6  dadd.o(.text)
    __aeabi_drsub                            0x0800041d   Thumb Code     6  dadd.o(.text)
    __aeabi_dmul                             0x08000423   Thumb Code   228  dmul.o(.text)
    __aeabi_ddiv                             0x08000507   Thumb Code   222  ddiv.o(.text)
    __ARM_scalbn                             0x080005e5   Thumb Code    46  dscalb.o(.text)
    scalbn                                   0x080005e5   Thumb Code     0  dscalb.o(.text)
    __aeabi_i2f                              0x08000613   Thumb Code    18  fflti.o(.text)
    __aeabi_ui2f                             0x08000625   Thumb Code    10  ffltui.o(.text)
    __aeabi_ui2d                             0x0800062f   Thumb Code    26  dfltui.o(.text)
    __aeabi_f2iz                             0x08000649   Thumb Code    50  ffixi.o(.text)
    __aeabi_d2uiz                            0x0800067b   Thumb Code    50  dfixui.o(.text)
    __aeabi_f2d                              0x080006ad   Thumb Code    38  f2d.o(.text)
    __aeabi_cdrcmple                         0x080006d5   Thumb Code    48  cdrcmple.o(.text)
    __aeabi_d2f                              0x08000705   Thumb Code    56  d2f.o(.text)
    __aeabi_uidiv                            0x0800073d   Thumb Code     0  uidiv.o(.text)
    __aeabi_uidivmod                         0x0800073d   Thumb Code    44  uidiv.o(.text)
    __aeabi_uldivmod                         0x08000769   Thumb Code    98  uldiv.o(.text)
    __aeabi_llsl                             0x080007cb   Thumb Code    30  llshl.o(.text)
    _ll_shift_l                              0x080007cb   Thumb Code     0  llshl.o(.text)
    __aeabi_lasr                             0x080007e9   Thumb Code    36  llsshr.o(.text)
    _ll_sshift_r                             0x080007e9   Thumb Code     0  llsshr.o(.text)
    __I$use$fp                               0x0800080d   Thumb Code     0  iusefp.o(.text)
    _float_round                             0x0800080d   Thumb Code    18  fepilogue.o(.text)
    _float_epilogue                          0x0800081f   Thumb Code    92  fepilogue.o(.text)
    _double_round                            0x0800087b   Thumb Code    30  depilogue.o(.text)
    _double_epilogue                         0x08000899   Thumb Code   156  depilogue.o(.text)
    _dsqrt                                   0x08000935   Thumb Code   162  dsqrt.o(.text)
    __aeabi_d2ulz                            0x080009d7   Thumb Code    48  dfixul.o(.text)
    __scatterload                            0x08000a09   Thumb Code    28  init.o(.text)
    __scatterload_rt2                        0x08000a09   Thumb Code     0  init.o(.text)
    __decompress                             0x08000a2d   Thumb Code     0  __dczerorl2.o(.text)
    __decompress1                            0x08000a2d   Thumb Code    86  __dczerorl2.o(.text)
    ADC_ConversionStop_Disable               0x08000a83   Thumb Code    74  stm32f1xx_hal_adc.o(i.ADC_ConversionStop_Disable)
    ADC_DMAConvCplt                          0x08000acd   Thumb Code    78  stm32f1xx_hal_adc.o(i.ADC_DMAConvCplt)
    ADC_DMAError                             0x08000b1b   Thumb Code    26  stm32f1xx_hal_adc.o(i.ADC_DMAError)
    ADC_DMAHalfConvCplt                      0x08000b35   Thumb Code    10  stm32f1xx_hal_adc.o(i.ADC_DMAHalfConvCplt)
    ADC_Enable                               0x08000b41   Thumb Code   102  stm32f1xx_hal_adc.o(i.ADC_Enable)
    BusFault_Handler                         0x08000bb1   Thumb Code     2  stm32f1xx_it.o(i.BusFault_Handler)
    Charge                                   0x08000bb5   Thumb Code   164  vape.o(i.Charge)
    Counter_Fire                             0x08000c75   Thumb Code    26  vape.o(i.Counter_Fire)
    DMA1_Channel1_IRQHandler                 0x08000c9d   Thumb Code     6  stm32f1xx_it.o(i.DMA1_Channel1_IRQHandler)
    DebugMon_Handler                         0x08000cd3   Thumb Code     2  stm32f1xx_it.o(i.DebugMon_Handler)
    Draw_Acumulator                          0x08000cd5   Thumb Code   104  vape.o(i.Draw_Acumulator)
    Draw_Frame2                              0x08000d3d   Thumb Code    76  vape.o(i.Draw_Frame2)
    EE_Format                                0x08000d89   Thumb Code    58  eeprom.o(i.EE_Format)
    EE_Read                                  0x08000dc9   Thumb Code    22  eeprom.o(i.EE_Read)
    EE_Reads                                 0x08000de5   Thumb Code    38  eeprom.o(i.EE_Reads)
    EE_Write                                 0x08000e11   Thumb Code   126  eeprom.o(i.EE_Write)
    EXTI0_IRQHandler                         0x08000e99   Thumb Code     6  stm32f1xx_it.o(i.EXTI0_IRQHandler)
    FLASH_PageErase                          0x08000ec5   Thumb Code    28  stm32f1xx_hal_flash_ex.o(i.FLASH_PageErase)
    FLASH_WaitForLastOperation               0x08000f61   Thumb Code    80  stm32f1xx_hal_flash.o(i.FLASH_WaitForLastOperation)
    Get_Volt                                 0x08000fb5   Thumb Code    48  vape.o(i.Get_Volt)
    Get_Watt                                 0x08000ff5   Thumb Code    48  vape.o(i.Get_Watt)
    HAL_ADC_ConfigChannel                    0x08001035   Thumb Code   240  stm32f1xx_hal_adc.o(i.HAL_ADC_ConfigChannel)
    HAL_ADC_ConvCpltCallback                 0x08001131   Thumb Code    38  main.o(i.HAL_ADC_ConvCpltCallback)
    HAL_ADC_ConvHalfCpltCallback             0x08001161   Thumb Code     2  stm32f1xx_hal_adc.o(i.HAL_ADC_ConvHalfCpltCallback)
    HAL_ADC_ErrorCallback                    0x08001163   Thumb Code     2  stm32f1xx_hal_adc.o(i.HAL_ADC_ErrorCallback)
    HAL_ADC_Init                             0x08001165   Thumb Code   270  stm32f1xx_hal_adc.o(i.HAL_ADC_Init)
    HAL_ADC_MspInit                          0x08001281   Thumb Code   104  stm32f1xx_hal_msp.o(i.HAL_ADC_MspInit)
    HAL_ADC_Start_DMA                        0x08001319   Thumb Code   246  stm32f1xx_hal_adc.o(i.HAL_ADC_Start_DMA)
    HAL_DMA_IRQHandler                       0x08001425   Thumb Code   320  stm32f1xx_hal_dma.o(i.HAL_DMA_IRQHandler)
    HAL_DMA_Init                             0x0800157d   Thumb Code    92  stm32f1xx_hal_dma.o(i.HAL_DMA_Init)
    HAL_DMA_Start_IT                         0x080015e1   Thumb Code   112  stm32f1xx_hal_dma.o(i.HAL_DMA_Start_IT)
    HAL_Delay                                0x08001651   Thumb Code    28  stm32f1xx_hal.o(i.HAL_Delay)
    HAL_FLASHEx_Erase                        0x0800166d   Thumb Code   160  stm32f1xx_hal_flash_ex.o(i.HAL_FLASHEx_Erase)
    HAL_FLASH_Lock                           0x08001715   Thumb Code    14  stm32f1xx_hal_flash.o(i.HAL_FLASH_Lock)
    HAL_FLASH_Program                        0x08001729   Thumb Code   122  stm32f1xx_hal_flash.o(i.HAL_FLASH_Program)
    HAL_FLASH_Unlock                         0x080017ad   Thumb Code    24  stm32f1xx_hal_flash.o(i.HAL_FLASH_Unlock)
    HAL_GPIO_EXTI_Callback                   0x080017d1   Thumb Code     2  stm32f1xx_hal_gpio.o(i.HAL_GPIO_EXTI_Callback)
    HAL_GPIO_EXTI_IRQHandler                 0x080017d5   Thumb Code    18  stm32f1xx_hal_gpio.o(i.HAL_GPIO_EXTI_IRQHandler)
    HAL_GPIO_Init                            0x080017ed   Thumb Code   422  stm32f1xx_hal_gpio.o(i.HAL_GPIO_Init)
    HAL_GPIO_ReadPin                         0x080019b5   Thumb Code    10  stm32f1xx_hal_gpio.o(i.HAL_GPIO_ReadPin)
    HAL_GPIO_WritePin                        0x080019bf   Thumb Code    10  stm32f1xx_hal_gpio.o(i.HAL_GPIO_WritePin)
    HAL_GetTick                              0x080019c9   Thumb Code     6  stm32f1xx_hal.o(i.HAL_GetTick)
    HAL_I2C_Init                             0x080019d5   Thumb Code   254  stm32f1xx_hal_i2c.o(i.HAL_I2C_Init)
    HAL_I2C_Mem_Write                        0x08001add   Thumb Code   306  stm32f1xx_hal_i2c.o(i.HAL_I2C_Mem_Write)
    HAL_I2C_MspInit                          0x08001c19   Thumb Code    54  stm32f1xx_hal_msp.o(i.HAL_I2C_MspInit)
    HAL_IncTick                              0x08001c5d   Thumb Code    10  stm32f1xx_hal.o(i.HAL_IncTick)
    HAL_Init                                 0x08001c6d   Thumb Code    32  stm32f1xx_hal.o(i.HAL_Init)
    HAL_InitTick                             0x08001c91   Thumb Code    34  stm32f1xx_hal.o(i.HAL_InitTick)
    HAL_MspInit                              0x08001cb9   Thumb Code   122  stm32f1xx_hal_msp.o(i.HAL_MspInit)
    HAL_NVIC_EnableIRQ                       0x08001d3d   Thumb Code    22  stm32f1xx_hal_cortex.o(i.HAL_NVIC_EnableIRQ)
    HAL_NVIC_SetPriority                     0x08001d55   Thumb Code    60  stm32f1xx_hal_cortex.o(i.HAL_NVIC_SetPriority)
    HAL_NVIC_SetPriorityGrouping             0x08001d95   Thumb Code    26  stm32f1xx_hal_cortex.o(i.HAL_NVIC_SetPriorityGrouping)
    HAL_PWR_EnterSTANDBYMode                 0x08001db9   Thumb Code    24  stm32f1xx_hal_pwr.o(i.HAL_PWR_EnterSTANDBYMode)
    HAL_RCCEx_PeriphCLKConfig                0x08001dd9   Thumb Code   220  stm32f1xx_hal_rcc_ex.o(i.HAL_RCCEx_PeriphCLKConfig)
    HAL_RCC_ClockConfig                      0x08001ec1   Thumb Code   316  stm32f1xx_hal_rcc.o(i.HAL_RCC_ClockConfig)
    HAL_RCC_GetHCLKFreq                      0x0800200d   Thumb Code     6  stm32f1xx_hal_rcc.o(i.HAL_RCC_GetHCLKFreq)
    HAL_RCC_GetPCLK1Freq                     0x08002019   Thumb Code    20  stm32f1xx_hal_rcc.o(i.HAL_RCC_GetPCLK1Freq)
    HAL_RCC_GetSysClockFreq                  0x08002039   Thumb Code    78  stm32f1xx_hal_rcc.o(i.HAL_RCC_GetSysClockFreq)
    HAL_RCC_OscConfig                        0x080020a9   Thumb Code   740  stm32f1xx_hal_rcc.o(i.HAL_RCC_OscConfig)
    HAL_SYSTICK_CLKSourceConfig              0x080023a1   Thumb Code    24  stm32f1xx_hal_cortex.o(i.HAL_SYSTICK_CLKSourceConfig)
    HAL_SYSTICK_Callback                     0x080023b9   Thumb Code     2  stm32f1xx_hal_cortex.o(i.HAL_SYSTICK_Callback)
    HAL_SYSTICK_Config                       0x080023bb   Thumb Code    40  stm32f1xx_hal_cortex.o(i.HAL_SYSTICK_Config)
    HAL_SYSTICK_IRQHandler                   0x080023e3   Thumb Code     8  stm32f1xx_hal_cortex.o(i.HAL_SYSTICK_IRQHandler)
    HAL_TIMEx_ConfigBreakDeadTime            0x080023eb   Thumb Code    90  stm32f1xx_hal_tim_ex.o(i.HAL_TIMEx_ConfigBreakDeadTime)
    HAL_TIMEx_MasterConfigSynchronization    0x08002445   Thumb Code    80  stm32f1xx_hal_tim_ex.o(i.HAL_TIMEx_MasterConfigSynchronization)
    HAL_TIM_Base_Init                        0x08002495   Thumb Code    54  stm32f1xx_hal_tim.o(i.HAL_TIM_Base_Init)
    HAL_TIM_Base_MspInit                     0x080024cd   Thumb Code    30  stm32f1xx_hal_msp.o(i.HAL_TIM_Base_MspInit)
    HAL_TIM_ConfigClockSource                0x080024f5   Thumb Code   240  stm32f1xx_hal_tim.o(i.HAL_TIM_ConfigClockSource)
    HAL_TIM_MspPostInit                      0x080025e5   Thumb Code    30  stm32f1xx_hal_msp.o(i.HAL_TIM_MspPostInit)
    HAL_TIM_PWM_ConfigChannel                0x0800260d   Thumb Code   208  stm32f1xx_hal_tim.o(i.HAL_TIM_PWM_ConfigChannel)
    HAL_TIM_PWM_Init                         0x080026dd   Thumb Code    54  stm32f1xx_hal_tim.o(i.HAL_TIM_PWM_Init)
    HAL_TIM_PWM_MspInit                      0x08002713   Thumb Code     2  stm32f1xx_hal_tim.o(i.HAL_TIM_PWM_MspInit)
    HAL_TIM_PWM_Start                        0x08002715   Thumb Code    42  stm32f1xx_hal_tim.o(i.HAL_TIM_PWM_Start)
    HardFault_Handler                        0x08002745   Thumb Code     2  stm32f1xx_it.o(i.HardFault_Handler)
    Kalman                                   0x08002995   Thumb Code    50  vape.o(i.Kalman)
    MemManage_Handler                        0x08002bb9   Thumb Code     2  stm32f1xx_it.o(i.MemManage_Handler)
    Menu                                     0x08002bbd   Thumb Code   398  vape.o(i.Menu)
    Menu_settings                            0x08002d6d   Thumb Code   340  vape.o(i.Menu_settings)
    NMI_Handler                              0x08002eed   Thumb Code     2  stm32f1xx_it.o(i.NMI_Handler)
    NoCoil                                   0x08002f11   Thumb Code    28  vape.o(i.NoCoil)
    PendSV_Handler                           0x08002f39   Thumb Code     2  stm32f1xx_it.o(i.PendSV_Handler)
    PowerOn                                  0x08002f3d   Thumb Code   192  vape.o(i.PowerOn)
    Power_off                                0x08003015   Thumb Code   142  vape.o(i.Power_off)
    Power_off2                               0x080030c9   Thumb Code    36  vape.o(i.Power_off2)
    Print_Acum                               0x080030f1   Thumb Code   430  vape.o(i.Print_Acum)
    Print_Acum_charge                        0x080032e1   Thumb Code  2006  vape.o(i.Print_Acum_charge)
    Print_Om                                 0x08003b31   Thumb Code    28  vape.o(i.Print_Om)
    Read_ADC                                 0x08003b55   Thumb Code   132  vape.o(i.Read_ADC)
    Read_Amp                                 0x08003bf9   Thumb Code    64  vape.o(i.Read_Amp)
    Read_Om_t                                0x08003c51   Thumb Code   114  vape.o(i.Read_Om_t)
    Read_temperature                         0x08003ce5   Thumb Code   108  vape.o(i.Read_temperature)
    SSD1306_DrawFilledRectangle              0x08003d85   Thumb Code    86  ssd1306.o(i.SSD1306_DrawFilledRectangle)
    SSD1306_DrawLine                         0x08003ddb   Thumb Code   258  ssd1306.o(i.SSD1306_DrawLine)
    SSD1306_DrawRectangle                    0x08003edd   Thumb Code   116  ssd1306.o(i.SSD1306_DrawRectangle)
    SSD1306_OFF                              0x08003f51   Thumb Code    24  ssd1306.o(i.SSD1306_OFF)
    SVC_Handler                              0x08003f69   Thumb Code     2  stm32f1xx_it.o(i.SVC_Handler)
    Set_Time_Out                             0x08003f6d   Thumb Code   130  vape.o(i.Set_Time_Out)
    SysTick_Handler                          0x08004019   Thumb Code    14  stm32f1xx_it.o(i.SysTick_Handler)
    SystemClock_Config                       0x08004027   Thumb Code   124  main.o(i.SystemClock_Config)
    SystemInit                               0x080040a5   Thumb Code    56  system_stm32f1xx.o(i.SystemInit)
    TIM_Base_SetConfig                       0x080040ed   Thumb Code    94  stm32f1xx_hal_tim.o(i.TIM_Base_SetConfig)
    TIM_CCxChannelCmd                        0x08004159   Thumb Code    22  stm32f1xx_hal_tim.o(i.TIM_CCxChannelCmd)
    TIM_OC2_SetConfig                        0x080041ed   Thumb Code    86  stm32f1xx_hal_tim.o(i.TIM_OC2_SetConfig)
    Timer_off                                0x0800432d   Thumb Code    30  vape.o(i.Timer_off)
    UsageFault_Handler                       0x08004355   Thumb Code     2  stm32f1xx_it.o(i.UsageFault_Handler)
    Varivatt                                 0x08004359   Thumb Code   550  vape.o(i.Varivatt)
    Varivolt                                 0x08004609   Thumb Code   486  vape.o(i.Varivolt)
    Vout                                     0x08004865   Thumb Code    48  main.o(i.Vout)
    _Error_Handler                           0x080048a9   Thumb Code     2  main.o(i._Error_Handler)
    __0sprintf                               0x080048ad   Thumb Code    34  printfa.o(i.__0sprintf)
    __1sprintf                               0x080048ad   Thumb Code     0  printfa.o(i.__0sprintf)
    __2sprintf                               0x080048ad   Thumb Code     0  printfa.o(i.__0sprintf)
    __c89sprintf                             0x080048ad   Thumb Code     0  printfa.o(i.__0sprintf)
    sprintf                                  0x080048ad   Thumb Code     0  printfa.o(i.__0sprintf)
    __scatterload_copy                       0x080048d5   Thumb Code    14  handlers.o(i.__scatterload_copy)
    __scatterload_null                       0x080048e3   Thumb Code     2  handlers.o(i.__scatterload_null)
    __scatterload_zeroinit                   0x080048e5   Thumb Code    14  handlers.o(i.__scatterload_zeroinit)
    __set_errno                              0x080048f5   Thumb Code     6  errno.o(i.__set_errno)
    main                                     0x080051bd   Thumb Code   884  main.o(i.main)
    sqrt                                     0x08005569   Thumb Code    76  sqrt.o(i.sqrt)
    ssd1306_DrawPixel                        0x080055b5   Thumb Code    56  ssd1306.o(i.ssd1306_DrawPixel)
    ssd1306_Fill                             0x080055f5   Thumb Code    28  ssd1306.o(i.ssd1306_Fill)
    ssd1306_Init                             0x08005615   Thumb Code   202  ssd1306.o(i.ssd1306_Init)
    ssd1306_SetCursor                        0x080056e5   Thumb Code     8  ssd1306.o(i.ssd1306_SetCursor)
    ssd1306_UpdateScreen                     0x080056f1   Thumb Code    64  ssd1306.o(i.ssd1306_UpdateScreen)
    ssd1306_WriteChar                        0x08005739   Thumb Code   148  ssd1306.o(i.ssd1306_WriteChar)
    ssd1306_WriteChar2                       0x080057d1   Thumb Code   162  ssd1306.o(i.ssd1306_WriteChar2)
    ssd1306_WriteString                      0x0800589d   Thumb Code    44  ssd1306.o(i.ssd1306_WriteString)
    ssd1306_WriteString2                     0x080058c9   Thumb Code    40  ssd1306.o(i.ssd1306_WriteString2)
    AHBPrescTable                            0x080058f0   Data          16  system_stm32f1xx.o(.constdata)
    APBPrescTable                            0x08005900   Data           8  system_stm32f1xx.o(.constdata)
    Font14x22                                0x08006dd0   Data        4180  fonts.o(.constdata)
    Font16x25                                0x08007e24   Data        4750  fonts.o(.constdata)
    Font13x19                                0x080090b2   Data        3610  fonts.o(.constdata)
    Region$$Table$$Base                      0x0800a4d0   Number         0  anon$$obj.o(Region$$Table)
    Region$$Table$$Limit                     0x0800a4f0   Number         0  anon$$obj.o(Region$$Table)
    SystemCoreClock                          0x20000000   Data           4  system_stm32f1xx.o(.data)
    status                                   0x20000004   Data           1  main.o(.data)
    old_status                               0x20000005   Data           1  main.o(.data)
    clearLCD                                 0x20000006   Data           1  main.o(.data)
    counterCoil                              0x20000007   Data           1  main.o(.data)
    FireButton                               0x20000008   Data           1  main.o(.data)
    charge                                   0x20000009   Data           1  main.o(.data)
    clear                                    0x2000000a   Data           1  main.o(.data)
    powercount                               0x2000000b   Data           1  main.o(.data)
    PWM_UP                                   0x2000000c   Data           2  main.o(.data)
    PWM_OUT                                  0x2000000e   Data           2  main.o(.data)
    temp_tik                                 0x20000010   Data           2  main.o(.data)
    time_ADC                                 0x20000012   Data           2  main.o(.data)
    volt_set                                 0x20000014   Data           4  main.o(.data)
    watt_set                                 0x20000018   Data           4  main.o(.data)
    volt_set_w                               0x2000001c   Data           4  main.o(.data)
    R_vape                                   0x20000020   Data           4  main.o(.data)
    tick_delay                               0x20000024   Data           4  main.o(.data)
    timeout                                  0x20000028   Data           4  main.o(.data)
    puffs                                    0x2000002c   Data           4  main.o(.data)
    volt_set_eeprom                          0x20000030   Data           4  main.o(.data)
    watt_set_eeprom                          0x20000034   Data           4  main.o(.data)
    status_eeprom                            0x20000038   Data           4  main.o(.data)
    read_values                              0x2000003c   Data           8  main.o(.data)
    R_buff                                   0x20000044   Data           4  main.o(.data)
    noCoil                                   0x20000048   Data           1  main.o(.data)
    voltageOut                               0x2000004c   Data           8  main.o(.data)
    voltage2                                 0x20000054   Data           5  main.o(.data)
    watt2                                    0x20000059   Data           6  main.o(.data)
    temp                                     0x20000060   Data           4  main.o(.data)
    tempP                                    0x20000064   Data           6  main.o(.data)
    R_vape2                                  0x2000006a   Data           6  main.o(.data)
    Font_7x10                                0x20000070   Data           8  fonts.o(.data)
    Font_11x18                               0x20000078   Data           8  fonts.o(.data)
    Font_14x22                               0x20000080   Data           8  fonts.o(.data)
    Font_16x25                               0x20000088   Data           8  fonts.o(.data)
    Font_13x19                               0x20000090   Data           8  fonts.o(.data)
    m                                        0x200000a0   Data           1  vape.o(.data)
    m2                                       0x200000a1   Data           1  vape.o(.data)
    low_batt                                 0x200000a2   Data           1  vape.o(.data)
    coil_tik                                 0x200000a3   Data           1  vape.o(.data)
    amper                                    0x200000a4   Data           4  vape.o(.data)
    Mn                                       0x200000a8   Data           4  vape.o(.data)
    An                                       0x200000ac   Data           4  vape.o(.data)
    Mn1                                      0x200000b0   Data           4  vape.o(.data)
    k                                        0x200000b4   Data           4  vape.o(.data)
    timeout2                                 0x200000b8   Data           5  vape.o(.data)
    amper_print                              0x200000bd   Data           6  vape.o(.data)
    st                                       0x200000c4   Data         264  vape.o(.data)
    st_settings                              0x200001cc   Data         240  vape.o(.data)
    Font_7x9                                 0x200002bc   Data          12  fonts3.o(.data)
    uwTick                                   0x200002c8   Data           4  stm32f1xx_hal.o(.data)
    hadc1                                    0x200002d0   Data          48  main.o(.bss)
    hi2c1                                    0x20000300   Data          84  main.o(.bss)
    htim1                                    0x20000354   Data          64  main.o(.bss)
    adc_buffer                               0x20000394   Data          12  main.o(.bss)
    value                                    0x200003a0   Data          12  main.o(.bss)
    vOut2                                    0x200003ac   Data           9  main.o(.bss)
    hdma_adc1                                0x200003b8   Data          68  main.o(.bss)
    EEPROMPageBackup                         0x200007fc   Data        2048  eeprom.o(.bss)
    pFlash                                   0x20001000   Data          32  stm32f1xx_hal_flash.o(.bss)
    __initial_sp                             0x20001420   Data           0  startup_stm32f103xb.o(STACK)



==============================================================================

Memory Map of the image

  Image Entry point : 0x080000ed

  Load Region LR_IROM1 (Base: 0x08000000, Size: 0x0000a7c0, Max: 0x00010000, ABSOLUTE, COMPRESSED[0x0000a56c])

    Execution Region ER_IROM1 (Exec base: 0x08000000, Load base: 0x08000000, Size: 0x0000a4f0, Max: 0x00010000, ABSOLUTE)

    Exec Addr    Load Addr    Size         Type   Attr      Idx    E Section Name        Object

    0x08000000   0x08000000   0x000000ec   Data   RO          127    RESET               startup_stm32f103xb.o
    0x080000ec   0x080000ec   0x00000000   Code   RO         3300  * .ARM.Collect$$$$00000000  mc_w.l(entry.o)
    0x080000ec   0x080000ec   0x00000004   Code   RO         3596    .ARM.Collect$$$$00000001  mc_w.l(entry2.o)
    0x080000f0   0x080000f0   0x00000004   Code   RO         3599    .ARM.Collect$$$$00000004  mc_w.l(entry5.o)
    0x080000f4   0x080000f4   0x00000000   Code   RO         3601    .ARM.Collect$$$$00000008  mc_w.l(entry7b.o)
    0x080000f4   0x080000f4   0x00000000   Code   RO         3603    .ARM.Collect$$$$0000000A  mc_w.l(entry8b.o)
    0x080000f4   0x080000f4   0x00000008   Code   RO         3604    .ARM.Collect$$$$0000000B  mc_w.l(entry9a.o)
    0x080000fc   0x080000fc   0x00000000   Code   RO         3606    .ARM.Collect$$$$0000000D  mc_w.l(entry10a.o)
    0x080000fc   0x080000fc   0x00000000   Code   RO         3608    .ARM.Collect$$$$0000000F  mc_w.l(entry11a.o)
    0x080000fc   0x080000fc   0x00000004   Code   RO         3597    .ARM.Collect$$$$00002712  mc_w.l(entry2.o)
    0x08000100   0x08000100   0x00000024   Code   RO          128    .text               startup_stm32f103xb.o
    0x08000124   0x08000124   0x00000020   Code   RO         3303    .text               mc_w.l(llushr.o)
    0x08000144   0x08000144   0x000000b0   Code   RO         3566    .text               mf_w.l(fadd.o)
    0x080001f4   0x080001f4   0x00000064   Code   RO         3568    .text               mf_w.l(fmul.o)
    0x08000258   0x08000258   0x0000007c   Code   RO         3570    .text               mf_w.l(fdiv.o)
    0x080002d4   0x080002d4   0x0000014e   Code   RO         3572    .text               mf_w.l(dadd.o)
    0x08000422   0x08000422   0x000000e4   Code   RO         3574    .text               mf_w.l(dmul.o)
    0x08000506   0x08000506   0x000000de   Code   RO         3576    .text               mf_w.l(ddiv.o)
    0x080005e4   0x080005e4   0x0000002e   Code   RO         3578    .text               mf_w.l(dscalb.o)
    0x08000612   0x08000612   0x00000012   Code   RO         3580    .text               mf_w.l(fflti.o)
    0x08000624   0x08000624   0x0000000a   Code   RO         3582    .text               mf_w.l(ffltui.o)
    0x0800062e   0x0800062e   0x0000001a   Code   RO         3584    .text               mf_w.l(dfltui.o)
    0x08000648   0x08000648   0x00000032   Code   RO         3586    .text               mf_w.l(ffixi.o)
    0x0800067a   0x0800067a   0x00000032   Code   RO         3588    .text               mf_w.l(dfixui.o)
    0x080006ac   0x080006ac   0x00000026   Code   RO         3590    .text               mf_w.l(f2d.o)
    0x080006d2   0x080006d2   0x00000002   PAD
    0x080006d4   0x080006d4   0x00000030   Code   RO         3592    .text               mf_w.l(cdrcmple.o)
    0x08000704   0x08000704   0x00000038   Code   RO         3594    .text               mf_w.l(d2f.o)
    0x0800073c   0x0800073c   0x0000002c   Code   RO         3613    .text               mc_w.l(uidiv.o)
    0x08000768   0x08000768   0x00000062   Code   RO         3615    .text               mc_w.l(uldiv.o)
    0x080007ca   0x080007ca   0x0000001e   Code   RO         3617    .text               mc_w.l(llshl.o)
    0x080007e8   0x080007e8   0x00000024   Code   RO         3619    .text               mc_w.l(llsshr.o)
    0x0800080c   0x0800080c   0x00000000   Code   RO         3628    .text               mc_w.l(iusefp.o)
    0x0800080c   0x0800080c   0x0000006e   Code   RO         3629    .text               mf_w.l(fepilogue.o)
    0x0800087a   0x0800087a   0x000000ba   Code   RO         3631    .text               mf_w.l(depilogue.o)
    0x08000934   0x08000934   0x000000a2   Code   RO         3633    .text               mf_w.l(dsqrt.o)
    0x080009d6   0x080009d6   0x00000030   Code   RO         3635    .text               mf_w.l(dfixul.o)
    0x08000a06   0x08000a06   0x00000002   PAD
    0x08000a08   0x08000a08   0x00000024   Code   RO         3639    .text               mc_w.l(init.o)
    0x08000a2c   0x08000a2c   0x00000056   Code   RO         3651    .text               mc_w.l(__dczerorl2.o)
    0x08000a82   0x08000a82   0x0000004a   Code   RO         1130    i.ADC_ConversionStop_Disable  stm32f1xx_hal_adc.o
    0x08000acc   0x08000acc   0x0000004e   Code   RO         1131    i.ADC_DMAConvCplt   stm32f1xx_hal_adc.o
    0x08000b1a   0x08000b1a   0x0000001a   Code   RO         1132    i.ADC_DMAError      stm32f1xx_hal_adc.o
    0x08000b34   0x08000b34   0x0000000a   Code   RO         1133    i.ADC_DMAHalfConvCplt  stm32f1xx_hal_adc.o
    0x08000b3e   0x08000b3e   0x00000002   PAD
    0x08000b40   0x08000b40   0x00000070   Code   RO         1134    i.ADC_Enable        stm32f1xx_hal_adc.o
    0x08000bb0   0x08000bb0   0x00000002   Code   RO          135    i.BusFault_Handler  stm32f1xx_it.o
    0x08000bb2   0x08000bb2   0x00000002   PAD
    0x08000bb4   0x08000bb4   0x000000c0   Code   RO          590    i.Charge            vape.o
    0x08000c74   0x08000c74   0x00000028   Code   RO          591    i.Counter_Fire      vape.o
    0x08000c9c   0x08000c9c   0x0000000c   Code   RO          136    i.DMA1_Channel1_IRQHandler  stm32f1xx_it.o
    0x08000ca8   0x08000ca8   0x0000002a   Code   RO         2972    i.DMA_SetConfig     stm32f1xx_hal_dma.o
    0x08000cd2   0x08000cd2   0x00000002   Code   RO          137    i.DebugMon_Handler  stm32f1xx_it.o
    0x08000cd4   0x08000cd4   0x00000068   Code   RO          592    i.Draw_Acumulator   vape.o
    0x08000d3c   0x08000d3c   0x0000004c   Code   RO          594    i.Draw_Frame2       vape.o
    0x08000d88   0x08000d88   0x00000040   Code   RO          783    i.EE_Format         eeprom.o
    0x08000dc8   0x08000dc8   0x0000001c   Code   RO          784    i.EE_Read           eeprom.o
    0x08000de4   0x08000de4   0x0000002c   Code   RO          785    i.EE_Reads          eeprom.o
    0x08000e10   0x08000e10   0x00000088   Code   RO          786    i.EE_Write          eeprom.o
    0x08000e98   0x08000e98   0x00000006   Code   RO          138    i.EXTI0_IRQHandler  stm32f1xx_it.o
    0x08000e9e   0x08000e9e   0x00000002   PAD
    0x08000ea0   0x08000ea0   0x00000024   Code   RO         2608    i.FLASH_MassErase   stm32f1xx_hal_flash_ex.o
    0x08000ec4   0x08000ec4   0x00000024   Code   RO         2613    i.FLASH_PageErase   stm32f1xx_hal_flash_ex.o
    0x08000ee8   0x08000ee8   0x0000001c   Code   RO         3192    i.FLASH_Program_HalfWord  stm32f1xx_hal_flash.o
    0x08000f04   0x08000f04   0x0000005c   Code   RO         3193    i.FLASH_SetErrorCode  stm32f1xx_hal_flash.o
    0x08000f60   0x08000f60   0x00000054   Code   RO         3194    i.FLASH_WaitForLastOperation  stm32f1xx_hal_flash.o
    0x08000fb4   0x08000fb4   0x00000040   Code   RO          595    i.Get_Volt          vape.o
    0x08000ff4   0x08000ff4   0x00000040   Code   RO          596    i.Get_Watt          vape.o
    0x08001034   0x08001034   0x000000fc   Code   RO         1136    i.HAL_ADC_ConfigChannel  stm32f1xx_hal_adc.o
    0x08001130   0x08001130   0x00000030   Code   RO          227    i.HAL_ADC_ConvCpltCallback  main.o
    0x08001160   0x08001160   0x00000002   Code   RO         1138    i.HAL_ADC_ConvHalfCpltCallback  stm32f1xx_hal_adc.o
    0x08001162   0x08001162   0x00000002   Code   RO         1140    i.HAL_ADC_ErrorCallback  stm32f1xx_hal_adc.o
    0x08001164   0x08001164   0x0000011c   Code   RO         1145    i.HAL_ADC_Init      stm32f1xx_hal_adc.o
    0x08001280   0x08001280   0x00000098   Code   RO          339    i.HAL_ADC_MspInit   stm32f1xx_hal_msp.o
    0x08001318   0x08001318   0x0000010c   Code   RO         1152    i.HAL_ADC_Start_DMA  stm32f1xx_hal_adc.o
    0x08001424   0x08001424   0x00000158   Code   RO         2978    i.HAL_DMA_IRQHandler  stm32f1xx_hal_dma.o
    0x0800157c   0x0800157c   0x00000064   Code   RO         2979    i.HAL_DMA_Init      stm32f1xx_hal_dma.o
    0x080015e0   0x080015e0   0x00000070   Code   RO         2983    i.HAL_DMA_Start_IT  stm32f1xx_hal_dma.o
    0x08001650   0x08001650   0x0000001c   Code   RO         2736    i.HAL_Delay         stm32f1xx_hal.o
    0x0800166c   0x0800166c   0x000000a8   Code   RO         2614    i.HAL_FLASHEx_Erase  stm32f1xx_hal_flash_ex.o
    0x08001714   0x08001714   0x00000014   Code   RO         3198    i.HAL_FLASH_Lock    stm32f1xx_hal_flash.o
    0x08001728   0x08001728   0x00000084   Code   RO         3203    i.HAL_FLASH_Program  stm32f1xx_hal_flash.o
    0x080017ac   0x080017ac   0x00000024   Code   RO         3205    i.HAL_FLASH_Unlock  stm32f1xx_hal_flash.o
    0x080017d0   0x080017d0   0x00000002   Code   RO         1065    i.HAL_GPIO_EXTI_Callback  stm32f1xx_hal_gpio.o
    0x080017d2   0x080017d2   0x00000002   PAD
    0x080017d4   0x080017d4   0x00000018   Code   RO         1066    i.HAL_GPIO_EXTI_IRQHandler  stm32f1xx_hal_gpio.o
    0x080017ec   0x080017ec   0x000001c8   Code   RO         1067    i.HAL_GPIO_Init     stm32f1xx_hal_gpio.o
    0x080019b4   0x080019b4   0x0000000a   Code   RO         1069    i.HAL_GPIO_ReadPin  stm32f1xx_hal_gpio.o
    0x080019be   0x080019be   0x0000000a   Code   RO         1071    i.HAL_GPIO_WritePin  stm32f1xx_hal_gpio.o
    0x080019c8   0x080019c8   0x0000000c   Code   RO         2740    i.HAL_GetTick       stm32f1xx_hal.o
    0x080019d4   0x080019d4   0x00000108   Code   RO         2221    i.HAL_I2C_Init      stm32f1xx_hal_i2c.o
    0x08001adc   0x08001adc   0x0000013c   Code   RO         2240    i.HAL_I2C_Mem_Write  stm32f1xx_hal_i2c.o
    0x08001c18   0x08001c18   0x00000044   Code   RO          341    i.HAL_I2C_MspInit   stm32f1xx_hal_msp.o
    0x08001c5c   0x08001c5c   0x00000010   Code   RO         2742    i.HAL_IncTick       stm32f1xx_hal.o
    0x08001c6c   0x08001c6c   0x00000024   Code   RO         2743    i.HAL_Init          stm32f1xx_hal.o
    0x08001c90   0x08001c90   0x00000028   Code   RO         2744    i.HAL_InitTick      stm32f1xx_hal.o
    0x08001cb8   0x08001cb8   0x00000084   Code   RO          342    i.HAL_MspInit       stm32f1xx_hal_msp.o
    0x08001d3c   0x08001d3c   0x00000016   Code   RO          949    i.HAL_NVIC_EnableIRQ  stm32f1xx_hal_cortex.o
    0x08001d52   0x08001d52   0x00000002   PAD
    0x08001d54   0x08001d54   0x00000040   Code   RO          955    i.HAL_NVIC_SetPriority  stm32f1xx_hal_cortex.o
    0x08001d94   0x08001d94   0x00000024   Code   RO          956    i.HAL_NVIC_SetPriorityGrouping  stm32f1xx_hal_cortex.o
    0x08001db8   0x08001db8   0x00000020   Code   RO         3080    i.HAL_PWR_EnterSTANDBYMode  stm32f1xx_hal_pwr.o
    0x08001dd8   0x08001dd8   0x000000e8   Code   RO         2695    i.HAL_RCCEx_PeriphCLKConfig  stm32f1xx_hal_rcc_ex.o
    0x08001ec0   0x08001ec0   0x0000014c   Code   RO         2871    i.HAL_RCC_ClockConfig  stm32f1xx_hal_rcc.o
    0x0800200c   0x0800200c   0x0000000c   Code   RO         2876    i.HAL_RCC_GetHCLKFreq  stm32f1xx_hal_rcc.o
    0x08002018   0x08002018   0x00000020   Code   RO         2878    i.HAL_RCC_GetPCLK1Freq  stm32f1xx_hal_rcc.o
    0x08002038   0x08002038   0x00000070   Code   RO         2880    i.HAL_RCC_GetSysClockFreq  stm32f1xx_hal_rcc.o
    0x080020a8   0x080020a8   0x000002f8   Code   RO         2883    i.HAL_RCC_OscConfig  stm32f1xx_hal_rcc.o
    0x080023a0   0x080023a0   0x00000018   Code   RO          958    i.HAL_SYSTICK_CLKSourceConfig  stm32f1xx_hal_cortex.o
    0x080023b8   0x080023b8   0x00000002   Code   RO          959    i.HAL_SYSTICK_Callback  stm32f1xx_hal_cortex.o
    0x080023ba   0x080023ba   0x00000028   Code   RO          960    i.HAL_SYSTICK_Config  stm32f1xx_hal_cortex.o
    0x080023e2   0x080023e2   0x00000008   Code   RO          961    i.HAL_SYSTICK_IRQHandler  stm32f1xx_hal_cortex.o
    0x080023ea   0x080023ea   0x0000005a   Code   RO         1312    i.HAL_TIMEx_ConfigBreakDeadTime  stm32f1xx_hal_tim_ex.o
    0x08002444   0x08002444   0x00000050   Code   RO         1327    i.HAL_TIMEx_MasterConfigSynchronization  stm32f1xx_hal_tim_ex.o
    0x08002494   0x08002494   0x00000036   Code   RO         1581    i.HAL_TIM_Base_Init  stm32f1xx_hal_tim.o
    0x080024ca   0x080024ca   0x00000002   PAD
    0x080024cc   0x080024cc   0x00000028   Code   RO          344    i.HAL_TIM_Base_MspInit  stm32f1xx_hal_msp.o
    0x080024f4   0x080024f4   0x000000f0   Code   RO         1590    i.HAL_TIM_ConfigClockSource  stm32f1xx_hal_tim.o
    0x080025e4   0x080025e4   0x00000028   Code   RO          345    i.HAL_TIM_MspPostInit  stm32f1xx_hal_msp.o
    0x0800260c   0x0800260c   0x000000d0   Code   RO         1647    i.HAL_TIM_PWM_ConfigChannel  stm32f1xx_hal_tim.o
    0x080026dc   0x080026dc   0x00000036   Code   RO         1650    i.HAL_TIM_PWM_Init  stm32f1xx_hal_tim.o
    0x08002712   0x08002712   0x00000002   Code   RO         1652    i.HAL_TIM_PWM_MspInit  stm32f1xx_hal_tim.o
    0x08002714   0x08002714   0x00000030   Code   RO         1654    i.HAL_TIM_PWM_Start  stm32f1xx_hal_tim.o
    0x08002744   0x08002744   0x00000002   Code   RO          139    i.HardFault_Handler  stm32f1xx_it.o
    0x08002746   0x08002746   0x00000028   Code   RO         2259    i.I2C_IsAcknowledgeFailed  stm32f1xx_hal_i2c.o
    0x0800276e   0x0800276e   0x00000002   PAD
    0x08002770   0x08002770   0x000000a0   Code   RO         2269    i.I2C_RequestMemoryWrite  stm32f1xx_hal_i2c.o
    0x08002810   0x08002810   0x0000004e   Code   RO         2272    i.I2C_WaitOnBTFFlagUntilTimeout  stm32f1xx_hal_i2c.o
    0x0800285e   0x0800285e   0x00000060   Code   RO         2273    i.I2C_WaitOnFlagUntilTimeout  stm32f1xx_hal_i2c.o
    0x080028be   0x080028be   0x00000086   Code   RO         2274    i.I2C_WaitOnMasterAddressFlagUntilTimeout  stm32f1xx_hal_i2c.o
    0x08002944   0x08002944   0x0000004e   Code   RO         2276    i.I2C_WaitOnTXEFlagUntilTimeout  stm32f1xx_hal_i2c.o
    0x08002992   0x08002992   0x00000002   PAD
    0x08002994   0x08002994   0x00000038   Code   RO          597    i.Kalman            vape.o
    0x080029cc   0x080029cc   0x00000070   Code   RO          228    i.MX_ADC1_Init      main.o
    0x08002a3c   0x08002a3c   0x000000a0   Code   RO          229    i.MX_GPIO_Init      main.o
    0x08002adc   0x08002adc   0x00000038   Code   RO          230    i.MX_I2C1_Init      main.o
    0x08002b14   0x08002b14   0x000000a4   Code   RO          231    i.MX_TIM1_Init      main.o
    0x08002bb8   0x08002bb8   0x00000002   Code   RO          140    i.MemManage_Handler  stm32f1xx_it.o
    0x08002bba   0x08002bba   0x00000002   PAD
    0x08002bbc   0x08002bbc   0x000001b0   Code   RO          599    i.Menu              vape.o
    0x08002d6c   0x08002d6c   0x00000180   Code   RO          600    i.Menu_settings     vape.o
    0x08002eec   0x08002eec   0x00000002   Code   RO          141    i.NMI_Handler       stm32f1xx_it.o
    0x08002eee   0x08002eee   0x00000020   Code   RO          962    i.NVIC_SetPriority  stm32f1xx_hal_cortex.o
    0x08002f0e   0x08002f0e   0x00000002   PAD
    0x08002f10   0x08002f10   0x00000028   Code   RO          601    i.NoCoil            vape.o
    0x08002f38   0x08002f38   0x00000002   Code   RO          142    i.PendSV_Handler    stm32f1xx_it.o
    0x08002f3a   0x08002f3a   0x00000002   PAD
    0x08002f3c   0x08002f3c   0x000000d8   Code   RO          602    i.PowerOn           vape.o
    0x08003014   0x08003014   0x000000b4   Code   RO          603    i.Power_off         vape.o
    0x080030c8   0x080030c8   0x00000028   Code   RO          604    i.Power_off2        vape.o
    0x080030f0   0x080030f0   0x000001f0   Code   RO          606    i.Print_Acum        vape.o
    0x080032e0   0x080032e0   0x00000850   Code   RO          607    i.Print_Acum_charge  vape.o
    0x08003b30   0x08003b30   0x00000024   Code   RO          608    i.Print_Om          vape.o
    0x08003b54   0x08003b54   0x000000a4   Code   RO          609    i.Read_ADC          vape.o
    0x08003bf8   0x08003bf8   0x00000058   Code   RO          610    i.Read_Amp          vape.o
    0x08003c50   0x08003c50   0x00000094   Code   RO          611    i.Read_Om_t         vape.o
    0x08003ce4   0x08003ce4   0x000000a0   Code   RO          613    i.Read_temperature  vape.o
    0x08003d84   0x08003d84   0x00000056   Code   RO          444    i.SSD1306_DrawFilledRectangle  ssd1306.o
    0x08003dda   0x08003dda   0x00000102   Code   RO          446    i.SSD1306_DrawLine  ssd1306.o
    0x08003edc   0x08003edc   0x00000074   Code   RO          447    i.SSD1306_DrawRectangle  ssd1306.o
    0x08003f50   0x08003f50   0x00000018   Code   RO          449    i.SSD1306_OFF       ssd1306.o
    0x08003f68   0x08003f68   0x00000002   Code   RO          143    i.SVC_Handler       stm32f1xx_it.o
    0x08003f6a   0x08003f6a   0x00000002   PAD
    0x08003f6c   0x08003f6c   0x000000ac   Code   RO          614    i.Set_Time_Out      vape.o
    0x08004018   0x08004018   0x0000000e   Code   RO          144    i.SysTick_Handler   stm32f1xx_it.o
    0x08004026   0x08004026   0x0000007c   Code   RO          232    i.SystemClock_Config  main.o
    0x080040a2   0x080040a2   0x00000002   PAD
    0x080040a4   0x080040a4   0x00000048   Code   RO            5    i.SystemInit        system_stm32f1xx.o
    0x080040ec   0x080040ec   0x0000006c   Code   RO         1665    i.TIM_Base_SetConfig  stm32f1xx_hal_tim.o
    0x08004158   0x08004158   0x00000016   Code   RO         1666    i.TIM_CCxChannelCmd  stm32f1xx_hal_tim.o
    0x0800416e   0x0800416e   0x00000014   Code   RO         1672    i.TIM_ETR_SetConfig  stm32f1xx_hal_tim.o
    0x08004182   0x08004182   0x00000010   Code   RO         1673    i.TIM_ITRx_SetConfig  stm32f1xx_hal_tim.o
    0x08004192   0x08004192   0x00000002   PAD
    0x08004194   0x08004194   0x00000058   Code   RO         1674    i.TIM_OC1_SetConfig  stm32f1xx_hal_tim.o
    0x080041ec   0x080041ec   0x0000005c   Code   RO         1675    i.TIM_OC2_SetConfig  stm32f1xx_hal_tim.o
    0x08004248   0x08004248   0x00000058   Code   RO         1676    i.TIM_OC3_SetConfig  stm32f1xx_hal_tim.o
    0x080042a0   0x080042a0   0x00000044   Code   RO         1677    i.TIM_OC4_SetConfig  stm32f1xx_hal_tim.o
    0x080042e4   0x080042e4   0x00000022   Code   RO         1679    i.TIM_TI1_ConfigInputStage  stm32f1xx_hal_tim.o
    0x08004306   0x08004306   0x00000024   Code   RO         1681    i.TIM_TI2_ConfigInputStage  stm32f1xx_hal_tim.o
    0x0800432a   0x0800432a   0x00000002   PAD
    0x0800432c   0x0800432c   0x00000028   Code   RO          615    i.Timer_off         vape.o
    0x08004354   0x08004354   0x00000002   Code   RO          145    i.UsageFault_Handler  stm32f1xx_it.o
    0x08004356   0x08004356   0x00000002   PAD
    0x08004358   0x08004358   0x000002b0   Code   RO          616    i.Varivatt          vape.o
    0x08004608   0x08004608   0x0000025c   Code   RO          617    i.Varivolt          vape.o
    0x08004864   0x08004864   0x00000044   Code   RO          233    i.Vout              main.o
    0x080048a8   0x080048a8   0x00000002   Code   RO          234    i._Error_Handler    main.o
    0x080048aa   0x080048aa   0x00000002   PAD
    0x080048ac   0x080048ac   0x00000028   Code   RO         3540    i.__0sprintf        mc_w.l(printfa.o)
    0x080048d4   0x080048d4   0x0000000e   Code   RO         3645    i.__scatterload_copy  mc_w.l(handlers.o)
    0x080048e2   0x080048e2   0x00000002   Code   RO         3646    i.__scatterload_null  mc_w.l(handlers.o)
    0x080048e4   0x080048e4   0x0000000e   Code   RO         3647    i.__scatterload_zeroinit  mc_w.l(handlers.o)
    0x080048f2   0x080048f2   0x00000002   PAD
    0x080048f4   0x080048f4   0x0000000c   Code   RO         3623    i.__set_errno       mc_w.l(errno.o)
    0x08004900   0x08004900   0x00000184   Code   RO         3545    i._fp_digits        mc_w.l(printfa.o)
    0x08004a84   0x08004a84   0x000006dc   Code   RO         3546    i._printf_core      mc_w.l(printfa.o)
    0x08005160   0x08005160   0x00000024   Code   RO         3547    i._printf_post_padding  mc_w.l(printfa.o)
    0x08005184   0x08005184   0x0000002e   Code   RO         3548    i._printf_pre_padding  mc_w.l(printfa.o)
    0x080051b2   0x080051b2   0x0000000a   Code   RO         3550    i._sputc            mc_w.l(printfa.o)
    0x080051bc   0x080051bc   0x000003ac   Code   RO          235    i.main              main.o
    0x08005568   0x08005568   0x0000004c   Code   RO         3293    i.sqrt              m_ws.l(sqrt.o)
    0x080055b4   0x080055b4   0x00000040   Code   RO          451    i.ssd1306_DrawPixel  ssd1306.o
    0x080055f4   0x080055f4   0x00000020   Code   RO          452    i.ssd1306_Fill      ssd1306.o
    0x08005614   0x08005614   0x000000d0   Code   RO          453    i.ssd1306_Init      ssd1306.o
    0x080056e4   0x080056e4   0x0000000c   Code   RO          454    i.ssd1306_SetCursor  ssd1306.o
    0x080056f0   0x080056f0   0x00000048   Code   RO          455    i.ssd1306_UpdateScreen  ssd1306.o
    0x08005738   0x08005738   0x00000098   Code   RO          456    i.ssd1306_WriteChar  ssd1306.o
    0x080057d0   0x080057d0   0x000000a8   Code   RO          457    i.ssd1306_WriteChar2  ssd1306.o
    0x08005878   0x08005878   0x00000024   Code   RO          458    i.ssd1306_WriteCommand  ssd1306.o
    0x0800589c   0x0800589c   0x0000002c   Code   RO          459    i.ssd1306_WriteString  ssd1306.o
    0x080058c8   0x080058c8   0x00000028   Code   RO          460    i.ssd1306_WriteString2  ssd1306.o
    0x080058f0   0x080058f0   0x00000010   Data   RO            6    .constdata          system_stm32f1xx.o
    0x08005900   0x08005900   0x00000008   Data   RO            7    .constdata          system_stm32f1xx.o
    0x08005908   0x08005908   0x0000076c   Data   RO          405    .constdata          fonts.o
    0x08006074   0x08006074   0x00000d5c   Data   RO          406    .constdata          fonts.o
    0x08006dd0   0x08006dd0   0x00001054   Data   RO          407    .constdata          fonts.o
    0x08007e24   0x08007e24   0x0000128e   Data   RO          409    .constdata          fonts.o
    0x080090b2   0x080090b2   0x00000e1a   Data   RO          410    .constdata          fonts.o
    0x08009ecc   0x08009ecc   0x00000357   Data   RO          834    .constdata          fonts3.o
    0x0800a223   0x0800a223   0x00000240   Data   RO          835    .constdata          fonts3.o
    0x0800a463   0x0800a463   0x00000001   PAD
    0x0800a464   0x0800a464   0x0000006c   Data   RO          618    .conststring        vape.o
    0x0800a4d0   0x0800a4d0   0x00000020   Data   RO         3643    Region$$Table       anon$$obj.o


    Execution Region RW_IRAM1 (Exec base: 0x20000000, Load base: 0x0800a4f0, Size: 0x00001420, Max: 0x00005000, ABSOLUTE, COMPRESSED[0x0000007c])

    Exec Addr    Load Addr    Size         Type   Attr      Idx    E Section Name        Object

    0x20000000   COMPRESSED   0x00000004   Data   RW            8    .data               system_stm32f1xx.o
    0x20000004   COMPRESSED   0x00000040   Data   RW          242    .data               main.o
    0x20000044   COMPRESSED   0x00000004   Data   RW          243    .data               main.o
    0x20000048   COMPRESSED   0x00000001   Data   RW          244    .data               main.o
    0x20000049   COMPRESSED   0x00000003   PAD
    0x2000004c   COMPRESSED   0x00000008   Data   RW          246    .data               main.o
    0x20000054   COMPRESSED   0x00000005   Data   RW          247    .data               main.o
    0x20000059   COMPRESSED   0x00000006   Data   RW          248    .data               main.o
    0x2000005f   COMPRESSED   0x00000001   PAD
    0x20000060   COMPRESSED   0x00000004   Data   RW          250    .data               main.o
    0x20000064   COMPRESSED   0x00000006   Data   RW          251    .data               main.o
    0x2000006a   COMPRESSED   0x00000006   Data   RW          252    .data               main.o
    0x20000070   COMPRESSED   0x00000008   Data   RW          412    .data               fonts.o
    0x20000078   COMPRESSED   0x00000008   Data   RW          413    .data               fonts.o
    0x20000080   COMPRESSED   0x00000008   Data   RW          414    .data               fonts.o
    0x20000088   COMPRESSED   0x00000008   Data   RW          416    .data               fonts.o
    0x20000090   COMPRESSED   0x00000008   Data   RW          417    .data               fonts.o
    0x20000098   COMPRESSED   0x00000006   Data   RW          463    .data               ssd1306.o
    0x2000009e   COMPRESSED   0x00000002   PAD
    0x200000a0   COMPRESSED   0x0000021c   Data   RW          620    .data               vape.o
    0x200002bc   COMPRESSED   0x0000000c   Data   RW          836    .data               fonts3.o
    0x200002c8   COMPRESSED   0x00000004   Data   RW         2749    .data               stm32f1xx_hal.o
    0x200002cc   COMPRESSED   0x00000004   Data   RW         3624    .data               mc_w.l(errno.o)
    0x200002d0        -       0x000000e5   Zero   RW          236    .bss                main.o
    0x200003b5   COMPRESSED   0x00000003   PAD
    0x200003b8        -       0x00000044   Zero   RW          237    .bss                main.o
    0x200003fc        -       0x00000400   Zero   RW          462    .bss                ssd1306.o
    0x200007fc        -       0x00000800   Zero   RW          788    .bss                eeprom.o
    0x20000ffc   COMPRESSED   0x00000004   PAD
    0x20001000        -       0x00000020   Zero   RW         3206    .bss                stm32f1xx_hal_flash.o
    0x20001020        -       0x00000400   Zero   RW          125    STACK               startup_stm32f103xb.o


==============================================================================

Image component sizes


      Code (inc. data)   RO Data    RW Data    ZI Data      Debug   Object Name

       272         28          0          0       2048       3223   eeprom.o
         0          0      17860         40          0       1310   fonts.o
         0          0       1431         12          0        847   fonts3.o
      1674        134          0        104        297       8325   main.o
      1312         46          0          6       1024      10936   ssd1306.o
        36          8        236          0       1024        748   startup_stm32f103xb.o
       132         22          0          4          0       3499   stm32f1xx_hal.o
      1108         58          0          0          0       7835   stm32f1xx_hal_adc.o
       228         14          0          0          0      27153   stm32f1xx_hal_cortex.o
       598         32          0          0          0       3491   stm32f1xx_hal_dma.o
       392         48          0          0         32       4550   stm32f1xx_hal_flash.o
       240         26          0          0          0       3181   stm32f1xx_hal_flash_ex.o
       502         40          0          0          0       4483   stm32f1xx_hal_gpio.o
      1166         24          0          0          0       8827   stm32f1xx_hal_i2c.o
       432         92          0          0          0       3183   stm32f1xx_hal_msp.o
        32          8          0          0          0        495   stm32f1xx_hal_pwr.o
      1248         88          0          0          0       5077   stm32f1xx_hal_rcc.o
       232         12          0          0          0       1400   stm32f1xx_hal_rcc_ex.o
      1178         40          0          0          0      12006   stm32f1xx_hal_tim.o
       170          0          0          0          0       1996   stm32f1xx_hal_tim_ex.o
        48          6          0          0          0       4432   stm32f1xx_it.o
        72         16         24          4          0     451187   system_stm32f1xx.o
      6612       1042        108        540          0      15308   vape.o

    ----------------------------------------------------------------------
     17718       1784      19692        716       4432     583492   Object Totals
         0          0         32          0          0          0   (incl. Generated)
        34          0          1          6          7          0   (incl. Padding)

    ----------------------------------------------------------------------

      Code (inc. data)   RO Data    RW Data    ZI Data      Debug   Library Member Name

        76          0          0          0          0         84   sqrt.o
        86          0          0          0          0          0   __dczerorl2.o
         0          0          0          0          0          0   entry.o
         0          0          0          0          0          0   entry10a.o
         0          0          0          0          0          0   entry11a.o
         8          4          0          0          0          0   entry2.o
         4          0          0          0          0          0   entry5.o
         0          0          0          0          0          0   entry7b.o
         0          0          0          0          0          0   entry8b.o
         8          4          0          0          0          0   entry9a.o
        12          6          0          4          0         68   errno.o
        30          0          0          0          0          0   handlers.o
        36          8          0          0          0         68   init.o
         0          0          0          0          0          0   iusefp.o
        30          0          0          0          0         68   llshl.o
        36          0          0          0          0         68   llsshr.o
        32          0          0          0          0         68   llushr.o
      2276         86          0          0          0        520   printfa.o
        44          0          0          0          0         80   uidiv.o
        98          0          0          0          0         92   uldiv.o
        48          0          0          0          0         68   cdrcmple.o
        56          0          0          0          0         88   d2f.o
       334          0          0          0          0        148   dadd.o
       222          0          0          0          0        100   ddiv.o
       186          0          0          0          0        176   depilogue.o
        50          0          0          0          0         76   dfixui.o
        48          0          0          0          0         68   dfixul.o
        26          0          0          0          0         76   dfltui.o
       228          0          0          0          0         96   dmul.o
        46          0          0          0          0         80   dscalb.o
       162          0          0          0          0        100   dsqrt.o
        38          0          0          0          0         68   f2d.o
       176          0          0          0          0        140   fadd.o
       124          0          0          0          0         88   fdiv.o
       110          0          0          0          0        168   fepilogue.o
        50          0          0          0          0         68   ffixi.o
        18          0          0          0          0         68   fflti.o
        10          0          0          0          0         68   ffltui.o
       100          0          0          0          0         76   fmul.o

    ----------------------------------------------------------------------
      4814        108          0          4          0       2936   Library Totals
         6          0          0          0          0          0   (incl. Padding)

    ----------------------------------------------------------------------

      Code (inc. data)   RO Data    RW Data    ZI Data      Debug   Library Name

        76          0          0          0          0         84   m_ws.l
      2700        108          0          4          0       1032   mc_w.l
      2032          0          0          0          0       1820   mf_w.l

    ----------------------------------------------------------------------
      4814        108          0          4          0       2936   Library Totals

    ----------------------------------------------------------------------

==============================================================================


      Code (inc. data)   RO Data    RW Data    ZI Data      Debug   

     22532       1892      19692        720       4432     577872   Grand Totals
     22532       1892      19692        124       4432     577872   ELF Image Totals (compressed)
     22532       1892      19692        124          0          0   ROM Totals

==============================================================================

    Total RO  Size (Code + RO Data)                42224 (  41.23kB)
    Total RW  Size (RW Data + ZI Data)              5152 (   5.03kB)
    Total ROM Size (Code + RO Data + RW Data)      42348 (  41.36kB)

==============================================================================

