Component: ARM Compiler 5.06 update 5 (build 528) Tool: armlink [4d35e2]

==============================================================================

Section Cross References

    system_stm32f1xx.o(i.SystemCoreClockUpdate) refers to system_stm32f1xx.o(.data) for SystemCoreClock
    system_stm32f1xx.o(i.SystemCoreClockUpdate) refers to system_stm32f1xx.o(.constdata) for AHBPrescTable
    startup_stm32f103xb.o(RESET) refers to startup_stm32f103xb.o(STACK) for __initial_sp
    startup_stm32f103xb.o(RESET) refers to startup_stm32f103xb.o(.text) for Reset_Handler
    startup_stm32f103xb.o(RESET) refers to stm32f1xx_it.o(i.NMI_Handler) for NMI_Handler
    startup_stm32f103xb.o(RESET) refers to stm32f1xx_it.o(i.HardFault_Handler) for HardFault_Handler
    startup_stm32f103xb.o(RESET) refers to stm32f1xx_it.o(i.MemManage_Handler) for MemManage_Handler
    startup_stm32f103xb.o(RESET) refers to stm32f1xx_it.o(i.BusFault_Handler) for BusFault_Handler
    startup_stm32f103xb.o(RESET) refers to stm32f1xx_it.o(i.UsageFault_Handler) for UsageFault_Handler
    startup_stm32f103xb.o(RESET) refers to stm32f1xx_it.o(i.SVC_Handler) for SVC_Handler
    startup_stm32f103xb.o(RESET) refers to stm32f1xx_it.o(i.DebugMon_Handler) for DebugMon_Handler
    startup_stm32f103xb.o(RESET) refers to stm32f1xx_it.o(i.PendSV_Handler) for PendSV_Handler
    startup_stm32f103xb.o(RESET) refers to stm32f1xx_it.o(i.SysTick_Handler) for SysTick_Handler
    startup_stm32f103xb.o(RESET) refers to stm32f1xx_it.o(i.EXTI0_IRQHandler) for EXTI0_IRQHandler
    startup_stm32f103xb.o(RESET) refers to stm32f1xx_it.o(i.DMA1_Channel1_IRQHandler) for DMA1_Channel1_IRQHandler
    startup_stm32f103xb.o(.text) refers to system_stm32f1xx.o(i.SystemInit) for SystemInit
    startup_stm32f103xb.o(.text) refers to entry.o(.ARM.Collect$$$$00000000) for __main
    stm32f1xx_it.o(i.DMA1_Channel1_IRQHandler) refers to stm32f1xx_hal_dma.o(i.HAL_DMA_IRQHandler) for HAL_DMA_IRQHandler
    stm32f1xx_it.o(i.DMA1_Channel1_IRQHandler) refers to main.o(.bss) for hdma_adc1
    stm32f1xx_it.o(i.EXTI0_IRQHandler) refers to stm32f1xx_hal_gpio.o(i.HAL_GPIO_EXTI_IRQHandler) for HAL_GPIO_EXTI_IRQHandler
    stm32f1xx_it.o(i.SysTick_Handler) refers to stm32f1xx_hal.o(i.HAL_IncTick) for HAL_IncTick
    stm32f1xx_it.o(i.SysTick_Handler) refers to stm32f1xx_hal_cortex.o(i.HAL_SYSTICK_IRQHandler) for HAL_SYSTICK_IRQHandler
    stm32f1xx_it.o(i.SysTick_Handler) refers to fadd.o(.text) for __aeabi_fadd
    stm32f1xx_it.o(i.SysTick_Handler) refers to vape.o(.data) for temp_timestamp
    main.o(i.HAL_ADC_ConvCpltCallback) refers to ffltui.o(.text) for __aeabi_ui2f
    main.o(i.HAL_ADC_ConvCpltCallback) refers to main.o(.bss) for adc_buffer
    main.o(i.MX_ADC1_Init) refers to stm32f1xx_hal_adc.o(i.HAL_ADC_Init) for HAL_ADC_Init
    main.o(i.MX_ADC1_Init) refers to main.o(i._Error_Handler) for _Error_Handler
    main.o(i.MX_ADC1_Init) refers to stm32f1xx_hal_adc.o(i.HAL_ADC_ConfigChannel) for HAL_ADC_ConfigChannel
    main.o(i.MX_ADC1_Init) refers to main.o(.bss) for hadc1
    main.o(i.MX_DMA_Init) refers to stm32f1xx_hal_cortex.o(i.HAL_NVIC_SetPriority) for HAL_NVIC_SetPriority
    main.o(i.MX_DMA_Init) refers to stm32f1xx_hal_cortex.o(i.HAL_NVIC_EnableIRQ) for HAL_NVIC_EnableIRQ
    main.o(i.MX_GPIO_Init) refers to stm32f1xx_hal_gpio.o(i.HAL_GPIO_WritePin) for HAL_GPIO_WritePin
    main.o(i.MX_GPIO_Init) refers to stm32f1xx_hal_gpio.o(i.HAL_GPIO_Init) for HAL_GPIO_Init
    main.o(i.MX_GPIO_Init) refers to stm32f1xx_hal_cortex.o(i.HAL_NVIC_SetPriority) for HAL_NVIC_SetPriority
    main.o(i.MX_GPIO_Init) refers to stm32f1xx_hal_cortex.o(i.HAL_NVIC_EnableIRQ) for HAL_NVIC_EnableIRQ
    main.o(i.MX_I2C1_Init) refers to stm32f1xx_hal_i2c.o(i.HAL_I2C_Init) for HAL_I2C_Init
    main.o(i.MX_I2C1_Init) refers to main.o(i._Error_Handler) for _Error_Handler
    main.o(i.MX_I2C1_Init) refers to main.o(.bss) for hi2c1
    main.o(i.MX_TIM1_Init) refers to stm32f1xx_hal_tim.o(i.HAL_TIM_Base_Init) for HAL_TIM_Base_Init
    main.o(i.MX_TIM1_Init) refers to main.o(i._Error_Handler) for _Error_Handler
    main.o(i.MX_TIM1_Init) refers to stm32f1xx_hal_tim.o(i.HAL_TIM_ConfigClockSource) for HAL_TIM_ConfigClockSource
    main.o(i.MX_TIM1_Init) refers to stm32f1xx_hal_tim.o(i.HAL_TIM_PWM_Init) for HAL_TIM_PWM_Init
    main.o(i.MX_TIM1_Init) refers to stm32f1xx_hal_tim_ex.o(i.HAL_TIMEx_MasterConfigSynchronization) for HAL_TIMEx_MasterConfigSynchronization
    main.o(i.MX_TIM1_Init) refers to stm32f1xx_hal_tim.o(i.HAL_TIM_PWM_ConfigChannel) for HAL_TIM_PWM_ConfigChannel
    main.o(i.MX_TIM1_Init) refers to stm32f1xx_hal_tim_ex.o(i.HAL_TIMEx_ConfigBreakDeadTime) for HAL_TIMEx_ConfigBreakDeadTime
    main.o(i.MX_TIM1_Init) refers to stm32f1xx_hal_msp.o(i.HAL_TIM_MspPostInit) for HAL_TIM_MspPostInit
    main.o(i.MX_TIM1_Init) refers to main.o(.bss) for htim1
    main.o(i.MX_TIM1_Init) refers to main.o(.data) for PWM_UP
[...]
    .text                                    0x08000858   Section        0  fepilogue.o(.text)
    .text                                    0x08000858   Section        0  iusefp.o(.text)
    .text                                    0x080008c6   Section        0  depilogue.o(.text)
    .text                                    0x08000980   Section        0  dsqrt.o(.text)
    .text                                    0x08000a22   Section        0  dfixul.o(.text)
    .text                                    0x08000a54   Section       36  init.o(.text)
    .text                                    0x08000a78   Section        0  __dczerorl2.o(.text)
    i.ADC_ConversionStop_Disable             0x08000ace   Section        0  stm32f1xx_hal_adc.o(i.ADC_ConversionStop_Disable)
    i.ADC_DMAConvCplt                        0x08000b20   Section        0  stm32f1xx_hal_adc.o(i.ADC_DMAConvCplt)
    i.ADC_DMAError                           0x08000b72   Section        0  stm32f1xx_hal_adc.o(i.ADC_DMAError)
    i.ADC_DMAHalfConvCplt                    0x08000b90   Section        0  stm32f1xx_hal_adc.o(i.ADC_DMAHalfConvCplt)
    i.ADC_Enable                             0x08000ba0   Section        0  stm32f1xx_hal_adc.o(i.ADC_Enable)
    i.BusFault_Handler                       0x08000c24   Section        0  stm32f1xx_it.o(i.BusFault_Handler)
    i.Charge                                 0x08000c28   Section        0  vape.o(i.Charge)
    i.Counter_Fire                           0x08000cf8   Section        0  vape.o(i.Counter_Fire)
    i.DMA1_Channel1_IRQHandler               0x08000d18   Section        0  stm32f1xx_it.o(i.DMA1_Channel1_IRQHandler)
    i.DMA_SetConfig                          0x08000d28   Section        0  stm32f1xx_hal_dma.o(i.DMA_SetConfig)
    DMA_SetConfig                            0x08000d29   Thumb Code    44  stm32f1xx_hal_dma.o(i.DMA_SetConfig)
    i.DebugMon_Handler                       0x08000d54   Section        0  stm32f1xx_it.o(i.DebugMon_Handler)
    i.Draw_Acumulator                        0x08000d56   Section        0  vape.o(i.Draw_Acumulator)
    i.Draw_Frame2                            0x08000dca   Section        0  vape.o(i.Draw_Frame2)
    i.EE_Format                              0x08000e20   Section        0  eeprom.o(i.EE_Format)
    i.EE_Read                                0x08000e60   Section        0  eeprom.o(i.EE_Read)
    i.EE_Readint                             0x08000e7c   Section        0  eeprom.o(i.EE_Readint)
    i.EE_Reads                               0x08000e98   Section        0  eeprom.o(i.EE_Reads)
    i.EE_Write                               0x08000ec8   Section        0  eeprom.o(i.EE_Write)
    i.EXTI0_IRQHandler                       0x08000f70   Section        0  stm32f1xx_it.o(i.EXTI0_IRQHandler)
    i.FLASH_MassErase                        0x08000f7c   Section        0  stm32f1xx_hal_flash_ex.o(i.FLASH_MassErase)
    FLASH_MassErase                          0x08000f7d   Thumb Code    30  stm32f1xx_hal_flash_ex.o(i.FLASH_MassErase)
    i.FLASH_PageErase                        0x08000fa4   Section        0  stm32f1xx_hal_flash_ex.o(i.FLASH_PageErase)
    i.FLASH_Program_HalfWord                 0x08000fcc   Section        0  stm32f1xx_hal_flash.o(i.FLASH_Program_HalfWord)
    FLASH_Program_HalfWord                   0x08000fcd   Thumb Code    22  stm32f1xx_hal_flash.o(i.FLASH_Program_HalfWord)
    i.FLASH_SetErrorCode                     0x08000fec   Section        0  stm32f1xx_hal_flash.o(i.FLASH_SetErrorCode)
    FLASH_SetErrorCode                       0x08000fed   Thumb Code   124  stm32f1xx_hal_flash.o(i.FLASH_SetErrorCode)
    i.FLASH_WaitForLastOperation             0x08001070   Section        0  stm32f1xx_hal_flash.o(i.FLASH_WaitForLastOperation)
    i.Get_Volt                               0x080010e0   Section        0  vape.o(i.Get_Volt)
    i.Get_Watt                               0x08001128   Section        0  vape.o(i.Get_Watt)
    i.HAL_ADCEx_Calibration_Start            0x08001170   Section        0  stm32f1xx_hal_adc_ex.o(i.HAL_ADCEx_Calibration_Start)
    i.HAL_ADC_ConfigChannel                  0x08001274   Section        0  stm32f1xx_hal_adc.o(i.HAL_ADC_ConfigChannel)
    i.HAL_ADC_ConvCpltCallback               0x080013d4   Section        0  main.o(i.HAL_ADC_ConvCpltCallback)
    i.HAL_ADC_ConvHalfCpltCallback           0x08001408   Section        0  stm32f1xx_hal_adc.o(i.HAL_ADC_ConvHalfCpltCallback)
    i.HAL_ADC_ErrorCallback                  0x0800140a   Section        0  stm32f1xx_hal_adc.o(i.HAL_ADC_ErrorCallback)
    i.HAL_ADC_Init                           0x0800140c   Section        0  stm32f1xx_hal_adc.o(i.HAL_ADC_Init)
    i.HAL_ADC_MspInit                        0x08001550   Section        0  stm32f1xx_hal_msp.o(i.HAL_ADC_MspInit)
    i.HAL_ADC_Start_DMA                      0x080015fc   Section        0  stm32f1xx_hal_adc.o(i.HAL_ADC_Start_DMA)
    i.HAL_DMA_IRQHandler                     0x0800177c   Section        0  stm32f1xx_hal_dma.o(i.HAL_DMA_IRQHandler)
    i.HAL_DMA_Init                           0x08001918   Section        0  stm32f1xx_hal_dma.o(i.HAL_DMA_Init)
    i.HAL_DMA_Start_IT                       0x08001988   Section        0  stm32f1xx_hal_dma.o(i.HAL_DMA_Start_IT)
    i.HAL_Delay                              0x08001a24   Section        0  stm32f1xx_hal.o(i.HAL_Delay)
    i.HAL_FLASHEx_Erase                      0x08001a40   Section        0  stm32f1xx_hal_flash_ex.o(i.HAL_FLASHEx_Erase)
    i.HAL_FLASH_Lock                         0x08001af0   Section        0  stm32f1xx_hal_flash.o(i.HAL_FLASH_Lock)
    i.HAL_FLASH_Program                      0x08001b04   Section        0  stm32f1xx_hal_flash.o(i.HAL_FLASH_Program)
    i.HAL_FLASH_Unlock                       0x08001bb4   Section        0  stm32f1xx_hal_flash.o(i.HAL_FLASH_Unlock)
    i.HAL_GPIO_EXTI_Callback                 0x08001be0   Section        0  stm32f1xx_hal_gpio.o(i.HAL_GPIO_EXTI_Callback)
    i.HAL_GPIO_EXTI_IRQHandler               0x08001be4   Section        0  stm32f1xx_hal_gpio.o(i.HAL_GPIO_EXTI_IRQHandler)
    i.HAL_GPIO_Init                          0x08001c00   Section        0  stm32f1xx_hal_gpio.o(i.HAL_GPIO_Init)
    i.HAL_GPIO_ReadPin                       0x08001f1c   Section        0  stm32f1xx_hal_gpio.o(i.HAL_GPIO_ReadPin)
    i.HAL_GPIO_WritePin                      0x08001f2c   Section        0  stm32f1xx_hal_gpio.o(i.HAL_GPIO_WritePin)
    i.HAL_GetTick                            0x08001f38   Section        0  stm32f1xx_hal.o(i.HAL_GetTick)
    i.HAL_I2C_Init                           0x08001f44   Section        0  stm32f1xx_hal_i2c.o(i.HAL_I2C_Init)
    i.HAL_I2C_Mem_Write                      0x0800206c   Section        0  stm32f1xx_hal_i2c.o(i.HAL_I2C_Mem_Write)
    i.HAL_I2C_MspInit                        0x080021f4   Section        0  stm32f1xx_hal_msp.o(i.HAL_I2C_MspInit)
    i.HAL_IncTick                            0x08002244   Section        0  stm32f1xx_hal.o(i.HAL_IncTick)
    i.HAL_Init                               0x08002254   Section        0  stm32f1xx_hal.o(i.HAL_Init)
    i.HAL_InitTick                           0x08002278   Section        0  stm32f1xx_hal.o(i.HAL_InitTick)
    i.HAL_MspInit                            0x080022a0   Section        0  stm32f1xx_hal_msp.o(i.HAL_MspInit)
    i.HAL_NVIC_EnableIRQ                     0x08002334   Section        0  stm32f1xx_hal_cortex.o(i.HAL_NVIC_EnableIRQ)
    i.HAL_NVIC_SetPriority                   0x0800234e   Section        0  stm32f1xx_hal_cortex.o(i.HAL_NVIC_SetPriority)
    i.HAL_NVIC_SetPriorityGrouping           0x080023cc   Section        0  stm32f1xx_hal_cortex.o(i.HAL_NVIC_SetPriorityGrouping)
    i.HAL_PWR_EnterSTANDBYMode               0x080023f4   Section        0  stm32f1xx_hal_pwr.o(i.HAL_PWR_EnterSTANDBYMode)
    i.HAL_RCCEx_GetPeriphCLKFreq             0x0800241c   Section        0  stm32f1xx_hal_rcc_ex.o(i.HAL_RCCEx_GetPeriphCLKFreq)
    i.HAL_RCCEx_PeriphCLKConfig              0x08002540   Section        0  stm32f1xx_hal_rcc_ex.o(i.HAL_RCCEx_PeriphCLKConfig)
    i.HAL_RCC_ClockConfig                    0x08002670   Section        0  stm32f1xx_hal_rcc.o(i.HAL_RCC_ClockConfig)
    i.HAL_RCC_GetHCLKFreq                    0x08002814   Section        0  stm32f1xx_hal_rcc.o(i.HAL_RCC_GetHCLKFreq)
    i.HAL_RCC_GetPCLK1Freq                   0x08002820   Section        0  stm32f1xx_hal_rcc.o(i.HAL_RCC_GetPCLK1Freq)
    i.HAL_RCC_GetPCLK2Freq                   0x08002840   Section        0  stm32f1xx_hal_rcc.o(i.HAL_RCC_GetPCLK2Freq)
    i.HAL_RCC_GetSysClockFreq                0x08002860   Section        0  stm32f1xx_hal_rcc.o(i.HAL_RCC_GetSysClockFreq)
    i.HAL_RCC_OscConfig                      0x080028fc   Section        0  stm32f1xx_hal_rcc.o(i.HAL_RCC_OscConfig)
    i.HAL_SYSTICK_CLKSourceConfig            0x08002d3c   Section        0  stm32f1xx_hal_cortex.o(i.HAL_SYSTICK_CLKSourceConfig)
    i.HAL_SYSTICK_Callback                   0x08002d64   Section        0  stm32f1xx_hal_cortex.o(i.HAL_SYSTICK_Callback)
    i.HAL_SYSTICK_Config                     0x08002d66   Section        0  stm32f1xx_hal_cortex.o(i.HAL_SYSTICK_Config)
    i.HAL_SYSTICK_IRQHandler                 0x08002d9a   Section        0  stm32f1xx_hal_cortex.o(i.HAL_SYSTICK_IRQHandler)
    i.HAL_TIMEx_ConfigBreakDeadTime          0x08002da2   Section        0  stm32f1xx_hal_tim_ex.o(i.HAL_TIMEx_ConfigBreakDeadTime)
    i.HAL_TIMEx_MasterConfigSynchronization  0x08002e20   Section        0  stm32f1xx_hal_tim_ex.o(i.HAL_TIMEx_MasterConfigSynchronization)
    i.HAL_TIM_Base_Init                      0x08002e82   Section        0  stm32f1xx_hal_tim.o(i.HAL_TIM_Base_Init)
    i.HAL_TIM_Base_MspInit                   0x08002eb8   Section        0  stm32f1xx_hal_msp.o(i.HAL_TIM_Base_MspInit)
    i.HAL_TIM_ConfigClockSource              0x08002ee8   Section        0  stm32f1xx_hal_tim.o(i.HAL_TIM_ConfigClockSource)
    i.HAL_TIM_MspPostInit                    0x0800301c   Section        0  stm32f1xx_hal_msp.o(i.HAL_TIM_MspPostInit)
    i.HAL_TIM_PWM_ConfigChannel              0x08003044   Section        0  stm32f1xx_hal_tim.o(i.HAL_TIM_PWM_ConfigChannel)
    i.HAL_TIM_PWM_Init                       0x0800314c   Section        0  stm32f1xx_hal_tim.o(i.HAL_TIM_PWM_Init)
    i.HAL_TIM_PWM_MspInit                    0x08003180   Section        0  stm32f1xx_hal_tim.o(i.HAL_TIM_PWM_MspInit)
    i.HAL_TIM_PWM_Start                      0x08003184   Section        0  stm32f1xx_hal_tim.o(i.HAL_TIM_PWM_Start)
    i.HardFault_Handler                      0x080031c4   Section        0  stm32f1xx_it.o(i.HardFault_Handler)
    i.I2C_IsAcknowledgeFailed                0x080031c8   Section        0  stm32f1xx_hal_i2c.o(i.I2C_IsAcknowledgeFailed)
    I2C_IsAcknowledgeFailed                  0x080031c9   Thumb Code    52  stm32f1xx_hal_i2c.o(i.I2C_IsAcknowledgeFailed)
    i.I2C_RequestMemoryWrite                 0x080031fc   Section        0  stm32f1xx_hal_i2c.o(i.I2C_RequestMemoryWrite)
    I2C_RequestMemoryWrite                   0x080031fd   Thumb Code   218  stm32f1xx_hal_i2c.o(i.I2C_RequestMemoryWrite)
    i.I2C_WaitOnBTFFlagUntilTimeout          0x080032dc   Section        0  stm32f1xx_hal_i2c.o(i.I2C_WaitOnBTFFlagUntilTimeout)
    I2C_WaitOnBTFFlagUntilTimeout            0x080032dd   Thumb Code    86  stm32f1xx_hal_i2c.o(i.I2C_WaitOnBTFFlagUntilTimeout)
    i.I2C_WaitOnFlagUntilTimeout             0x08003332   Section        0  stm32f1xx_hal_i2c.o(i.I2C_WaitOnFlagUntilTimeout)
    I2C_WaitOnFlagUntilTimeout               0x08003333   Thumb Code   124  stm32f1xx_hal_i2c.o(i.I2C_WaitOnFlagUntilTimeout)
    i.I2C_WaitOnMasterAddressFlagUntilTimeout 0x080033ae   Section        0  stm32f1xx_hal_i2c.o(i.I2C_WaitOnMasterAddressFlagUntilTimeout)
    I2C_WaitOnMasterAddressFlagUntilTimeout  0x080033af   Thumb Code   172  stm32f1xx_hal_i2c.o(i.I2C_WaitOnMasterAddressFlagUntilTimeout)
    i.I2C_WaitOnTXEFlagUntilTimeout          0x0800345a   Section        0  stm32f1xx_hal_i2c.o(i.I2C_WaitOnTXEFlagUntilTimeout)
    I2C_WaitOnTXEFlagUntilTimeout            0x0800345b   Thumb Code    86  stm32f1xx_hal_i2c.o(i.I2C_WaitOnTXEFlagUntilTimeout)
    i.Info                                   0x080034b0   Section        0  vape.o(i.Info)
    i.MX_ADC1_Init                           0x080035c8   Section        0  main.o(i.MX_ADC1_Init)
    MX_ADC1_Init                             0x080035c9   Thumb Code   146  main.o(i.MX_ADC1_Init)
    i.MX_DMA_Init                            0x08003674   Section        0  main.o(i.MX_DMA_Init)
    MX_DMA_Init                              0x08003675   Thumb Code    48  main.o(i.MX_DMA_Init)
    i.MX_GPIO_Init                           0x080036a8   Section        0  main.o(i.MX_GPIO_Init)
    MX_GPIO_Init                             0x080036a9   Thumb Code   178  main.o(i.MX_GPIO_Init)
    i.MX_I2C1_Init                           0x0800376c   Section        0  main.o(i.MX_I2C1_Init)
    MX_I2C1_Init                             0x0800376d   Thumb Code    54  main.o(i.MX_I2C1_Init)
    i.MX_TIM1_Init                           0x080037c0   Section        0  main.o(i.MX_TIM1_Init)
    MX_TIM1_Init                             0x080037c1   Thumb Code   216  main.o(i.MX_TIM1_Init)
    i.MemManage_Handler                      0x080038b4   Section        0  stm32f1xx_it.o(i.MemManage_Handler)
    i.Menu                                   0x080038b8   Section        0  vape.o(i.Menu)
    i.Menu_settings                          0x08003af0   Section        0  vape.o(i.Menu_settings)
    i.NMI_Handler                            0x08003d54   Section        0  stm32f1xx_it.o(i.NMI_Handler)
    i.NVIC_GetPriorityGrouping               0x08003d58   Section        0  stm32f1xx_hal_cortex.o(i.NVIC_GetPriorityGrouping)
    NVIC_GetPriorityGrouping                 0x08003d59   Thumb Code    10  stm32f1xx_hal_cortex.o(i.NVIC_GetPriorityGrouping)
    i.NVIC_SetPriority                       0x08003d68   Section        0  stm32f1xx_hal_cortex.o(i.NVIC_SetPriority)
    NVIC_SetPriority                         0x08003d69   Thumb Code    32  stm32f1xx_hal_cortex.o(i.NVIC_SetPriority)
    i.NoCoil                                 0x08003d90   Section        0  vape.o(i.NoCoil)
    i.Out_Time                               0x08003db8   Section        0  vape.o(i.Out_Time)
    i.PendSV_Handler                         0x08003dfc   Section        0  stm32f1xx_it.o(i.PendSV_Handler)
    i.PowerOn2                               0x08003e00   Section        0  vape.o(i.PowerOn2)
    i.Power_click                            0x08003ef0   Section        0  vape.o(i.Power_click)
    i.Power_off                              0x08003f48   Section        0  vape.o(i.Power_off)
    i.Power_off2                             0x08004020   Section        0  vape.o(i.Power_off2)
    i.Print_Acum                             0x0800404c   Section        0  vape.o(i.Print_Acum)
    i.Print_Acum_charge                      0x08004350   Section        0  vape.o(i.Print_Acum_charge)
    i.Print_Om                               0x08005318   Section        0  vape.o(i.Print_Om)
    i.Print_Sec                              0x0800533c   Section        0  vape.o(i.Print_Sec)
    i.PuffsPrint                             0x08005390   Section        0  vape.o(i.PuffsPrint)
    i.RCC_Delay                              0x080054b4   Section        0  stm32f1xx_hal_rcc.o(i.RCC_Delay)
    RCC_Delay                                0x080054b5   Thumb Code    36  stm32f1xx_hal_rcc.o(i.RCC_Delay)
    i.Read_ADC                               0x080054dc   Section        0  vape.o(i.Read_ADC)
    i.Read_Amp                               0x08005588   Section        0  vape.o(i.Read_Amp)
    i.Read_Om_t                              0x0800561c   Section        0  vape.o(i.Read_Om_t)
    i.Read_temperature                       0x080056d0   Section        0  vape.o(i.Read_temperature)
    i.SSD1306_DrawFilledRectangle            0x08005794   Section        0  ssd1306.o(i.SSD1306_DrawFilledRectangle)
    i.SSD1306_DrawLine                       0x080057ea   Section        0  ssd1306.o(i.SSD1306_DrawLine)
    i.SSD1306_OFF                            0x080058ec   Section        0  ssd1306.o(i.SSD1306_OFF)
    i.SVC_Handler                            0x08005904   Section        0  stm32f1xx_it.o(i.SVC_Handler)
    i.Set_Out                                0x08005908   Section        0  vape.o(i.Set_Out)
    i.Set_Time_Out                           0x08005ad4   Section        0  vape.o(i.Set_Time_Out)
    i.SysTick_Handler                        0x08005c48   Section        0  stm32f1xx_it.o(i.SysTick_Handler)
    i.SystemClock_Config                     0x08005c68   Section        0  main.o(i.SystemClock_Config)
    i.SystemInit                             0x08005d18   Section        0  system_stm32f1xx.o(i.SystemInit)
    i.TIM_Base_SetConfig                     0x08005d70   Section        0  stm32f1xx_hal_tim.o(i.TIM_Base_SetConfig)
    i.TIM_CCxChannelCmd                      0x08005de4   Section        0  stm32f1xx_hal_tim.o(i.TIM_CCxChannelCmd)
    i.TIM_ETR_SetConfig                      0x08005e00   Section        0  stm32f1xx_hal_tim.o(i.TIM_ETR_SetConfig)
    TIM_ETR_SetConfig                        0x08005e01   Thumb Code    24  stm32f1xx_hal_tim.o(i.TIM_ETR_SetConfig)
    i.TIM_ITRx_SetConfig                     0x08005e18   Section        0  stm32f1xx_hal_tim.o(i.TIM_ITRx_SetConfig)
    TIM_ITRx_SetConfig                       0x08005e19   Thumb Code    20  stm32f1xx_hal_tim.o(i.TIM_ITRx_SetConfig)
    i.TIM_OC1_SetConfig                      0x08005e2c   Section        0  stm32f1xx_hal_tim.o(i.TIM_OC1_SetConfig)
    TIM_OC1_SetConfig                        0x08005e2d   Thumb Code    96  stm32f1xx_hal_tim.o(i.TIM_OC1_SetConfig)
    i.TIM_OC2_SetConfig                      0x08005e90   Section        0  stm32f1xx_hal_tim.o(i.TIM_OC2_SetConfig)
    i.TIM_OC3_SetConfig                      0x08005f00   Section        0  stm32f1xx_hal_tim.o(i.TIM_OC3_SetConfig)
    TIM_OC3_SetConfig                        0x08005f01   Thumb Code   104  stm32f1xx_hal_tim.o(i.TIM_OC3_SetConfig)
    i.TIM_OC4_SetConfig                      0x08005f6c   Section        0  stm32f1xx_hal_tim.o(i.TIM_OC4_SetConfig)
    TIM_OC4_SetConfig                        0x08005f6d   Thumb Code    74  stm32f1xx_hal_tim.o(i.TIM_OC4_SetConfig)
    i.TIM_TI1_ConfigInputStage               0x08005fbc   Section        0  stm32f1xx_hal_tim.o(i.TIM_TI1_ConfigInputStage)
    TIM_TI1_ConfigInputStage                 0x08005fbd   Thumb Code    42  stm32f1xx_hal_tim.o(i.TIM_TI1_ConfigInputStage)
    i.TIM_TI2_ConfigInputStage               0x08005fe6   Section        0  stm32f1xx_hal_tim.o(i.TIM_TI2_ConfigInputStage)
    TIM_TI2_ConfigInputStage                 0x08005fe7   Thumb Code    44  stm32f1xx_hal_tim.o(i.TIM_TI2_ConfigInputStage)
    i.Timer_off                              0x08006014   Section        0  vape.o(i.Timer_off)
    i.UsageFault_Handler                     0x08006038   Section        0  stm32f1xx_it.o(i.UsageFault_Handler)
    i.Varivatt                               0x0800603c   Section        0  vape.o(i.Varivatt)
    i.Varivolt                               0x080063e0   Section        0  vape.o(i.Varivolt)
    i.Vout                                   0x080066e0   Section        0  main.o(i.Vout)
    i._Error_Handler                         0x08006724   Section        0  main.o(i._Error_Handler)
    i.__0sprintf                             0x08006728   Section        0  printfa.o(i.__0sprintf)
    i.__scatterload_copy                     0x08006750   Section       14  handlers.o(i.__scatterload_copy)
    i.__scatterload_null                     0x0800675e   Section        2  handlers.o(i.__scatterload_null)
    i.__scatterload_zeroinit                 0x08006760   Section       14  handlers.o(i.__scatterload_zeroinit)
    i.__set_errno                            0x08006770   Section        0  errno.o(i.__set_errno)
    i._fp_digits                             0x0800677c   Section        0  printfa.o(i._fp_digits)
    _fp_digits                               0x0800677d   Thumb Code   366  printfa.o(i._fp_digits)
    i._printf_core                           0x08006900   Section        0  printfa.o(i._printf_core)
    _printf_core                             0x08006901   Thumb Code  1744  printfa.o(i._printf_core)
    i._printf_post_padding                   0x08006fdc   Section        0  printfa.o(i._printf_post_padding)
    _printf_post_padding                     0x08006fdd   Thumb Code    36  printfa.o(i._printf_post_padding)
    i._printf_pre_padding                    0x08007000   Section        0  printfa.o(i._printf_pre_padding)
    _printf_pre_padding                      0x08007001   Thumb Code    46  printfa.o(i._printf_pre_padding)
    i._sputc                                 0x0800702e   Section        0  printfa.o(i._sputc)
    _sputc                                   0x0800702f   Thumb Code    10  printfa.o(i._sputc)
    i.main                                   0x08007038   Section        0  main.o(i.main)
    i.sqrt                                   0x080075cc   Section        0  sqrt.o(i.sqrt)
    i.ssd1306_DrawPixel                      0x08007618   Section        0  ssd1306.o(i.ssd1306_DrawPixel)
    i.ssd1306_Fill                           0x08007658   Section        0  ssd1306.o(i.ssd1306_Fill)
    i.ssd1306_Init                           0x08007678   Section        0  ssd1306.o(i.ssd1306_Init)
    i.ssd1306_SetCursor                      0x08007748   Section        0  ssd1306.o(i.ssd1306_SetCursor)
    i.ssd1306_UpdateScreen                   0x08007754   Section        0  ssd1306.o(i.ssd1306_UpdateScreen)
    i.ssd1306_WriteChar                      0x0800779c   Section        0  ssd1306.o(i.ssd1306_WriteChar)
    i.ssd1306_WriteChar2                     0x08007834   Section        0  ssd1306.o(i.ssd1306_WriteChar2)
    i.ssd1306_WriteCommand                   0x080078dc   Section        0  ssd1306.o(i.ssd1306_WriteCommand)
    ssd1306_WriteCommand                     0x080078dd   Thumb Code    30  ssd1306.o(i.ssd1306_WriteCommand)
    i.ssd1306_WriteString                    0x08007900   Section        0  ssd1306.o(i.ssd1306_WriteString)
    i.ssd1306_WriteString2                   0x0800792c   Section        0  ssd1306.o(i.ssd1306_WriteString2)
    .constdata                               0x08007954   Section       24  system_stm32f1xx.o(.constdata)
    .constdata                               0x0800796c   Section    25650  fonts.o(.constdata)
    Font7x10                                 0x0800796c   Data        1900  fonts.o(.constdata)
    Font11x18                                0x080080d8   Data        3420  fonts.o(.constdata)
    Font16x26                                0x08009e88   Data        4940  fonts.o(.constdata)
    .constdata                               0x0800dd9e   Section      855  fonts3.o(.constdata)
    Font7x9_EN                               0x0800dd9e   Data         855  fonts3.o(.constdata)
    .constdata                               0x0800e0f5   Section      576  fonts3.o(.constdata)
    Font7x9_RU                               0x0800e0f5   Data         576  fonts3.o(.constdata)
    .conststring                             0x0800e338   Section      124  vape.o(.conststring)
    .data                                    0x20000000   Section        4  system_stm32f1xx.o(.data)
    .data                                    0x20000004   Section      124  main.o(.data)
    .data                                    0x20000080   Section       56  fonts.o(.data)
    .data                                    0x200000b8   Section        6  ssd1306.o(.data)
    SSD1306                                  0x200000b8   Data           6  ssd1306.o(.data)
    .data                                    0x200000c0   Section      668  vape.o(.data)
    .data                                    0x2000035c   Section       12  fonts3.o(.data)
    .data                                    0x20000368   Section        4  stm32f1xx_hal.o(.data)
    .data                                    0x2000036c   Section        4  errno.o(.data)
    _errno                                   0x2000036c   Data           4  errno.o(.data)
    .bss                                     0x20000370   Section      297  main.o(.bss)
    .bss                                     0x20000499   Section     1024  ssd1306.o(.bss)
    SSD1306_Buffer                           0x20000499   Data        1024  ssd1306.o(.bss)
    .bss                                     0x2000089c   Section     2048  eeprom.o(.bss)
    .bss                                     0x200010a0   Section       32  stm32f1xx_hal_flash.o(.bss)
    STACK                                    0x200010c0   Section     1024  startup_stm32f103xb.o(STACK)

    Global Symbols

    Symbol Name                              Value     Ov Type        Size  Object(Section)

    BuildAttributes$$THM_ISAv4$P$D$K$B$S$PE$A:L22UL41UL21$X:L11$S22US41US21$IEEE1$IW$USESV6$~STKCKD$USESV7$~SHL$OTIME$ROPI$IEEEJ$EBA8$MICROLIB$REQ8$PRES8$EABIv2 0x00000000   Number         0  anon$$obj.o ABSOLUTE
    __ARM_use_no_argv                        0x00000000   Number         0  main.o ABSOLUTE
    _printf_a                                0x00000000   Number         0  stubs.o ABSOLUTE
    _printf_c                                0x00000000   Number         0  stubs.o ABSOLUTE
    _printf_charcount                        0x00000000   Number         0  stubs.o ABSOLUTE
    _printf_d                                0x00000000   Number         0  stubs.o ABSOLUTE
    _printf_e                                0x00000000   Number         0  stubs.o ABSOLUTE
    _printf_f                                0x00000000   Number         0  stubs.o ABSOLUTE
    _printf_flags                            0x00000000   Number         0  stubs.o ABSOLUTE
    _printf_fp_dec                           0x00000000   Number         0  stubs.o ABSOLUTE
    _printf_fp_hex                           0x00000000   Number         0  stubs.o ABSOLUTE
    _printf_g                                0x00000000   Number         0  stubs.o ABSOLUTE
    _printf_i                                0x00000000   Number         0  stubs.o ABSOLUTE
    _printf_int_dec                          0x00000000   Number         0  stubs.o ABSOLUTE
    _printf_l                                0x00000000   Number         0  stubs.o ABSOLUTE
    _printf_lc                               0x00000000   Number         0  stubs.o ABSOLUTE
    _printf_ll                               0x00000000   Number         0  stubs.o ABSOLUTE
    _printf_lld                              0x00000000   Number         0  stubs.o ABSOLUTE
    _printf_lli                              0x00000000   Number         0  stubs.o ABSOLUTE
    _printf_llo                              0x00000000   Number         0  stubs.o ABSOLUTE
    _printf_llu                              0x00000000   Number         0  stubs.o ABSOLUTE
    _printf_llx                              0x00000000   Number         0  stubs.o ABSOLUTE
    _printf_longlong_dec                     0x00000000   Number         0  stubs.o ABSOLUTE
    _printf_longlong_hex                     0x00000000   Number         0  stubs.o ABSOLUTE
    _printf_longlong_oct                     0x00000000   Number         0  stubs.o ABSOLUTE
    _printf_ls                               0x00000000   Number         0  stubs.o ABSOLUTE
    _printf_mbtowc                           0x00000000   Number         0  stubs.o ABSOLUTE
    _printf_n                                0x00000000   Number         0  stubs.o ABSOLUTE
    _printf_o                                0x00000000   Number         0  stubs.o ABSOLUTE
    _printf_p                                0x00000000   Number         0  stubs.o ABSOLUTE
    _printf_percent                          0x00000000   Number         0  stubs.o ABSOLUTE
    _printf_pre_padding                      0x00000000   Number         0  stubs.o ABSOLUTE
    _printf_return_value                     0x00000000   Number         0  stubs.o ABSOLUTE
    _printf_s                                0x00000000   Number         0  stubs.o ABSOLUTE
    _printf_sizespec                         0x00000000   Number         0  stubs.o ABSOLUTE
    _printf_str                              0x00000000   Number         0  stubs.o ABSOLUTE
    _printf_truncate_signed                  0x00000000   Number         0  stubs.o ABSOLUTE
    _printf_truncate_unsigned                0x00000000   Number         0  stubs.o ABSOLUTE
    _printf_u                                0x00000000   Number         0  stubs.o ABSOLUTE
    _printf_wc                               0x00000000   Number         0  stubs.o ABSOLUTE
    _printf_wctomb                           0x00000000   Number         0  stubs.o ABSOLUTE
    _printf_widthprec                        0x00000000   Number         0  stubs.o ABSOLUTE
    _printf_x                                0x00000000   Number         0  stubs.o ABSOLUTE
    __cpp_initialize__aeabi_                  - Undefined Weak Reference
    __cxa_finalize                            - Undefined Weak Reference
    _clock_init                               - Undefined Weak Reference
    _microlib_exit                            - Undefined Weak Reference
    __Vectors_Size                           0x000000ec   Number         0  startup_stm32f103xb.o ABSOLUTE
    __Vectors                                0x08000000   Data           4  startup_stm32f103xb.o(RESET)
    __Vectors_End                            0x080000ec   Data           0  startup_stm32f103xb.o(RESET)
    __main                                   0x080000ed   Thumb Code     0  entry.o(.ARM.Collect$$$$00000000)
    _main_stk                                0x080000ed   Thumb Code     0  entry2.o(.ARM.Collect$$$$00000001)
    _main_scatterload                        0x080000f1   Thumb Code     0  entry5.o(.ARM.Collect$$$$00000004)
    __main_after_scatterload                 0x080000f5   Thumb Code     0  entry5.o(.ARM.Collect$$$$00000004)
    _main_clock                              0x080000f5   Thumb Code     0  entry7b.o(.ARM.Collect$$$$00000008)
    _main_cpp_init                           0x080000f5   Thumb Code     0  entry8b.o(.ARM.Collect$$$$0000000A)
    _main_init                               0x080000f5   Thumb Code     0  entry9a.o(.ARM.Collect$$$$0000000B)
    __rt_final_cpp                           0x080000fd   Thumb Code     0  entry10a.o(.ARM.Collect$$$$0000000D)
    __rt_final_exit                          0x080000fd   Thumb Code     0  entry11a.o(.ARM.Collect$$$$0000000F)
    Reset_Handler                            0x08000101   Thumb Code     8  startup_stm32f103xb.o(.text)
    ADC1_2_IRQHandler                        0x0800011b   Thumb Code     0  startup_stm32f103xb.o(.text)
    CAN1_RX1_IRQHandler                      0x0800011b   Thumb Code     0  startup_stm32f103xb.o(.text)
    CAN1_SCE_IRQHandler                      0x0800011b   Thumb Code     0  startup_stm32f103xb.o(.text)
    DMA1_Channel2_IRQHandler                 0x0800011b   Thumb Code     0  startup_stm32f103xb.o(.text)
    DMA1_Channel3_IRQHandler                 0x0800011b   Thumb Code     0  startup_stm32f103xb.o(.text)
    DMA1_Channel4_IRQHandler                 0x0800011b   Thumb Code     0  startup_stm32f103xb.o(.text)
    DMA1_Channel5_IRQHandler                 0x0800011b   Thumb Code     0  startup_stm32f103xb.o(.text)
    DMA1_Channel6_IRQHandler                 0x0800011b   Thumb Code     0  startup_stm32f103xb.o(.text)
    DMA1_Channel7_IRQHandler                 0x0800011b   Thumb Code     0  startup_stm32f103xb.o(.text)
    EXTI15_10_IRQHandler                     0x0800011b   Thumb Code     0  startup_stm32f103xb.o(.text)
    EXTI1_IRQHandler                         0x0800011b   Thumb Code     0  startup_stm32f103xb.o(.text)
    EXTI2_IRQHandler                         0x0800011b   Thumb Code     0  startup_stm32f103xb.o(.text)
    EXTI3_IRQHandler                         0x0800011b   Thumb Code     0  startup_stm32f103xb.o(.text)
    EXTI4_IRQHandler                         0x0800011b   Thumb Code     0  startup_stm32f103xb.o(.text)
    EXTI9_5_IRQHandler                       0x0800011b   Thumb Code     0  startup_stm32f103xb.o(.text)
    FLASH_IRQHandler                         0x0800011b   Thumb Code     0  startup_stm32f103xb.o(.text)
    I2C1_ER_IRQHandler                       0x0800011b   Thumb Code     0  startup_stm32f103xb.o(.text)
    I2C1_EV_IRQHandler                       0x0800011b   Thumb Code     0  startup_stm32f103xb.o(.text)
    I2C2_ER_IRQHandler                       0x0800011b   Thumb Code     0  startup_stm32f103xb.o(.text)
    I2C2_EV_IRQHandler                       0x0800011b   Thumb Code     0  startup_stm32f103xb.o(.text)
    PVD_IRQHandler                           0x0800011b   Thumb Code     0  startup_stm32f103xb.o(.text)
    RCC_IRQHandler                           0x0800011b   Thumb Code     0  startup_stm32f103xb.o(.text)
    RTC_Alarm_IRQHandler                     0x0800011b   Thumb Code     0  startup_stm32f103xb.o(.text)
    RTC_IRQHandler                           0x0800011b   Thumb Code     0  startup_stm32f103xb.o(.text)
    SPI1_IRQHandler                          0x0800011b   Thumb Code     0  startup_stm32f103xb.o(.text)
    SPI2_IRQHandler                          0x0800011b   Thumb Code     0  startup_stm32f103xb.o(.text)
    TAMPER_IRQHandler                        0x0800011b   Thumb Code     0  startup_stm32f103xb.o(.text)
    TIM1_BRK_IRQHandler                      0x0800011b   Thumb Code     0  startup_stm32f103xb.o(.text)
    TIM1_CC_IRQHandler                       0x0800011b   Thumb Code     0  startup_stm32f103xb.o(.text)
    TIM1_TRG_COM_IRQHandler                  0x0800011b   Thumb Code     0  startup_stm32f103xb.o(.text)
    TIM1_UP_IRQHandler                       0x0800011b   Thumb Code     0  startup_stm32f103xb.o(.text)
    TIM2_IRQHandler                          0x0800011b   Thumb Code     0  startup_stm32f103xb.o(.text)
    TIM3_IRQHandler                          0x0800011b   Thumb Code     0  startup_stm32f103xb.o(.text)
    TIM4_IRQHandler                          0x0800011b   Thumb Code     0  startup_stm32f103xb.o(.text)
    USART1_IRQHandler                        0x0800011b   Thumb Code     0  startup_stm32f103xb.o(.text)
    USART2_IRQHandler                        0x0800011b   Thumb Code     0  startup_stm32f103xb.o(.text)
    USART3_IRQHandler                        0x0800011b   Thumb Code     0  startup_stm32f103xb.o(.text)
    USBWakeUp_IRQHandler                     0x0800011b   Thumb Code     0  startup_stm32f103xb.o(.text)
    USB_HP_CAN1_TX_IRQHandler                0x0800011b   Thumb Code     0  startup_stm32f103xb.o(.text)
    USB_LP_CAN1_RX0_IRQHandler               0x0800011b   Thumb Code     0  startup_stm32f103xb.o(.text)
    WWDG_IRQHandler                          0x0800011b   Thumb Code     0  startup_stm32f103xb.o(.text)
    __aeabi_llsr                             0x08000125   Thumb Code    32  llushr.o(.text)
    _ll_ushift_r                             0x08000125   Thumb Code     0  llushr.o(.text)
    __aeabi_fadd                             0x08000145   Thumb Code   164  fadd.o(.text)
    __aeabi_fsub                             0x080001e9   Thumb Code     6  fadd.o(.text)
    __aeabi_frsub                            0x080001ef   Thumb Code     6  fadd.o(.text)
    __aeabi_fmul                             0x080001f5   Thumb Code   100  fmul.o(.text)
    __aeabi_fdiv                             0x08000259   Thumb Code   124  fdiv.o(.text)
    __aeabi_dadd                             0x080002d5   Thumb Code   322  dadd.o(.text)
    __aeabi_dsub                             0x08000417   Thumb Code     6  dadd.o(.text)
    __aeabi_drsub                            0x0800041d   Thumb Code     6  dadd.o(.text)
    __aeabi_dmul                             0x08000423   Thumb Code   228  dmul.o(.text)
    __aeabi_ddiv                             0x08000507   Thumb Code   222  ddiv.o(.text)
    __aeabi_i2f                              0x080005e5   Thumb Code    18  fflti.o(.text)
    __aeabi_ui2f                             0x080005f7   Thumb Code    10  ffltui.o(.text)
    __aeabi_i2d                              0x08000601   Thumb Code    34  dflti.o(.text)
    __aeabi_ui2d                             0x08000623   Thumb Code    26  dfltui.o(.text)
    __aeabi_f2iz                             0x0800063d   Thumb Code    50  ffixi.o(.text)
    __aeabi_d2uiz                            0x0800066f   Thumb Code    50  dfixui.o(.text)
    __aeabi_f2d                              0x080006a1   Thumb Code    38  f2d.o(.text)
    __aeabi_cdcmpeq                          0x080006c9   Thumb Code     0  cdcmple.o(.text)
    __aeabi_cdcmple                          0x080006c9   Thumb Code    48  cdcmple.o(.text)
    __aeabi_cdrcmple                         0x080006f9   Thumb Code    48  cdrcmple.o(.text)
    __aeabi_d2f                              0x08000729   Thumb Code    56  d2f.o(.text)
    __aeabi_cfcmpeq                          0x08000761   Thumb Code     0  cfcmple.o(.text)
    __aeabi_cfcmple                          0x08000761   Thumb Code    20  cfcmple.o(.text)
    __aeabi_cfrcmple                         0x08000775   Thumb Code    20  cfrcmple.o(.text)
    __aeabi_uidiv                            0x08000789   Thumb Code     0  uidiv.o(.text)
    __aeabi_uidivmod                         0x08000789   Thumb Code    44  uidiv.o(.text)
    __aeabi_uldivmod                         0x080007b5   Thumb Code    98  uldiv.o(.text)
    __aeabi_llsl                             0x08000817   Thumb Code    30  llshl.o(.text)
    _ll_shift_l                              0x08000817   Thumb Code     0  llshl.o(.text)
    __aeabi_lasr                             0x08000835   Thumb Code    36  llsshr.o(.text)
    _ll_sshift_r                             0x08000835   Thumb Code     0  llsshr.o(.text)
    __I$use$fp                               0x08000859   Thumb Code     0  iusefp.o(.text)
    _float_round                             0x08000859   Thumb Code    18  fepilogue.o(.text)
    _float_epilogue                          0x0800086b   Thumb Code    92  fepilogue.o(.text)
    _double_round                            0x080008c7   Thumb Code    30  depilogue.o(.text)
    _double_epilogue                         0x080008e5   Thumb Code   156  depilogue.o(.text)
    _dsqrt                                   0x08000981   Thumb Code   162  dsqrt.o(.text)
    __aeabi_d2ulz                            0x08000a23   Thumb Code    48  dfixul.o(.text)
    __scatterload                            0x08000a55   Thumb Code    28  init.o(.text)
    __scatterload_rt2                        0x08000a55   Thumb Code     0  init.o(.text)
    __decompress                             0x08000a79   Thumb Code     0  __dczerorl2.o(.text)
    __decompress1                            0x08000a79   Thumb Code    86  __dczerorl2.o(.text)
    ADC_ConversionStop_Disable               0x08000acf   Thumb Code    82  stm32f1xx_hal_adc.o(i.ADC_ConversionStop_Disable)
    ADC_DMAConvCplt                          0x08000b21   Thumb Code    82  stm32f1xx_hal_adc.o(i.ADC_DMAConvCplt)
    ADC_DMAError                             0x08000b73   Thumb Code    30  stm32f1xx_hal_adc.o(i.ADC_DMAError)
    ADC_DMAHalfConvCplt                      0x08000b91   Thumb Code    14  stm32f1xx_hal_adc.o(i.ADC_DMAHalfConvCplt)
    ADC_Enable                               0x08000ba1   Thumb Code   122  stm32f1xx_hal_adc.o(i.ADC_Enable)
    BusFault_Handler                         0x08000c25   Thumb Code     4  stm32f1xx_it.o(i.BusFault_Handler)
    Charge                                   0x08000c29   Thumb Code   178  vape.o(i.Charge)
    Counter_Fire                             0x08000cf9   Thumb Code    24  vape.o(i.Counter_Fire)
    DMA1_Channel1_IRQHandler                 0x08000d19   Thumb Code    10  stm32f1xx_it.o(i.DMA1_Channel1_IRQHandler)
    DebugMon_Handler                         0x08000d55   Thumb Code     2  stm32f1xx_it.o(i.DebugMon_Handler)
    Draw_Acumulator                          0x08000d57   Thumb Code   116  vape.o(i.Draw_Acumulator)
    Draw_Frame2                              0x08000dcb   Thumb Code    84  vape.o(i.Draw_Frame2)
    EE_Format                                0x08000e21   Thumb Code    60  eeprom.o(i.EE_Format)
    EE_Read                                  0x08000e61   Thumb Code    24  eeprom.o(i.EE_Read)
    EE_Readint                               0x08000e7d   Thumb Code    24  eeprom.o(i.EE_Readint)
    EE_Reads                                 0x08000e99   Thumb Code    44  eeprom.o(i.EE_Reads)
    EE_Write                                 0x08000ec9   Thumb Code   160  eeprom.o(i.EE_Write)
    EXTI0_IRQHandler                         0x08000f71   Thumb Code    10  stm32f1xx_it.o(i.EXTI0_IRQHandler)
    FLASH_PageErase                          0x08000fa5   Thumb Code    32  stm32f1xx_hal_flash_ex.o(i.FLASH_PageErase)
    FLASH_WaitForLastOperation               0x08001071   Thumb Code   106  stm32f1xx_hal_flash.o(i.FLASH_WaitForLastOperation)
    Get_Volt                                 0x080010e1   Thumb Code    56  vape.o(i.Get_Volt)
    Get_Watt                                 0x08001129   Thumb Code    56  vape.o(i.Get_Watt)
    HAL_ADCEx_Calibration_Start              0x08001171   Thumb Code   256  stm32f1xx_hal_adc_ex.o(i.HAL_ADCEx_Calibration_Start)
    HAL_ADC_ConfigChannel                    0x08001275   Thumb Code   338  stm32f1xx_hal_adc.o(i.HAL_ADC_ConfigChannel)
    HAL_ADC_ConvCpltCallback                 0x080013d5   Thumb Code    40  main.o(i.HAL_ADC_ConvCpltCallback)
    HAL_ADC_ConvHalfCpltCallback             0x08001409   Thumb Code     2  stm32f1xx_hal_adc.o(i.HAL_ADC_ConvHalfCpltCallback)
    HAL_ADC_ErrorCallback                    0x0800140b   Thumb Code     2  stm32f1xx_hal_adc.o(i.HAL_ADC_ErrorCallback)
    HAL_ADC_Init                             0x0800140d   Thumb Code   314  stm32f1xx_hal_adc.o(i.HAL_ADC_Init)
    HAL_ADC_MspInit                          0x08001551   Thumb Code   122  stm32f1xx_hal_msp.o(i.HAL_ADC_MspInit)
    HAL_ADC_Start_DMA                        0x080015fd   Thumb Code   362  stm32f1xx_hal_adc.o(i.HAL_ADC_Start_DMA)
    HAL_DMA_IRQHandler                       0x0800177d   Thumb Code   408  stm32f1xx_hal_dma.o(i.HAL_DMA_IRQHandler)
    HAL_DMA_Init                             0x08001919   Thumb Code   108  stm32f1xx_hal_dma.o(i.HAL_DMA_Init)
    HAL_DMA_Start_IT                         0x08001989   Thumb Code   156  stm32f1xx_hal_dma.o(i.HAL_DMA_Start_IT)
    HAL_Delay                                0x08001a25   Thumb Code    28  stm32f1xx_hal.o(i.HAL_Delay)
    HAL_FLASHEx_Erase                        0x08001a41   Thumb Code   168  stm32f1xx_hal_flash_ex.o(i.HAL_FLASHEx_Erase)
    HAL_FLASH_Lock                           0x08001af1   Thumb Code    16  stm32f1xx_hal_flash.o(i.HAL_FLASH_Lock)
    HAL_FLASH_Program                        0x08001b05   Thumb Code   168  stm32f1xx_hal_flash.o(i.HAL_FLASH_Program)
    HAL_FLASH_Unlock                         0x08001bb5   Thumb Code    30  stm32f1xx_hal_flash.o(i.HAL_FLASH_Unlock)
    HAL_GPIO_EXTI_Callback                   0x08001be1   Thumb Code     2  stm32f1xx_hal_gpio.o(i.HAL_GPIO_EXTI_Callback)
    HAL_GPIO_EXTI_IRQHandler                 0x08001be5   Thumb Code    24  stm32f1xx_hal_gpio.o(i.HAL_GPIO_EXTI_IRQHandler)
    HAL_GPIO_Init                            0x08001c01   Thumb Code   764  stm32f1xx_hal_gpio.o(i.HAL_GPIO_Init)
    HAL_GPIO_ReadPin                         0x08001f1d   Thumb Code    16  stm32f1xx_hal_gpio.o(i.HAL_GPIO_ReadPin)
    HAL_GPIO_WritePin                        0x08001f2d   Thumb Code    12  stm32f1xx_hal_gpio.o(i.HAL_GPIO_WritePin)
    HAL_GetTick                              0x08001f39   Thumb Code     6  stm32f1xx_hal.o(i.HAL_GetTick)
    HAL_I2C_Init                             0x08001f45   Thumb Code   286  stm32f1xx_hal_i2c.o(i.HAL_I2C_Init)
    HAL_I2C_Mem_Write                        0x0800206d   Thumb Code   384  stm32f1xx_hal_i2c.o(i.HAL_I2C_Mem_Write)
    HAL_I2C_MspInit                          0x080021f5   Thumb Code    66  stm32f1xx_hal_msp.o(i.HAL_I2C_MspInit)
    HAL_IncTick                              0x08002245   Thumb Code    10  stm32f1xx_hal.o(i.HAL_IncTick)
    HAL_Init                                 0x08002255   Thumb Code    32  stm32f1xx_hal.o(i.HAL_Init)
    HAL_InitTick                             0x08002279   Thumb Code    34  stm32f1xx_hal.o(i.HAL_InitTick)
    HAL_MspInit                              0x080022a1   Thumb Code   140  stm32f1xx_hal_msp.o(i.HAL_MspInit)
    HAL_NVIC_EnableIRQ                       0x08002335   Thumb Code    26  stm32f1xx_hal_cortex.o(i.HAL_NVIC_EnableIRQ)
    HAL_NVIC_SetPriority                     0x0800234f   Thumb Code   124  stm32f1xx_hal_cortex.o(i.HAL_NVIC_SetPriority)
    HAL_NVIC_SetPriorityGrouping             0x080023cd   Thumb Code    32  stm32f1xx_hal_cortex.o(i.HAL_NVIC_SetPriorityGrouping)
    HAL_PWR_EnterSTANDBYMode                 0x080023f5   Thumb Code    32  stm32f1xx_hal_pwr.o(i.HAL_PWR_EnterSTANDBYMode)
    HAL_RCCEx_GetPeriphCLKFreq               0x0800241d   Thumb Code   254  stm32f1xx_hal_rcc_ex.o(i.HAL_RCCEx_GetPeriphCLKFreq)
    HAL_RCCEx_PeriphCLKConfig                0x08002541   Thumb Code   290  stm32f1xx_hal_rcc_ex.o(i.HAL_RCCEx_PeriphCLKConfig)
    HAL_RCC_ClockConfig                      0x08002671   Thumb Code   402  stm32f1xx_hal_rcc.o(i.HAL_RCC_ClockConfig)
    HAL_RCC_GetHCLKFreq                      0x08002815   Thumb Code     6  stm32f1xx_hal_rcc.o(i.HAL_RCC_GetHCLKFreq)
    HAL_RCC_GetPCLK1Freq                     0x08002821   Thumb Code    22  stm32f1xx_hal_rcc.o(i.HAL_RCC_GetPCLK1Freq)
    HAL_RCC_GetPCLK2Freq                     0x08002841   Thumb Code    22  stm32f1xx_hal_rcc.o(i.HAL_RCC_GetPCLK2Freq)
    HAL_RCC_GetSysClockFreq                  0x08002861   Thumb Code   118  stm32f1xx_hal_rcc.o(i.HAL_RCC_GetSysClockFreq)
    HAL_RCC_OscConfig                        0x080028fd   Thumb Code  1078  stm32f1xx_hal_rcc.o(i.HAL_RCC_OscConfig)
    HAL_SYSTICK_CLKSourceConfig              0x08002d3d   Thumb Code    40  stm32f1xx_hal_cortex.o(i.HAL_SYSTICK_CLKSourceConfig)
    HAL_SYSTICK_Callback                     0x08002d65   Thumb Code     2  stm32f1xx_hal_cortex.o(i.HAL_SYSTICK_Callback)
    HAL_SYSTICK_Config                       0x08002d67   Thumb Code    52  stm32f1xx_hal_cortex.o(i.HAL_SYSTICK_Config)
    HAL_SYSTICK_IRQHandler                   0x08002d9b   Thumb Code     8  stm32f1xx_hal_cortex.o(i.HAL_SYSTICK_IRQHandler)
    HAL_TIMEx_ConfigBreakDeadTime            0x08002da3   Thumb Code   126  stm32f1xx_hal_tim_ex.o(i.HAL_TIMEx_ConfigBreakDeadTime)
    HAL_TIMEx_MasterConfigSynchronization    0x08002e21   Thumb Code    98  stm32f1xx_hal_tim_ex.o(i.HAL_TIMEx_MasterConfigSynchronization)
    HAL_TIM_Base_Init                        0x08002e83   Thumb Code    52  stm32f1xx_hal_tim.o(i.HAL_TIM_Base_Init)
    HAL_TIM_Base_MspInit                     0x08002eb9   Thumb Code    40  stm32f1xx_hal_msp.o(i.HAL_TIM_Base_MspInit)
    HAL_TIM_ConfigClockSource                0x08002ee9   Thumb Code   306  stm32f1xx_hal_tim.o(i.HAL_TIM_ConfigClockSource)
    HAL_TIM_MspPostInit                      0x0800301d   Thumb Code    32  stm32f1xx_hal_msp.o(i.HAL_TIM_MspPostInit)
    HAL_TIM_PWM_ConfigChannel                0x08003045   Thumb Code   264  stm32f1xx_hal_tim.o(i.HAL_TIM_PWM_ConfigChannel)
    HAL_TIM_PWM_Init                         0x0800314d   Thumb Code    52  stm32f1xx_hal_tim.o(i.HAL_TIM_PWM_Init)
    HAL_TIM_PWM_MspInit                      0x08003181   Thumb Code     2  stm32f1xx_hal_tim.o(i.HAL_TIM_PWM_MspInit)
    HAL_TIM_PWM_Start                        0x08003185   Thumb Code    60  stm32f1xx_hal_tim.o(i.HAL_TIM_PWM_Start)
    HardFault_Handler                        0x080031c5   Thumb Code     4  stm32f1xx_it.o(i.HardFault_Handler)
    Info                                     0x080034b1   Thumb Code   188  vape.o(i.Info)
    MemManage_Handler                        0x080038b5   Thumb Code     4  stm32f1xx_it.o(i.MemManage_Handler)
    Menu                                     0x080038b9   Thumb Code   520  vape.o(i.Menu)
    Menu_settings                            0x08003af1   Thumb Code   544  vape.o(i.Menu_settings)
    NMI_Handler                              0x08003d55   Thumb Code     2  stm32f1xx_it.o(i.NMI_Handler)
    NoCoil                                   0x08003d91   Thumb Code    26  vape.o(i.NoCoil)
    Out_Time                                 0x08003db9   Thumb Code    48  vape.o(i.Out_Time)
    PendSV_Handler                           0x08003dfd   Thumb Code     2  stm32f1xx_it.o(i.PendSV_Handler)
    PowerOn2                                 0x08003e01   Thumb Code   206  vape.o(i.PowerOn2)
    Power_click                              0x08003ef1   Thumb Code    70  vape.o(i.Power_click)
    Power_off                                0x08003f49   Thumb Code   174  vape.o(i.Power_off)
    Power_off2                               0x08004021   Thumb Code    38  vape.o(i.Power_off2)
    Print_Acum                               0x0800404d   Thumb Code   678  vape.o(i.Print_Acum)
    Print_Acum_charge                        0x08004351   Thumb Code  3968  vape.o(i.Print_Acum_charge)
    Print_Om                                 0x08005319   Thumb Code    26  vape.o(i.Print_Om)
    Print_Sec                                0x0800533d   Thumb Code    60  vape.o(i.Print_Sec)
    PuffsPrint                               0x08005391   Thumb Code   206  vape.o(i.PuffsPrint)
    Read_ADC                                 0x080054dd   Thumb Code   138  vape.o(i.Read_ADC)
    Read_Amp                                 0x08005589   Thumb Code   120  vape.o(i.Read_Amp)
    Read_Om_t                                0x0800561d   Thumb Code   144  vape.o(i.Read_Om_t)
    Read_temperature                         0x080056d1   Thumb Code   138  vape.o(i.Read_temperature)
    SSD1306_DrawFilledRectangle              0x08005795   Thumb Code    86  ssd1306.o(i.SSD1306_DrawFilledRectangle)
    SSD1306_DrawLine                         0x080057eb   Thumb Code   258  ssd1306.o(i.SSD1306_DrawLine)
    SSD1306_OFF                              0x080058ed   Thumb Code    24  ssd1306.o(i.SSD1306_OFF)
    SVC_Handler                              0x08005905   Thumb Code     2  stm32f1xx_it.o(i.SVC_Handler)
    Set_Out                                  0x08005909   Thumb Code   362  vape.o(i.Set_Out)
    Set_Time_Out                             0x08005ad5   Thumb Code   292  vape.o(i.Set_Time_Out)
    SysTick_Handler                          0x08005c49   Thumb Code    28  stm32f1xx_it.o(i.SysTick_Handler)
    SystemClock_Config                       0x08005c69   Thumb Code   158  main.o(i.SystemClock_Config)
    SystemInit                               0x08005d19   Thumb Code    70  system_stm32f1xx.o(i.SystemInit)
    TIM_Base_SetConfig                       0x08005d71   Thumb Code   102  stm32f1xx_hal_tim.o(i.TIM_Base_SetConfig)
    TIM_CCxChannelCmd                        0x08005de5   Thumb Code    28  stm32f1xx_hal_tim.o(i.TIM_CCxChannelCmd)
    TIM_OC2_SetConfig                        0x08005e91   Thumb Code   106  stm32f1xx_hal_tim.o(i.TIM_OC2_SetConfig)
    Timer_off                                0x08006015   Thumb Code    26  vape.o(i.Timer_off)
    UsageFault_Handler                       0x08006039   Thumb Code     4  stm32f1xx_it.o(i.UsageFault_Handler)
    Varivatt                                 0x0800603d   Thumb Code   764  vape.o(i.Varivatt)
    Varivolt                                 0x080063e1   Thumb Code   628  vape.o(i.Varivolt)
    Vout                                     0x080066e1   Thumb Code    46  main.o(i.Vout)
    _Error_Handler                           0x08006725   Thumb Code     4  main.o(i._Error_Handler)
    __0sprintf                               0x08006729   Thumb Code    34  printfa.o(i.__0sprintf)
    __1sprintf                               0x08006729   Thumb Code     0  printfa.o(i.__0sprintf)
    __2sprintf                               0x08006729   Thumb Code     0  printfa.o(i.__0sprintf)
    __c89sprintf                             0x08006729   Thumb Code     0  printfa.o(i.__0sprintf)
    sprintf                                  0x08006729   Thumb Code     0  printfa.o(i.__0sprintf)
    __scatterload_copy                       0x08006751   Thumb Code    14  handlers.o(i.__scatterload_copy)
    __scatterload_null                       0x0800675f   Thumb Code     2  handlers.o(i.__scatterload_null)
    __scatterload_zeroinit                   0x08006761   Thumb Code    14  handlers.o(i.__scatterload_zeroinit)
    __set_errno                              0x08006771   Thumb Code     6  errno.o(i.__set_errno)
    main                                     0x08007039   Thumb Code  1382  main.o(i.main)
    sqrt                                     0x080075cd   Thumb Code    76  sqrt.o(i.sqrt)
    ssd1306_DrawPixel                        0x08007619   Thumb Code    56  ssd1306.o(i.ssd1306_DrawPixel)
    ssd1306_Fill                             0x08007659   Thumb Code    28  ssd1306.o(i.ssd1306_Fill)
    ssd1306_Init                             0x08007679   Thumb Code   202  ssd1306.o(i.ssd1306_Init)
    ssd1306_SetCursor                        0x08007749   Thumb Code     8  ssd1306.o(i.ssd1306_SetCursor)
    ssd1306_UpdateScreen                     0x08007755   Thumb Code    64  ssd1306.o(i.ssd1306_UpdateScreen)
    ssd1306_WriteChar                        0x0800779d   Thumb Code   148  ssd1306.o(i.ssd1306_WriteChar)
    ssd1306_WriteChar2                       0x08007835   Thumb Code   162  ssd1306.o(i.ssd1306_WriteChar2)
    ssd1306_WriteString                      0x08007901   Thumb Code    44  ssd1306.o(i.ssd1306_WriteString)
    ssd1306_WriteString2                     0x0800792d   Thumb Code    40  ssd1306.o(i.ssd1306_WriteString2)
    AHBPrescTable                            0x08007954   Data          16  system_stm32f1xx.o(.constdata)
    APBPrescTable                            0x08007964   Data           8  system_stm32f1xx.o(.constdata)
    Font14x22                                0x08008e34   Data        4180  fonts.o(.constdata)
    Font16x25                                0x0800b1d4   Data        4750  fonts.o(.constdata)
    Font13x19                                0x0800c462   Data        3610  fonts.o(.constdata)
    Font10x15                                0x0800d27c   Data        2850  fonts.o(.constdata)
    Region$$Table$$Base                      0x0800e3b4   Number         0  anon$$obj.o(Region$$Table)
    Region$$Table$$Limit                     0x0800e3d4   Number         0  anon$$obj.o(Region$$Table)
    SystemCoreClock                          0x20000000   Data           4  system_stm32f1xx.o(.data)
    read_values                              0x20000004   Data           8  main.o(.data)
    voltageOut                               0x2000000c   Data           8  main.o(.data)
    voltage                                  0x20000014   Data           4  main.o(.data)
    voltage2                                 0x20000018   Data           5  main.o(.data)
    watt2                                    0x2000001d   Data           6  main.o(.data)
    V_sense                                  0x20000024   Data           4  main.o(.data)
    temp                                     0x20000028   Data           4  main.o(.data)
    tempP                                    0x2000002c   Data           6  main.o(.data)
    PWM_UP                                   0x20000032   Data           2  main.o(.data)
    volt_set                                 0x20000034   Data           4  main.o(.data)
    watt_set                                 0x20000038   Data           4  main.o(.data)
    volt_set_w                               0x2000003c   Data           4  main.o(.data)
    PWM_OUT                                  0x20000040   Data           2  main.o(.data)
    R_vape                                   0x20000044   Data           4  main.o(.data)
    R_buff                                   0x20000048   Data           4  main.o(.data)
    R_vape2                                  0x2000004c   Data           6  main.o(.data)
    status                                   0x20000052   Data           1  main.o(.data)
    old_status                               0x20000053   Data           1  main.o(.data)
    clearLCD                                 0x20000054   Data           1  main.o(.data)
    noCoil                                   0x20000055   Data           1  main.o(.data)
    counterCoil                              0x20000056   Data           1  main.o(.data)
    coilTest                                 0x20000057   Data           1  main.o(.data)
    FireButton                               0x20000058   Data           1  main.o(.data)
    temp_tik                                 0x2000005a   Data           2  main.o(.data)
    time_ADC                                 0x2000005c   Data           2  main.o(.data)
    charge                                   0x2000005e   Data           1  main.o(.data)
    clear                                    0x2000005f   Data           1  main.o(.data)
    tick_delay                               0x20000060   Data           4  main.o(.data)
    timeout                                  0x20000064   Data           4  main.o(.data)
    volt_set_eeprom                          0x20000068   Data           4  main.o(.data)
    watt_set_eeprom                          0x2000006c   Data           4  main.o(.data)
    status_eeprom                            0x20000070   Data           4  main.o(.data)
    puffs                                    0x20000074   Data           4  main.o(.data)
    powercount                               0x20000078   Data           4  main.o(.data)
    setout                                   0x2000007c   Data           4  main.o(.data)
    Font_7x10                                0x20000080   Data           8  fonts.o(.data)
    Font_11x18                               0x20000088   Data           8  fonts.o(.data)
    Font_14x22                               0x20000090   Data           8  fonts.o(.data)
    Font_16x26                               0x20000098   Data           8  fonts.o(.data)
    Font_16x25                               0x200000a0   Data           8  fonts.o(.data)
    Font_13x19                               0x200000a8   Data           8  fonts.o(.data)
    Font_10x15                               0x200000b0   Data           8  fonts.o(.data)
    click                                    0x200000c0   Data           1  vape.o(.data)
    ch_timestamp                             0x200000c1   Data           6  vape.o(.data)
    tik                                      0x200000c8   Data           2  vape.o(.data)
    i                                        0x200000cc   Data           4  vape.o(.data)
    st                                       0x200000d0   Data         264  vape.o(.data)
    st_settings                              0x200001d8   Data         336  vape.o(.data)
    m                                        0x20000328   Data           1  vape.o(.data)
    m2                                       0x20000329   Data           1  vape.o(.data)
    setout2                                  0x2000032a   Data           5  vape.o(.data)
    timeout2                                 0x2000032f   Data           5  vape.o(.data)
    amper                                    0x20000334   Data           4  vape.o(.data)
    amper_print                              0x20000338   Data           6  vape.o(.data)
    low_batt                                 0x2000033e   Data           1  vape.o(.data)
    coil_tik                                 0x2000033f   Data           1  vape.o(.data)
    puffs_print                              0x20000340   Data           8  vape.o(.data)
    Mn                                       0x20000348   Data           4  vape.o(.data)
    An                                       0x2000034c   Data           4  vape.o(.data)
    Mn1                                      0x20000350   Data           4  vape.o(.data)
    k                                        0x20000354   Data           4  vape.o(.data)
    temp_timestamp                           0x20000358   Data           4  vape.o(.data)
    Font_7x9                                 0x2000035c   Data          12  fonts3.o(.data)
    uwTick                                   0x20000368   Data           4  stm32f1xx_hal.o(.data)
    hadc1                                    0x20000370   Data          48  main.o(.bss)
    hdma_adc1                                0x200003a0   Data          68  main.o(.bss)
    hi2c1                                    0x200003e4   Data          84  main.o(.bss)
    htim1                                    0x20000438   Data          64  main.o(.bss)
    adc_buffer                               0x20000478   Data          12  main.o(.bss)
    value                                    0x20000484   Data          12  main.o(.bss)
    vOut2                                    0x20000490   Data           9  main.o(.bss)
    EEPROMPageBackup                         0x2000089c   Data        2048  eeprom.o(.bss)
    pFlash                                   0x200010a0   Data          32  stm32f1xx_hal_flash.o(.bss)
    __initial_sp                             0x200014c0   Data           0  startup_stm32f103xb.o(STACK)



==============================================================================

Memory Map of the image

  Image Entry point : 0x080000ed

  Load Region LR_IROM1 (Base: 0x08000000, Size: 0x0000e744, Max: 0x00010000, ABSOLUTE, COMPRESSED[0x0000e46c])

    Execution Region ER_IROM1 (Exec base: 0x08000000, Load base: 0x08000000, Size: 0x0000e3d4, Max: 0x00010000, ABSOLUTE)

    Exec Addr    Load Addr    Size         Type   Attr      Idx    E Section Name        Object

    0x08000000   0x08000000   0x000000ec   Data   RO          126    RESET               startup_stm32f103xb.o
    0x080000ec   0x080000ec   0x00000000   Code   RO         3399  * .ARM.Collect$$$$00000000  mc_w.l(entry.o)
    0x080000ec   0x080000ec   0x00000004   Code   RO         3701    .ARM.Collect$$$$00000001  mc_w.l(entry2.o)
    0x080000f0   0x080000f0   0x00000004   Code   RO         3704    .ARM.Collect$$$$00000004  mc_w.l(entry5.o)
    0x080000f4   0x080000f4   0x00000000   Code   RO         3706    .ARM.Collect$$$$00000008  mc_w.l(entry7b.o)
    0x080000f4   0x080000f4   0x00000000   Code   RO         3708    .ARM.Collect$$$$0000000A  mc_w.l(entry8b.o)
    0x080000f4   0x080000f4   0x00000008   Code   RO         3709    .ARM.Collect$$$$0000000B  mc_w.l(entry9a.o)
    0x080000fc   0x080000fc   0x00000000   Code   RO         3711    .ARM.Collect$$$$0000000D  mc_w.l(entry10a.o)
    0x080000fc   0x080000fc   0x00000000   Code   RO         3713    .ARM.Collect$$$$0000000F  mc_w.l(entry11a.o)
    0x080000fc   0x080000fc   0x00000004   Code   RO         3702    .ARM.Collect$$$$00002712  mc_w.l(entry2.o)
    0x08000100   0x08000100   0x00000024   Code   RO          127    .text               startup_stm32f103xb.o
    0x08000124   0x08000124   0x00000020   Code   RO         3402    .text               mc_w.l(llushr.o)
    0x08000144   0x08000144   0x000000b0   Code   RO         3665    .text               mf_w.l(fadd.o)
    0x080001f4   0x080001f4   0x00000064   Code   RO         3667    .text               mf_w.l(fmul.o)
    0x08000258   0x08000258   0x0000007c   Code   RO         3669    .text               mf_w.l(fdiv.o)
    0x080002d4   0x080002d4   0x0000014e   Code   RO         3671    .text               mf_w.l(dadd.o)
    0x08000422   0x08000422   0x000000e4   Code   RO         3673    .text               mf_w.l(dmul.o)
    0x08000506   0x08000506   0x000000de   Code   RO         3675    .text               mf_w.l(ddiv.o)
    0x080005e4   0x080005e4   0x00000012   Code   RO         3677    .text               mf_w.l(fflti.o)
    0x080005f6   0x080005f6   0x0000000a   Code   RO         3679    .text               mf_w.l(ffltui.o)
    0x08000600   0x08000600   0x00000022   Code   RO         3681    .text               mf_w.l(dflti.o)
    0x08000622   0x08000622   0x0000001a   Code   RO         3683    .text               mf_w.l(dfltui.o)
    0x0800063c   0x0800063c   0x00000032   Code   RO         3685    .text               mf_w.l(ffixi.o)
    0x0800066e   0x0800066e   0x00000032   Code   RO         3687    .text               mf_w.l(dfixui.o)
    0x080006a0   0x080006a0   0x00000026   Code   RO         3689    .text               mf_w.l(f2d.o)
    0x080006c6   0x080006c6   0x00000002   PAD
    0x080006c8   0x080006c8   0x00000030   Code   RO         3691    .text               mf_w.l(cdcmple.o)
    0x080006f8   0x080006f8   0x00000030   Code   RO         3693    .text               mf_w.l(cdrcmple.o)
    0x08000728   0x08000728   0x00000038   Code   RO         3695    .text               mf_w.l(d2f.o)
    0x08000760   0x08000760   0x00000014   Code   RO         3697    .text               mf_w.l(cfcmple.o)
    0x08000774   0x08000774   0x00000014   Code   RO         3699    .text               mf_w.l(cfrcmple.o)
    0x08000788   0x08000788   0x0000002c   Code   RO         3718    .text               mc_w.l(uidiv.o)
    0x080007b4   0x080007b4   0x00000062   Code   RO         3720    .text               mc_w.l(uldiv.o)
    0x08000816   0x08000816   0x0000001e   Code   RO         3722    .text               mc_w.l(llshl.o)
    0x08000834   0x08000834   0x00000024   Code   RO         3724    .text               mc_w.l(llsshr.o)
    0x08000858   0x08000858   0x00000000   Code   RO         3733    .text               mc_w.l(iusefp.o)
    0x08000858   0x08000858   0x0000006e   Code   RO         3734    .text               mf_w.l(fepilogue.o)
    0x080008c6   0x080008c6   0x000000ba   Code   RO         3736    .text               mf_w.l(depilogue.o)
    0x08000980   0x08000980   0x000000a2   Code   RO         3738    .text               mf_w.l(dsqrt.o)
    0x08000a22   0x08000a22   0x00000030   Code   RO         3740    .text               mf_w.l(dfixul.o)
    0x08000a52   0x08000a52   0x00000002   PAD
    0x08000a54   0x08000a54   0x00000024   Code   RO         3742    .text               mc_w.l(init.o)
    0x08000a78   0x08000a78   0x00000056   Code   RO         3754    .text               mc_w.l(__dczerorl2.o)
    0x08000ace   0x08000ace   0x00000052   Code   RO         1158    i.ADC_ConversionStop_Disable  stm32f1xx_hal_adc.o
    0x08000b20   0x08000b20   0x00000052   Code   RO         1159    i.ADC_DMAConvCplt   stm32f1xx_hal_adc.o
    0x08000b72   0x08000b72   0x0000001e   Code   RO         1160    i.ADC_DMAError      stm32f1xx_hal_adc.o
    0x08000b90   0x08000b90   0x0000000e   Code   RO         1161    i.ADC_DMAHalfConvCplt  stm32f1xx_hal_adc.o
    0x08000b9e   0x08000b9e   0x00000002   PAD
    0x08000ba0   0x08000ba0   0x00000084   Code   RO         1162    i.ADC_Enable        stm32f1xx_hal_adc.o
    0x08000c24   0x08000c24   0x00000004   Code   RO          134    i.BusFault_Handler  stm32f1xx_it.o
    0x08000c28   0x08000c28   0x000000d0   Code   RO          567    i.Charge            vape.o
    0x08000cf8   0x08000cf8   0x00000020   Code   RO          568    i.Counter_Fire      vape.o
    0x08000d18   0x08000d18   0x00000010   Code   RO          135    i.DMA1_Channel1_IRQHandler  stm32f1xx_it.o
    0x08000d28   0x08000d28   0x0000002c   Code   RO         3071    i.DMA_SetConfig     stm32f1xx_hal_dma.o
    0x08000d54   0x08000d54   0x00000002   Code   RO          136    i.DebugMon_Handler  stm32f1xx_it.o
    0x08000d56   0x08000d56   0x00000074   Code   RO          569    i.Draw_Acumulator   vape.o
    0x08000dca   0x08000dca   0x00000054   Code   RO          571    i.Draw_Frame2       vape.o
    0x08000e1e   0x08000e1e   0x00000002   PAD
    0x08000e20   0x08000e20   0x00000040   Code   RO          800    i.EE_Format         eeprom.o
    0x08000e60   0x08000e60   0x0000001c   Code   RO          801    i.EE_Read           eeprom.o
    0x08000e7c   0x08000e7c   0x0000001c   Code   RO          802    i.EE_Readint        eeprom.o
    0x08000e98   0x08000e98   0x00000030   Code   RO          803    i.EE_Reads          eeprom.o
    0x08000ec8   0x08000ec8   0x000000a8   Code   RO          804    i.EE_Write          eeprom.o
    0x08000f70   0x08000f70   0x0000000a   Code   RO          137    i.EXTI0_IRQHandler  stm32f1xx_it.o
    0x08000f7a   0x08000f7a   0x00000002   PAD
    0x08000f7c   0x08000f7c   0x00000028   Code   RO         2681    i.FLASH_MassErase   stm32f1xx_hal_flash_ex.o
    0x08000fa4   0x08000fa4   0x00000028   Code   RO         2690    i.FLASH_PageErase   stm32f1xx_hal_flash_ex.o
    0x08000fcc   0x08000fcc   0x00000020   Code   RO         3291    i.FLASH_Program_HalfWord  stm32f1xx_hal_flash.o
    0x08000fec   0x08000fec   0x00000084   Code   RO         3292    i.FLASH_SetErrorCode  stm32f1xx_hal_flash.o
    0x08001070   0x08001070   0x00000070   Code   RO         3293    i.FLASH_WaitForLastOperation  stm32f1xx_hal_flash.o
    0x080010e0   0x080010e0   0x00000048   Code   RO          572    i.Get_Volt          vape.o
    0x08001128   0x08001128   0x00000048   Code   RO          573    i.Get_Watt          vape.o
    0x08001170   0x08001170   0x00000104   Code   RO          874    i.HAL_ADCEx_Calibration_Start  stm32f1xx_hal_adc_ex.o
    0x08001274   0x08001274   0x00000160   Code   RO         1164    i.HAL_ADC_ConfigChannel  stm32f1xx_hal_adc.o
    0x080013d4   0x080013d4   0x00000034   Code   RO          226    i.HAL_ADC_ConvCpltCallback  main.o
    0x08001408   0x08001408   0x00000002   Code   RO         1166    i.HAL_ADC_ConvHalfCpltCallback  stm32f1xx_hal_adc.o
    0x0800140a   0x0800140a   0x00000002   Code   RO         1168    i.HAL_ADC_ErrorCallback  stm32f1xx_hal_adc.o
    0x0800140c   0x0800140c   0x00000144   Code   RO         1173    i.HAL_ADC_Init      stm32f1xx_hal_adc.o
    0x08001550   0x08001550   0x000000ac   Code   RO          328    i.HAL_ADC_MspInit   stm32f1xx_hal_msp.o
    0x080015fc   0x080015fc   0x00000180   Code   RO         1180    i.HAL_ADC_Start_DMA  stm32f1xx_hal_adc.o
    0x0800177c   0x0800177c   0x0000019c   Code   RO         3077    i.HAL_DMA_IRQHandler  stm32f1xx_hal_dma.o
    0x08001918   0x08001918   0x00000070   Code   RO         3078    i.HAL_DMA_Init      stm32f1xx_hal_dma.o
    0x08001988   0x08001988   0x0000009c   Code   RO         3082    i.HAL_DMA_Start_IT  stm32f1xx_hal_dma.o
    0x08001a24   0x08001a24   0x0000001c   Code   RO         2830    i.HAL_Delay         stm32f1xx_hal.o
    0x08001a40   0x08001a40   0x000000b0   Code   RO         2691    i.HAL_FLASHEx_Erase  stm32f1xx_hal_flash_ex.o
    0x08001af0   0x08001af0   0x00000014   Code   RO         3297    i.HAL_FLASH_Lock    stm32f1xx_hal_flash.o
    0x08001b04   0x08001b04   0x000000b0   Code   RO         3302    i.HAL_FLASH_Program  stm32f1xx_hal_flash.o
    0x08001bb4   0x08001bb4   0x0000002c   Code   RO         3304    i.HAL_FLASH_Unlock  stm32f1xx_hal_flash.o
    0x08001be0   0x08001be0   0x00000002   Code   RO         1093    i.HAL_GPIO_EXTI_Callback  stm32f1xx_hal_gpio.o
    0x08001be2   0x08001be2   0x00000002   PAD
    0x08001be4   0x08001be4   0x0000001c   Code   RO         1094    i.HAL_GPIO_EXTI_IRQHandler  stm32f1xx_hal_gpio.o
    0x08001c00   0x08001c00   0x0000031c   Code   RO         1095    i.HAL_GPIO_Init     stm32f1xx_hal_gpio.o
    0x08001f1c   0x08001f1c   0x00000010   Code   RO         1097    i.HAL_GPIO_ReadPin  stm32f1xx_hal_gpio.o
    0x08001f2c   0x08001f2c   0x0000000c   Code   RO         1099    i.HAL_GPIO_WritePin  stm32f1xx_hal_gpio.o
    0x08001f38   0x08001f38   0x0000000c   Code   RO         2834    i.HAL_GetTick       stm32f1xx_hal.o
    0x08001f44   0x08001f44   0x00000128   Code   RO         2259    i.HAL_I2C_Init      stm32f1xx_hal_i2c.o
    0x0800206c   0x0800206c   0x00000188   Code   RO         2278    i.HAL_I2C_Mem_Write  stm32f1xx_hal_i2c.o
    0x080021f4   0x080021f4   0x00000050   Code   RO          330    i.HAL_I2C_MspInit   stm32f1xx_hal_msp.o
    0x08002244   0x08002244   0x00000010   Code   RO         2836    i.HAL_IncTick       stm32f1xx_hal.o
    0x08002254   0x08002254   0x00000024   Code   RO         2837    i.HAL_Init          stm32f1xx_hal.o
    0x08002278   0x08002278   0x00000028   Code   RO         2838    i.HAL_InitTick      stm32f1xx_hal.o
    0x080022a0   0x080022a0   0x00000094   Code   RO          331    i.HAL_MspInit       stm32f1xx_hal_msp.o
    0x08002334   0x08002334   0x0000001a   Code   RO          972    i.HAL_NVIC_EnableIRQ  stm32f1xx_hal_cortex.o
    0x0800234e   0x0800234e   0x0000007c   Code   RO          978    i.HAL_NVIC_SetPriority  stm32f1xx_hal_cortex.o
    0x080023ca   0x080023ca   0x00000002   PAD
    0x080023cc   0x080023cc   0x00000028   Code   RO          979    i.HAL_NVIC_SetPriorityGrouping  stm32f1xx_hal_cortex.o
    0x080023f4   0x080023f4   0x00000028   Code   RO         3179    i.HAL_PWR_EnterSTANDBYMode  stm32f1xx_hal_pwr.o
    0x0800241c   0x0800241c   0x00000124   Code   RO         2788    i.HAL_RCCEx_GetPeriphCLKFreq  stm32f1xx_hal_rcc_ex.o
    0x08002540   0x08002540   0x00000130   Code   RO         2789    i.HAL_RCCEx_PeriphCLKConfig  stm32f1xx_hal_rcc_ex.o
    0x08002670   0x08002670   0x000001a4   Code   RO         2965    i.HAL_RCC_ClockConfig  stm32f1xx_hal_rcc.o
    0x08002814   0x08002814   0x0000000c   Code   RO         2970    i.HAL_RCC_GetHCLKFreq  stm32f1xx_hal_rcc.o
    0x08002820   0x08002820   0x00000020   Code   RO         2972    i.HAL_RCC_GetPCLK1Freq  stm32f1xx_hal_rcc.o
    0x08002840   0x08002840   0x00000020   Code   RO         2973    i.HAL_RCC_GetPCLK2Freq  stm32f1xx_hal_rcc.o
    0x08002860   0x08002860   0x0000009c   Code   RO         2974    i.HAL_RCC_GetSysClockFreq  stm32f1xx_hal_rcc.o
    0x080028fc   0x080028fc   0x00000440   Code   RO         2977    i.HAL_RCC_OscConfig  stm32f1xx_hal_rcc.o
    0x08002d3c   0x08002d3c   0x00000028   Code   RO          981    i.HAL_SYSTICK_CLKSourceConfig  stm32f1xx_hal_cortex.o
    0x08002d64   0x08002d64   0x00000002   Code   RO          982    i.HAL_SYSTICK_Callback  stm32f1xx_hal_cortex.o
    0x08002d66   0x08002d66   0x00000034   Code   RO          983    i.HAL_SYSTICK_Config  stm32f1xx_hal_cortex.o
    0x08002d9a   0x08002d9a   0x00000008   Code   RO          984    i.HAL_SYSTICK_IRQHandler  stm32f1xx_hal_cortex.o
    0x08002da2   0x08002da2   0x0000007e   Code   RO         1340    i.HAL_TIMEx_ConfigBreakDeadTime  stm32f1xx_hal_tim_ex.o
    0x08002e20   0x08002e20   0x00000062   Code   RO         1355    i.HAL_TIMEx_MasterConfigSynchronization  stm32f1xx_hal_tim_ex.o
    0x08002e82   0x08002e82   0x00000034   Code   RO         1609    i.HAL_TIM_Base_Init  stm32f1xx_hal_tim.o
    0x08002eb6   0x08002eb6   0x00000002   PAD
    0x08002eb8   0x08002eb8   0x00000030   Code   RO          333    i.HAL_TIM_Base_MspInit  stm32f1xx_hal_msp.o
    0x08002ee8   0x08002ee8   0x00000132   Code   RO         1618    i.HAL_TIM_ConfigClockSource  stm32f1xx_hal_tim.o
    0x0800301a   0x0800301a   0x00000002   PAD
    0x0800301c   0x0800301c   0x00000028   Code   RO          334    i.HAL_TIM_MspPostInit  stm32f1xx_hal_msp.o
    0x08003044   0x08003044   0x00000108   Code   RO         1675    i.HAL_TIM_PWM_ConfigChannel  stm32f1xx_hal_tim.o
    0x0800314c   0x0800314c   0x00000034   Code   RO         1678    i.HAL_TIM_PWM_Init  stm32f1xx_hal_tim.o
    0x08003180   0x08003180   0x00000002   Code   RO         1680    i.HAL_TIM_PWM_MspInit  stm32f1xx_hal_tim.o
    0x08003182   0x08003182   0x00000002   PAD
    0x08003184   0x08003184   0x00000040   Code   RO         1682    i.HAL_TIM_PWM_Start  stm32f1xx_hal_tim.o
    0x080031c4   0x080031c4   0x00000004   Code   RO          138    i.HardFault_Handler  stm32f1xx_it.o
    0x080031c8   0x080031c8   0x00000034   Code   RO         2297    i.I2C_IsAcknowledgeFailed  stm32f1xx_hal_i2c.o
    0x080031fc   0x080031fc   0x000000e0   Code   RO         2308    i.I2C_RequestMemoryWrite  stm32f1xx_hal_i2c.o
    0x080032dc   0x080032dc   0x00000056   Code   RO         2316    i.I2C_WaitOnBTFFlagUntilTimeout  stm32f1xx_hal_i2c.o
    0x08003332   0x08003332   0x0000007c   Code   RO         2317    i.I2C_WaitOnFlagUntilTimeout  stm32f1xx_hal_i2c.o
    0x080033ae   0x080033ae   0x000000ac   Code   RO         2318    i.I2C_WaitOnMasterAddressFlagUntilTimeout  stm32f1xx_hal_i2c.o
    0x0800345a   0x0800345a   0x00000056   Code   RO         2321    i.I2C_WaitOnTXEFlagUntilTimeout  stm32f1xx_hal_i2c.o
    0x080034b0   0x080034b0   0x00000118   Code   RO          574    i.Info              vape.o
    0x080035c8   0x080035c8   0x000000ac   Code   RO          227    i.MX_ADC1_Init      main.o
    0x08003674   0x08003674   0x00000034   Code   RO          228    i.MX_DMA_Init       main.o
    0x080036a8   0x080036a8   0x000000c4   Code   RO          229    i.MX_GPIO_Init      main.o
    0x0800376c   0x0800376c   0x00000054   Code   RO          230    i.MX_I2C1_Init      main.o
    0x080037c0   0x080037c0   0x000000f4   Code   RO          231    i.MX_TIM1_Init      main.o
    0x080038b4   0x080038b4   0x00000004   Code   RO          139    i.MemManage_Handler  stm32f1xx_it.o
    0x080038b8   0x080038b8   0x00000238   Code   RO          577    i.Menu              vape.o
    0x08003af0   0x08003af0   0x00000264   Code   RO          578    i.Menu_settings     vape.o
    0x08003d54   0x08003d54   0x00000002   Code   RO          140    i.NMI_Handler       stm32f1xx_it.o
    0x08003d56   0x08003d56   0x00000002   PAD
    0x08003d58   0x08003d58   0x00000010   Code   RO          985    i.NVIC_GetPriorityGrouping  stm32f1xx_hal_cortex.o
    0x08003d68   0x08003d68   0x00000028   Code   RO          986    i.NVIC_SetPriority  stm32f1xx_hal_cortex.o
    0x08003d90   0x08003d90   0x00000028   Code   RO          579    i.NoCoil            vape.o
    0x08003db8   0x08003db8   0x00000044   Code   RO          580    i.Out_Time          vape.o
    0x08003dfc   0x08003dfc   0x00000002   Code   RO          141    i.PendSV_Handler    stm32f1xx_it.o
    0x08003dfe   0x08003dfe   0x00000002   PAD
    0x08003e00   0x08003e00   0x000000f0   Code   RO          582    i.PowerOn2          vape.o
    0x08003ef0   0x08003ef0   0x00000058   Code   RO          583    i.Power_click       vape.o
    0x08003f48   0x08003f48   0x000000d8   Code   RO          584    i.Power_off         vape.o
    0x08004020   0x08004020   0x0000002c   Code   RO          585    i.Power_off2        vape.o
    0x0800404c   0x0800404c   0x00000304   Code   RO          587    i.Print_Acum        vape.o
    0x08004350   0x08004350   0x00000fc8   Code   RO          588    i.Print_Acum_charge  vape.o
    0x08005318   0x08005318   0x00000024   Code   RO          589    i.Print_Om          vape.o
    0x0800533c   0x0800533c   0x00000054   Code   RO          590    i.Print_Sec         vape.o
    0x08005390   0x08005390   0x00000124   Code   RO          591    i.PuffsPrint        vape.o
    0x080054b4   0x080054b4   0x00000028   Code   RO         2978    i.RCC_Delay         stm32f1xx_hal_rcc.o
    0x080054dc   0x080054dc   0x000000ac   Code   RO          592    i.Read_ADC          vape.o
    0x08005588   0x08005588   0x00000094   Code   RO          593    i.Read_Amp          vape.o
    0x0800561c   0x0800561c   0x000000b4   Code   RO          594    i.Read_Om_t         vape.o
    0x080056d0   0x080056d0   0x000000c4   Code   RO          596    i.Read_temperature  vape.o
    0x08005794   0x08005794   0x00000056   Code   RO          421    i.SSD1306_DrawFilledRectangle  ssd1306.o
    0x080057ea   0x080057ea   0x00000102   Code   RO          423    i.SSD1306_DrawLine  ssd1306.o
    0x080058ec   0x080058ec   0x00000018   Code   RO          426    i.SSD1306_OFF       ssd1306.o
    0x08005904   0x08005904   0x00000002   Code   RO          142    i.SVC_Handler       stm32f1xx_it.o
    0x08005906   0x08005906   0x00000002   PAD
    0x08005908   0x08005908   0x000001cc   Code   RO          597    i.Set_Out           vape.o
    0x08005ad4   0x08005ad4   0x00000174   Code   RO          598    i.Set_Time_Out      vape.o
    0x08005c48   0x08005c48   0x00000020   Code   RO          143    i.SysTick_Handler   stm32f1xx_it.o
    0x08005c68   0x08005c68   0x000000b0   Code   RO          232    i.SystemClock_Config  main.o
    0x08005d18   0x08005d18   0x00000058   Code   RO            5    i.SystemInit        system_stm32f1xx.o
    0x08005d70   0x08005d70   0x00000074   Code   RO         1693    i.TIM_Base_SetConfig  stm32f1xx_hal_tim.o
    0x08005de4   0x08005de4   0x0000001c   Code   RO         1694    i.TIM_CCxChannelCmd  stm32f1xx_hal_tim.o
    0x08005e00   0x08005e00   0x00000018   Code   RO         1700    i.TIM_ETR_SetConfig  stm32f1xx_hal_tim.o
    0x08005e18   0x08005e18   0x00000014   Code   RO         1701    i.TIM_ITRx_SetConfig  stm32f1xx_hal_tim.o
    0x08005e2c   0x08005e2c   0x00000064   Code   RO         1702    i.TIM_OC1_SetConfig  stm32f1xx_hal_tim.o
    0x08005e90   0x08005e90   0x00000070   Code   RO         1703    i.TIM_OC2_SetConfig  stm32f1xx_hal_tim.o
    0x08005f00   0x08005f00   0x0000006c   Code   RO         1704    i.TIM_OC3_SetConfig  stm32f1xx_hal_tim.o
    0x08005f6c   0x08005f6c   0x00000050   Code   RO         1705    i.TIM_OC4_SetConfig  stm32f1xx_hal_tim.o
    0x08005fbc   0x08005fbc   0x0000002a   Code   RO         1707    i.TIM_TI1_ConfigInputStage  stm32f1xx_hal_tim.o
    0x08005fe6   0x08005fe6   0x0000002c   Code   RO         1709    i.TIM_TI2_ConfigInputStage  stm32f1xx_hal_tim.o
    0x08006012   0x08006012   0x00000002   PAD
    0x08006014   0x08006014   0x00000024   Code   RO          599    i.Timer_off         vape.o
    0x08006038   0x08006038   0x00000004   Code   RO          144    i.UsageFault_Handler  stm32f1xx_it.o
    0x0800603c   0x0800603c   0x000003a4   Code   RO          600    i.Varivatt          vape.o
    0x080063e0   0x080063e0   0x00000300   Code   RO          601    i.Varivolt          vape.o
    0x080066e0   0x080066e0   0x00000044   Code   RO          233    i.Vout              main.o
    0x08006724   0x08006724   0x00000004   Code   RO          234    i._Error_Handler    main.o
    0x08006728   0x08006728   0x00000028   Code   RO         3639    i.__0sprintf        mc_w.l(printfa.o)
    0x08006750   0x08006750   0x0000000e   Code   RO         3748    i.__scatterload_copy  mc_w.l(handlers.o)
    0x0800675e   0x0800675e   0x00000002   Code   RO         3749    i.__scatterload_null  mc_w.l(handlers.o)
    0x08006760   0x08006760   0x0000000e   Code   RO         3750    i.__scatterload_zeroinit  mc_w.l(handlers.o)
    0x0800676e   0x0800676e   0x00000002   PAD
    0x08006770   0x08006770   0x0000000c   Code   RO         3728    i.__set_errno       mc_w.l(errno.o)
    0x0800677c   0x0800677c   0x00000184   Code   RO         3644    i._fp_digits        mc_w.l(printfa.o)
    0x08006900   0x08006900   0x000006dc   Code   RO         3645    i._printf_core      mc_w.l(printfa.o)
    0x08006fdc   0x08006fdc   0x00000024   Code   RO         3646    i._printf_post_padding  mc_w.l(printfa.o)
    0x08007000   0x08007000   0x0000002e   Code   RO         3647    i._printf_pre_padding  mc_w.l(printfa.o)
    0x0800702e   0x0800702e   0x0000000a   Code   RO         3649    i._sputc            mc_w.l(printfa.o)
    0x08007038   0x08007038   0x00000594   Code   RO          235    i.main              main.o
    0x080075cc   0x080075cc   0x0000004c   Code   RO         3392    i.sqrt              m_ws.l(sqrt.o)
    0x08007618   0x08007618   0x00000040   Code   RO          428    i.ssd1306_DrawPixel  ssd1306.o
    0x08007658   0x08007658   0x00000020   Code   RO          429    i.ssd1306_Fill      ssd1306.o
    0x08007678   0x08007678   0x000000d0   Code   RO          430    i.ssd1306_Init      ssd1306.o
    0x08007748   0x08007748   0x0000000c   Code   RO          431    i.ssd1306_SetCursor  ssd1306.o
    0x08007754   0x08007754   0x00000048   Code   RO          432    i.ssd1306_UpdateScreen  ssd1306.o
    0x0800779c   0x0800779c   0x00000098   Code   RO          433    i.ssd1306_WriteChar  ssd1306.o
    0x08007834   0x08007834   0x000000a8   Code   RO          434    i.ssd1306_WriteChar2  ssd1306.o
    0x080078dc   0x080078dc   0x00000024   Code   RO          435    i.ssd1306_WriteCommand  ssd1306.o
    0x08007900   0x08007900   0x0000002c   Code   RO          436    i.ssd1306_WriteString  ssd1306.o
    0x0800792c   0x0800792c   0x00000028   Code   RO          437    i.ssd1306_WriteString2  ssd1306.o
    0x08007954   0x08007954   0x00000018   Data   RO            6    .constdata          system_stm32f1xx.o
    0x0800796c   0x0800796c   0x00006432   Data   RO          394    .constdata          fonts.o
    0x0800dd9e   0x0800dd9e   0x00000357   Data   RO          857    .constdata          fonts3.o
    0x0800e0f5   0x0800e0f5   0x00000240   Data   RO          858    .constdata          fonts3.o
    0x0800e335   0x0800e335   0x00000003   PAD
    0x0800e338   0x0800e338   0x0000007c   Data   RO          602    .conststring        vape.o
    0x0800e3b4   0x0800e3b4   0x00000020   Data   RO         3746    Region$$Table       anon$$obj.o


    Execution Region RW_IRAM1 (Exec base: 0x20000000, Load base: 0x0800e3d4, Size: 0x000014c0, Max: 0x00005000, ABSOLUTE, COMPRESSED[0x00000098])

    Exec Addr    Load Addr    Size         Type   Attr      Idx    E Section Name        Object

    0x20000000   COMPRESSED   0x00000004   Data   RW            7    .data               system_stm32f1xx.o
    0x20000004   COMPRESSED   0x0000007c   Data   RW          237    .data               main.o
    0x20000080   COMPRESSED   0x00000038   Data   RW          395    .data               fonts.o
    0x200000b8   COMPRESSED   0x00000006   Data   RW          440    .data               ssd1306.o
    0x200000be   COMPRESSED   0x00000002   PAD
    0x200000c0   COMPRESSED   0x0000029c   Data   RW          603    .data               vape.o
    0x2000035c   COMPRESSED   0x0000000c   Data   RW          859    .data               fonts3.o
    0x20000368   COMPRESSED   0x00000004   Data   RW         2843    .data               stm32f1xx_hal.o
    0x2000036c   COMPRESSED   0x00000004   Data   RW         3729    .data               mc_w.l(errno.o)
    0x20000370        -       0x00000129   Zero   RW          236    .bss                main.o
    0x20000499        -       0x00000400   Zero   RW          439    .bss                ssd1306.o
    0x20000899   COMPRESSED   0x00000003   PAD
    0x2000089c        -       0x00000800   Zero   RW          806    .bss                eeprom.o
    0x2000109c   COMPRESSED   0x00000004   PAD
    0x200010a0        -       0x00000020   Zero   RW         3305    .bss                stm32f1xx_hal_flash.o
    0x200010c0        -       0x00000400   Zero   RW          124    STACK               startup_stm32f103xb.o


==============================================================================

Image component sizes


      Code (inc. data)   RO Data    RW Data    ZI Data      Debug   Object Name

       336         24          0          0       2048       3760   eeprom.o
         0          0      25650         56          0       1334   fonts.o
         0          0       1431         12          0        871   fonts3.o
      2476        364          0        124        297       8320   main.o
      1196         46          0          6       1024      10380   ssd1306.o
        36          8        236          0       1024        756   startup_stm32f103xb.o
       132         22          0          4          0       3555   stm32f1xx_hal.o
      1404         56          0          0          0       7579   stm32f1xx_hal_adc.o
       260          4          0          0          0       1422   stm32f1xx_hal_adc_ex.o
       348         22          0          0          0      27677   stm32f1xx_hal_cortex.o
       724          8          0          0          0       3415   stm32f1xx_hal_dma.o
       516         50          0          0         32       4062   stm32f1xx_hal_flash.o
       256         26          0          0          0       2491   stm32f1xx_hal_flash_ex.o
       854         36          0          0          0       4351   stm32f1xx_hal_gpio.o
      1432         24          0          0          0       7659   stm32f1xx_hal_i2c.o
       488         88          0          0          0       3231   stm32f1xx_hal_msp.o
        40          8          0          0          0        507   stm32f1xx_hal_pwr.o
      1780        114          0          0          0       5816   stm32f1xx_hal_rcc.o
       596         52          0          0          0       2361   stm32f1xx_hal_rcc_ex.o
      1414         38          0          0          0      11326   stm32f1xx_hal_tim.o
       224          0          0          0          0       1900   stm32f1xx_hal_tim_ex.o
        82         10          0          0          0       4568   stm32f1xx_it.o
        88         18         24          4          0     457603   system_stm32f1xx.o
     11228       1730        124        668          0      18510   vape.o

    ----------------------------------------------------------------------
     25934       2748      27500        876       4432     593454   Object Totals
         0          0         32          0          0          0   (incl. Generated)
        24          0          3          2          7          0   (incl. Padding)

    ----------------------------------------------------------------------

      Code (inc. data)   RO Data    RW Data    ZI Data      Debug   Library Member Name

        76          0          0          0          0         84   sqrt.o
        86          0          0          0          0          0   __dczerorl2.o
         0          0          0          0          0          0   entry.o
         0          0          0          0          0          0   entry10a.o
         0          0          0          0          0          0   entry11a.o
         8          4          0          0          0          0   entry2.o
         4          0          0          0          0          0   entry5.o
         0          0          0          0          0          0   entry7b.o
         0          0          0          0          0          0   entry8b.o
         8          4          0          0          0          0   entry9a.o
        12          6          0          4          0         68   errno.o
        30          0          0          0          0          0   handlers.o
        36          8          0          0          0         68   init.o
         0          0          0          0          0          0   iusefp.o
        30          0          0          0          0         68   llshl.o
        36          0          0          0          0         68   llsshr.o
        32          0          0          0          0         68   llushr.o
      2276         86          0          0          0        520   printfa.o
        44          0          0          0          0         80   uidiv.o
        98          0          0          0          0         92   uldiv.o
        48          0          0          0          0         68   cdcmple.o
        48          0          0          0          0         68   cdrcmple.o
        20          0          0          0          0         68   cfcmple.o
        20          0          0          0          0         68   cfrcmple.o
        56          0          0          0          0         88   d2f.o
       334          0          0          0          0        148   dadd.o
       222          0          0          0          0        100   ddiv.o
       186          0          0          0          0        176   depilogue.o
        50          0          0          0          0         76   dfixui.o
        48          0          0          0          0         68   dfixul.o
        34          0          0          0          0         76   dflti.o
        26          0          0          0          0         76   dfltui.o
       228          0          0          0          0         96   dmul.o
       162          0          0          0          0        100   dsqrt.o
        38          0          0          0          0         68   f2d.o
       176          0          0          0          0        140   fadd.o
       124          0          0          0          0         88   fdiv.o
       110          0          0          0          0        168   fepilogue.o
        50          0          0          0          0         68   ffixi.o
        18          0          0          0          0         68   fflti.o
        10          0          0          0          0         68   ffltui.o
       100          0          0          0          0         76   fmul.o

    ----------------------------------------------------------------------
      4890        108          0          4          0       3136   Library Totals
         6          0          0          0          0          0   (incl. Padding)

    ----------------------------------------------------------------------

      Code (inc. data)   RO Data    RW Data    ZI Data      Debug   Library Name

        76          0          0          0          0         84   m_ws.l
      2700        108          0          4          0       1032   mc_w.l
      2108          0          0          0          0       2020   mf_w.l

    ----------------------------------------------------------------------
      4890        108          0          4          0       3136   Library Totals

    ----------------------------------------------------------------------

==============================================================================


      Code (inc. data)   RO Data    RW Data    ZI Data      Debug   

     30824       2856      27500        880       4432     587358   Grand Totals
     30824       2856      27500        152       4432     587358   ELF Image Totals (compressed)
     30824       2856      27500        152          0          0   ROM Totals

==============================================================================

    Total RO  Size (Code + RO Data)                58324 (  56.96kB)
    Total RW  Size (RW Data + ZI Data)              5312 (   5.19kB)
    Total ROM Size (Code + RO Data + RW Data)      58476 (  57.11kB)

==============================================================================

